BL51 BANKED LINKER/LOCATER V5.03              10/15/2019  14:23:02  PAGE 1


BL51 BANKED LINKER/LOCATER V5.03, INVOKED BY:
D:\KEIL\C51\BIN\BL51.EXE C:\Users\soroka\Desktop\TBTS_05_10_2019\main.obj TO C
>> :\Users\soroka\Desktop\TBTS_05_10_2019\TBTS15 RS (256) PL (68) PW (78)


MEMORY MODEL: SMALL WITH FLOATING POINT ARITHMETIC


INPUT MODULES INCLUDED:
  C:\Users\soroka\Desktop\TBTS_05_10_2019\main.obj (MAIN)
  D:\KEIL\C51\LIB\C51FPS.LIB (?C?FPMUL)
  D:\KEIL\C51\LIB\C51FPS.LIB (?C?FPDIV)
  D:\KEIL\C51\LIB\C51FPS.LIB (?C?FCAST)
  D:\KEIL\C51\LIB\C51FPS.LIB (?C?CASTF)
  D:\KEIL\C51\LIB\C51FPS.LIB (PRINTF)
  D:\KEIL\C51\LIB\C51FPS.LIB (ATOF)
  D:\KEIL\C51\LIB\C51FPS.LIB (?C?FPGETOPN)
  D:\KEIL\C51\LIB\C51FPS.LIB (?C?FPROUND)
  D:\KEIL\C51\LIB\C51FPS.LIB (?C?FPCONVERT)
  D:\KEIL\C51\LIB\C51FPS.LIB (?C?ATOF)
  D:\KEIL\C51\LIB\C51FPS.LIB (?C?FPADD)
  D:\KEIL\C51\LIB\C51FPS.LIB (?C?FPNEG)
  D:\KEIL\C51\LIB\C51FPS.LIB (?C?FTNPWR)
  D:\KEIL\C51\LIB\C51S.LIB (?C_STARTUP)
  D:\KEIL\C51\LIB\C51S.LIB (?C?COPY)
  D:\KEIL\C51\LIB\C51S.LIB (?C?CLDPTR)
  D:\KEIL\C51\LIB\C51S.LIB (?C?CLDOPTR)
  D:\KEIL\C51\LIB\C51S.LIB (?C?CSTPTR)
  D:\KEIL\C51\LIB\C51S.LIB (?C?LMUL)
  D:\KEIL\C51\LIB\C51S.LIB (?C?LNEG)
  D:\KEIL\C51\LIB\C51S.LIB (?C?ULCMP)
  D:\KEIL\C51\LIB\C51S.LIB (?C?LSTXDATA)
  D:\KEIL\C51\LIB\C51S.LIB (?C?LSTKXDATA)
  D:\KEIL\C51\LIB\C51S.LIB (?C?PLDIIDATA)
  D:\KEIL\C51\LIB\C51S.LIB (?C?CCASE)
  D:\KEIL\C51\LIB\C51S.LIB (PUTCHAR)
  D:\KEIL\C51\LIB\C51S.LIB (ISSPACE)
  D:\KEIL\C51\LIB\C51S.LIB (STRNCMP)
  D:\KEIL\C51\LIB\C51S.LIB (?C?STRCPY)
  D:\KEIL\C51\LIB\C51S.LIB (ATOI)
  D:\KEIL\C51\LIB\C51S.LIB (?C?MEMSET)
  D:\KEIL\C51\LIB\C51S.LIB (?C_INIT)
  D:\KEIL\C51\LIB\C51S.LIB (?C?IMUL)
  D:\KEIL\C51\LIB\C51S.LIB (ISDIGIT)


LINK MAP OF MODULE:  C:\Users\soroka\Desktop\TBTS_05_10_2019\TBTS15 (MAIN)


            TYPE    BASE      LENGTH    RELOCATION   SEGMENT NAME
            -----------------------------------------------------

            * * * * * * *   D A T A   M E M O R Y   * * * * * * *
            REG     0000H     0008H     ABSOLUTE     "REG BANK 0"
            DATA    0008H     0005H     UNIT         ?DT?MAIN
            IDATA   000DH     0002H     UNIT         _IDATA_GROUP_
                    000FH     0011H                  *** GAP ***
            BIT     0020H.0   0001H.1   UNIT         _BIT_GROUP_
                    0021H.1   0000H.7                *** GAP ***
            DATA    0022H     0027H     UNIT         _DATA_GROUP_
            IDATA   0049H     0001H     UNIT         ?STACK

            * * * * * * *   C O D E   M E M O R Y   * * * * * * *
            CODE    0000H     0003H     ABSOLUTE     
            CODE    0003H     2AE6H     UNIT         ?PR?MAIN?MAIN
            CODE    2AE9H     0866H     UNIT         ?C?LIB_CODE
BL51 BANKED LINKER/LOCATER V5.03            10/15/2019  14:23:02  PAGE 2


            CODE    334FH     046FH     UNIT         ?PR?PRINTF?PRINTF
            CODE    37BEH     01DDH     UNIT         ?CO?MAIN
            CODE    399BH     0193H     UNIT         ?PR?_READINPUT?MAIN
            CODE    3B2EH     00E6H     UNIT         ?PR??C?ATOF??C?ATOF
            CODE    3C14H     00BDH     UNIT         ?PR?INTIALIZEVARIABLES?MA
>> IN
            CODE    3CD1H     00AEH     UNIT         ?PR?_ATOI?ATOI
            CODE    3D7FH     008CH     UNIT         ?C_C51STARTUP
            CODE    3E0BH     0063H     UNIT         ?PR?_STRNCMP?STRNCMP
            CODE    3E6EH     0048H     UNIT         ?PR?ATOF?ATOF
            CODE    3EB6H     0027H     UNIT         ?PR?PUTCHAR?PUTCHAR
            CODE    3EDDH     0013H     UNIT         ?PR?_ISSPACE?ISSPACE
            CODE    3EF0H     000FH     UNIT         ?PR?_ISDIGIT?ISDIGIT
            CODE    3EFFH     0004H     UNIT         ?C_INITSEG



OVERLAY MAP OF MODULE:   C:\Users\soroka\Desktop\TBTS_05_10_2019\TBTS15 (MAIN)
>> 


SEGMENT                                BIT_GROUP          DATA_GROUP          
>> IDATA_GROUP
  +--> CALLED SEGMENT               START    LENGTH     START    LENGTH     ST
>> ART    LENGTH
------------------------------------------------------------------------------
>> -------------
?C_C51STARTUP                       -----    -----      -----    -----      --
>> ---    -----
  +--> ?PR?MAIN?MAIN
  +--> ?C_INITSEG

?PR?MAIN?MAIN                       -----    -----      0022H    000BH      00
>> 0DH    0001H
  +--> ?PR?INTIALIZEVARIABLES?MAIN
  +--> ?CO?MAIN
  +--> ?PR?PRINTF?PRINTF
  +--> ?PR?_STRNCMP?STRNCMP
  +--> ?PR?_READINPUT?MAIN
  +--> ?PR?ATOF?ATOF
  +--> ?PR?_ATOI?ATOI

?PR?INTIALIZEVARIABLES?MAIN         -----    -----      -----    -----      00
>> 0EH    0001H
  +--> ?CO?MAIN
  +--> ?PR?_STRNCMP?STRNCMP

?PR?_STRNCMP?STRNCMP                -----    -----      002DH    0008H      --
>> ---    -----

?PR?PRINTF?PRINTF                   0020H.0  0001H.1    002DH    001CH      --
>> ---    -----
  +--> ?PR?PUTCHAR?PUTCHAR

?PR?_READINPUT?MAIN                 -----    -----      002DH    0002H      --
>> ---    -----

?PR?ATOF?ATOF                       -----    -----      002DH    0003H      --
>> ---    -----
  +--> ?PR?_ISSPACE?ISSPACE
  +--> ?PR??C?ATOF??C?ATOF

?PR??C?ATOF??C?ATOF                 0020H.0  0000H.5    0030H    0002H      --
>> ---    -----

BL51 BANKED LINKER/LOCATER V5.03            10/15/2019  14:23:02  PAGE 3


?PR?_ATOI?ATOI                      0020H.0  0000H.1    002DH    0005H      --
>> ---    -----
  +--> ?PR?_ISSPACE?ISSPACE
  +--> ?PR?_ISDIGIT?ISDIGIT



UNRESOLVED EXTERNAL SYMBOLS:
   ?SETTIME_DATE?BYTE
   ?_FLASH_READ?BYTE
   ?_FLASH_WRITE?BYTE
   ?_LCDWRITELINE?BYTE
   ACTIVEBAT1INFO
   ACTIVEBAT2INFO
   ADCCH
   BATTERYINDEX
   BATTERYSERAILNUMBER
   CHKSUMERR
   COMPLETEDPACKET
   CONNECTBATTERYTERMINALS
   CONNECTLOADS
   CYGNALINIT
   DATEANDTIMESCREEN
   DECODECOMMANDS
   DISPLAYTIME
   FREERECORDS
   GBDEBUGPORT
   IGNITERSETTINGS
   INTERVALDURATION
   KEYBUFFER
   KEYINDEX
   LCD_CURRENTX
   LCD_CURRENTY
   MAINMENU
   MMI_SCREEN
   NEWRELAYK1
   NEWRELAYK2
   NEWRELAYK3
   READRELAYVALUES
   RECORDSINFORMATION
   RECORDSUSED
   RELAYSELECTIONS
   REMOTE
   RESETTOABORT
   SCANKEYPAD
   SECTIONSETTINGS
   SETTIME_DATE
   SETTINGS
   STRECORDINFO
   STRECORDREADINFO
   STTIME
   TESTCONDITION_30N
   TESTCONDITION_50N
   TESTCONDITION_50P
   TESTCONDITION_55P
   TESTCONDITION_ROOM_TEMP
   TESTCONDITOION_MENU
   TESTCONFIGURATIONS
   TESTPROCESSING
   TESTTYPE
   TRANSMITCHKSUM
   WELCOMESCREEN
   WRITERELAYVALUES
   _DELAY
   _FLASH_PAGEERASE
BL51 BANKED LINKER/LOCATER V5.03            10/15/2019  14:23:02  PAGE 4


   _FLASH_READ
   _FLASH_WRITE
   _LCDGOTOXY
   _LCDINSTWRITE
   _LCDPUTCHAR
   _LCDPUTTEXT
   _LCDWRITELINE
   _PUTSTRINGONRS232
   _PUT_STRING_UART1



SYMBOL TABLE OF MODULE:  C:\Users\soroka\Desktop\TBTS_05_10_2019\TBTS15 (MAIN)
>> 

  VALUE           TYPE          NAME
  ----------------------------------

  -------         MODULE        MAIN
  C:0000H         SYMBOL        _ICE_DUMMY_
  D:0090H         PUBLIC        P1
  D:00A0H         PUBLIC        P2
  D:00B0H         PUBLIC        P3
  D:00C8H         PUBLIC        P4
  B:00A8H.7       PUBLIC        EA
  D:00E8H         PUBLIC        P6
  D:00F8H         PUBLIC        P7
  D:00E8H         PUBLIC        ADC0CN
  D:0084H         PUBLIC        SFRPAGE
  D:00E8H         PUBLIC        ADC2CN
  D:00A8H         PUBLIC        IE
  D:00D8H         PUBLIC        PCA0CN
  D:00B8H         PUBLIC        IP
  D:0008H         PUBLIC        SectionsMapping
  D:00C0H         PUBLIC        SMB0CN
  C:0003H         PUBLIC        main
  D:0088H         PUBLIC        CPT0CN
  D:0088H         PUBLIC        CPT1CN
  D:00F8H         PUBLIC        SPI0CN
  D:0088H         PUBLIC        TCON
  D:00C8H         PUBLIC        TMR2CN
  D:00C8H         PUBLIC        TMR3CN
  D:00C8H         PUBLIC        TMR4CN
  C:3C14H         PUBLIC        IntializeVariables
  D:0088H         PUBLIC        FLSTAT
  D:00EFH         PUBLIC        RSTSRC
  D:0098H         PUBLIC        SCON0
  D:0098H         PUBLIC        SCON1
  C:399BH         PUBLIC        _ReadInput
  B:00C8H.1       PUBLIC        DATACLK
  D:00D0H         PUBLIC        PSW
  D:000CH         PUBLIC        CursorIndex
  -------         PROC          MAIN
  -------         DO            
  I:000DH         SYMBOL        KeyPressed
  D:0022H         SYMBOL        i
  D:0023H         SYMBOL        testbuf
  -------         ENDDO         
  C:0003H         LINE#         89
  C:0003H         LINE#         90
  C:0003H         LINE#         95
  C:0006H         LINE#         96
  C:0008H         LINE#         97
  C:000BH         LINE#         99
  C:000EH         LINE#         100
BL51 BANKED LINKER/LOCATER V5.03            10/15/2019  14:23:02  PAGE 5


  C:0028H         LINE#         101
  C:0031H         LINE#         102
  C:0036H         LINE#         103
  C:0039H         LINE#         104
  C:003CH         LINE#         105
  C:003CH         LINE#         106
  C:0045H         LINE#         107
  C:0045H         LINE#         108
  C:0048H         LINE#         109
  C:0048H         LINE#         110
  C:004FH         LINE#         111
  C:0056H         LINE#         112
  C:005DH         LINE#         113
  C:0064H         LINE#         114
  C:006DH         LINE#         117
  C:0070H         LINE#         119
  C:0073H         LINE#         121
  C:0076H         LINE#         123
  C:0079H         LINE#         125
  C:007CH         LINE#         126
  C:007FH         LINE#         127
  C:0082H         LINE#         128
  C:0084H         LINE#         132
  C:0084H         LINE#         133
  C:0084H         LINE#         135
  C:0087H         LINE#         136
  C:0087H         LINE#         137
  C:0089H         LINE#         138
  C:0092H         LINE#         139
  C:0092H         LINE#         140
  C:00E6H         LINE#         141
  C:00E9H         LINE#         142
  C:00ECH         LINE#         143
  C:00ECH         LINE#         144
  C:00EEH         LINE#         145
  C:00F1H         LINE#         146
  C:00F1H         LINE#         147
  C:00F8H         LINE#         148
  C:013CH         LINE#         149
  C:013CH         LINE#         150
  C:013CH         LINE#         151
  C:016FH         LINE#         152
  C:016FH         LINE#         153
  C:016FH         LINE#         154
  C:0172H         LINE#         155
  C:0175H         LINE#         156
  C:0175H         LINE#         157
  C:0178H         LINE#         158
  C:017DH         LINE#         159
  C:0181H         LINE#         160
  C:0184H         LINE#         161
  C:0184H         LINE#         162
  C:0193H         LINE#         163
  C:0196H         LINE#         164
  C:0196H         LINE#         166
  C:01BEH         LINE#         167
  C:01D9H         LINE#         168
  C:01D9H         LINE#         169
  C:01E2H         LINE#         170
  C:01F0H         LINE#         171
  C:01F3H         LINE#         173
  C:01FAH         LINE#         174
  C:01FAH         LINE#         175
  C:01FAH         LINE#         176
  C:01FAH         LINE#         177
BL51 BANKED LINKER/LOCATER V5.03            10/15/2019  14:23:02  PAGE 6


  C:01FDH         LINE#         179
  C:0208H         LINE#         180
  C:0208H         LINE#         181
  C:0208H         LINE#         182
  C:0208H         LINE#         183
  C:0208H         LINE#         185
  C:020BH         LINE#         186
  C:020BH         LINE#         187
  C:020DH         LINE#         188
  C:020FH         LINE#         189
  C:020FH         LINE#         190
  C:0216H         LINE#         191
  C:021AH         LINE#         193
  C:021CH         LINE#         195
  C:021EH         LINE#         196
  C:021EH         LINE#         197
  C:0220H         LINE#         198
  C:0222H         LINE#         199
  C:0222H         LINE#         200
  C:0222H         LINE#         201
  C:0222H         LINE#         202
  C:0224H         LINE#         203
  C:0226H         LINE#         204
  C:0226H         LINE#         205
  C:022DH         LINE#         206
  C:0231H         LINE#         207
  C:0238H         LINE#         208
  C:023CH         LINE#         209
  C:024DH         LINE#         210
  C:0251H         LINE#         212
  C:0254H         LINE#         213
  C:0254H         LINE#         214
  C:027CH         LINE#         215
  C:027FH         LINE#         216
  C:0282H         LINE#         217
  C:0282H         LINE#         218
  C:0285H         LINE#         219
  C:0288H         LINE#         220
  C:0288H         LINE#         221
  C:028BH         LINE#         222
  C:028EH         LINE#         223
  C:028EH         LINE#         224
  C:02A2H         LINE#         225
  C:02A2H         LINE#         226
  C:02A7H         LINE#         227
  C:02B7H         LINE#         228
  C:02B7H         LINE#         229
  C:02BAH         LINE#         230
  C:02BAH         LINE#         231
  C:02BAH         LINE#         232
  C:02BAH         LINE#         233
  C:02EAH         LINE#         234
  C:02EAH         LINE#         235
  C:02EAH         LINE#         236
  C:02EFH         LINE#         237
  C:02EFH         LINE#         238
  C:02F2H         LINE#         239
  C:02F2H         LINE#         240
  C:02F5H         LINE#         241
  C:02F8H         LINE#         242
  C:02F8H         LINE#         243
  C:0307H         LINE#         244
  C:030AH         LINE#         245
  C:030AH         LINE#         247
  C:0332H         LINE#         248
BL51 BANKED LINKER/LOCATER V5.03            10/15/2019  14:23:02  PAGE 7


  C:034DH         LINE#         249
  C:034DH         LINE#         250
  C:0356H         LINE#         252
  C:0364H         LINE#         253
  C:036AH         LINE#         255
  C:0371H         LINE#         256
  C:0371H         LINE#         257
  C:0374H         LINE#         258
  C:0374H         LINE#         259
  C:0377H         LINE#         261
  C:0382H         LINE#         262
  C:0382H         LINE#         263
  C:0385H         LINE#         264
  C:0388H         LINE#         265
  C:0388H         LINE#         266
  C:038BH         LINE#         267
  C:038BH         LINE#         268
  C:038FH         LINE#         269
  C:0392H         LINE#         270
  C:0392H         LINE#         271
  C:0396H         LINE#         272
  C:0399H         LINE#         273
  C:0399H         LINE#         274
  C:03A0H         LINE#         275
  C:03A4H         LINE#         277
  C:03A8H         LINE#         278
  C:03ABH         LINE#         279
  C:03ABH         LINE#         280
  C:03B2H         LINE#         281
  C:03B9H         LINE#         282
  C:03C0H         LINE#         283
  C:03C7H         LINE#         284
  C:03D8H         LINE#         285
  C:03DCH         LINE#         286
  C:03DFH         LINE#         287
  C:03DFH         LINE#         288
  C:03DFH         LINE#         289
  C:03DFH         LINE#         290
  C:03E3H         LINE#         291
  C:03E6H         LINE#         292
  C:03E6H         LINE#         293
  C:040EH         LINE#         294
  C:0411H         LINE#         295
  C:0414H         LINE#         296
  C:0414H         LINE#         297
  C:0417H         LINE#         298
  C:041AH         LINE#         299
  C:041AH         LINE#         300
  C:042EH         LINE#         301
  C:042EH         LINE#         302
  C:0433H         LINE#         303
  C:0443H         LINE#         304
  C:0443H         LINE#         305
  C:0446H         LINE#         306
  C:0446H         LINE#         307
  C:0446H         LINE#         308
  C:0446H         LINE#         309
  C:0473H         LINE#         310
  C:0473H         LINE#         311
  C:0473H         LINE#         312
  C:0476H         LINE#         313
  C:0476H         LINE#         314
  C:0479H         LINE#         315
  C:0479H         LINE#         316
  C:047DH         LINE#         317
BL51 BANKED LINKER/LOCATER V5.03            10/15/2019  14:23:02  PAGE 8


  C:0480H         LINE#         318
  C:0480H         LINE#         319
  C:0480H         LINE#         320
  C:0480H         LINE#         321
  C:0484H         LINE#         322
  C:0487H         LINE#         323
  C:0487H         LINE#         324
  C:048EH         LINE#         325
  C:0495H         LINE#         326
  C:049CH         LINE#         327
  C:04A3H         LINE#         328
  C:04B4H         LINE#         329
  C:04B8H         LINE#         330
  C:04BBH         LINE#         331
  C:04BBH         LINE#         332
  C:04BFH         LINE#         333
  C:04C2H         LINE#         334
  C:04C2H         LINE#         335
  C:04C9H         LINE#         336
  C:04CDH         LINE#         338
  C:04D1H         LINE#         339
  C:04D4H         LINE#         340
  C:04D4H         LINE#         341
  C:04FCH         LINE#         342
  C:04FFH         LINE#         343
  C:0502H         LINE#         344
  C:0502H         LINE#         345
  C:0505H         LINE#         346
  C:0508H         LINE#         347
  C:0508H         LINE#         349
  C:050EH         LINE#         350
  C:050EH         LINE#         352
  C:0511H         LINE#         353
  C:0511H         LINE#         354
  C:0525H         LINE#         355
  C:0525H         LINE#         356
  C:052AH         LINE#         357
  C:053AH         LINE#         358
  C:053AH         LINE#         359
  C:053DH         LINE#         360
  C:053DH         LINE#         361
  C:053DH         LINE#         362
  C:053DH         LINE#         363
  C:055FH         LINE#         364
  C:055FH         LINE#         365
  C:055FH         LINE#         366
  C:0563H         LINE#         367
  C:0566H         LINE#         368
  C:0566H         LINE#         369
  C:0566H         LINE#         370
  C:0566H         LINE#         371
  C:056AH         LINE#         372
  C:056DH         LINE#         373
  C:056DH         LINE#         374
  C:0574H         LINE#         375
  C:057BH         LINE#         376
  C:0582H         LINE#         377
  C:0589H         LINE#         378
  C:059AH         LINE#         379
  C:059EH         LINE#         380
  C:05A1H         LINE#         381
  C:05A1H         LINE#         382
  C:05A5H         LINE#         383
  C:05A8H         LINE#         384
  C:05A8H         LINE#         385
BL51 BANKED LINKER/LOCATER V5.03            10/15/2019  14:23:02  PAGE 9


  C:05AFH         LINE#         386
  C:05B3H         LINE#         388
  C:05B7H         LINE#         390
  C:05BAH         LINE#         391
  C:05BAH         LINE#         392
  C:05E2H         LINE#         393
  C:05E5H         LINE#         394
  C:05E8H         LINE#         396
  C:05E8H         LINE#         397
  C:05EBH         LINE#         398
  C:05EEH         LINE#         400
  C:05EEH         LINE#         401
  C:05EEH         LINE#         402
  C:05EEH         LINE#         403
  C:0607H         LINE#         404
  C:0607H         LINE#         405
  C:0607H         LINE#         406
  C:0607H         LINE#         407
  C:0607H         LINE#         408
  C:060BH         LINE#         409
  C:060EH         LINE#         410
  C:060EH         LINE#         411
  C:0612H         LINE#         412
  C:0615H         LINE#         413
  C:0615H         LINE#         414
  C:061CH         LINE#         415
  C:0623H         LINE#         416
  C:062AH         LINE#         417
  C:0631H         LINE#         418
  C:0642H         LINE#         419
  C:0646H         LINE#         421
  C:0649H         LINE#         422
  C:0649H         LINE#         423
  C:064DH         LINE#         424
  C:0650H         LINE#         425
  C:0650H         LINE#         426
  C:0657H         LINE#         427
  C:065BH         LINE#         429
  C:065FH         LINE#         430
  C:0662H         LINE#         432
  C:0662H         LINE#         433
  C:0665H         LINE#         434
  C:0668H         LINE#         435
  C:0668H         LINE#         436
  C:0668H         LINE#         437
  C:0668H         LINE#         438
  C:067DH         LINE#         439
  C:067DH         LINE#         440
  C:067DH         LINE#         441
  C:067DH         LINE#         442
  C:067DH         LINE#         443
  C:0681H         LINE#         444
  C:0684H         LINE#         445
  C:0684H         LINE#         446
  C:068BH         LINE#         447
  C:0692H         LINE#         448
  C:0699H         LINE#         449
  C:06A0H         LINE#         450
  C:06B1H         LINE#         451
  C:06B5H         LINE#         452
  C:06B8H         LINE#         453
  C:06B8H         LINE#         454
  C:06BCH         LINE#         455
  C:06BFH         LINE#         456
  C:06BFH         LINE#         457
BL51 BANKED LINKER/LOCATER V5.03            10/15/2019  14:23:02  PAGE 10


  C:06C3H         LINE#         458
  C:06C6H         LINE#         459
  C:06C6H         LINE#         460
  C:06CDH         LINE#         461
  C:06D1H         LINE#         463
  C:06D5H         LINE#         464
  C:06D8H         LINE#         465
  C:06D8H         LINE#         466
  C:06D8H         LINE#         467
  C:06D8H         LINE#         468
  C:06EDH         LINE#         469
  C:06EDH         LINE#         470
  C:06EDH         LINE#         471
  C:06EDH         LINE#         472
  C:06EDH         LINE#         473
  C:06F1H         LINE#         474
  C:06F4H         LINE#         475
  C:06F4H         LINE#         476
  C:06FBH         LINE#         477
  C:0702H         LINE#         478
  C:0709H         LINE#         479
  C:0710H         LINE#         480
  C:0721H         LINE#         481
  C:0725H         LINE#         483
  C:0728H         LINE#         484
  C:0728H         LINE#         485
  C:072CH         LINE#         486
  C:072FH         LINE#         487
  C:072FH         LINE#         488
  C:0733H         LINE#         489
  C:0736H         LINE#         490
  C:0736H         LINE#         491
  C:073DH         LINE#         492
  C:0741H         LINE#         494
  C:0745H         LINE#         495
  C:0748H         LINE#         496
  C:0748H         LINE#         497
  C:0748H         LINE#         498
  C:0748H         LINE#         499
  C:075DH         LINE#         500
  C:075DH         LINE#         501
  C:075DH         LINE#         502
  C:075DH         LINE#         503
  C:075DH         LINE#         504
  C:0761H         LINE#         505
  C:0764H         LINE#         506
  C:0764H         LINE#         507
  C:076BH         LINE#         508
  C:0772H         LINE#         509
  C:0779H         LINE#         510
  C:0780H         LINE#         511
  C:0791H         LINE#         512
  C:0795H         LINE#         513
  C:0798H         LINE#         514
  C:0798H         LINE#         515
  C:079CH         LINE#         516
  C:079FH         LINE#         517
  C:079FH         LINE#         518
  C:07A3H         LINE#         519
  C:07A6H         LINE#         520
  C:07A6H         LINE#         521
  C:07AAH         LINE#         522
  C:07AAH         LINE#         524
  C:07AEH         LINE#         525
  C:07B1H         LINE#         526
BL51 BANKED LINKER/LOCATER V5.03            10/15/2019  14:23:02  PAGE 11


  C:07B1H         LINE#         527
  C:07B1H         LINE#         528
  C:07B1H         LINE#         529
  C:07C6H         LINE#         530
  C:07C6H         LINE#         531
  C:07C6H         LINE#         532
  C:07C6H         LINE#         533
  C:07C6H         LINE#         534
  C:07CAH         LINE#         535
  C:07CDH         LINE#         537
  C:07CDH         LINE#         538
  C:07D4H         LINE#         539
  C:07DBH         LINE#         540
  C:07E2H         LINE#         541
  C:07E9H         LINE#         542
  C:07FAH         LINE#         543
  C:07FEH         LINE#         545
  C:0801H         LINE#         546
  C:0801H         LINE#         547
  C:0805H         LINE#         548
  C:0808H         LINE#         549
  C:0808H         LINE#         550
  C:080CH         LINE#         551
  C:080FH         LINE#         552
  C:080FH         LINE#         553
  C:0816H         LINE#         554
  C:081AH         LINE#         556
  C:081EH         LINE#         557
  C:0821H         LINE#         558
  C:0821H         LINE#         559
  C:0821H         LINE#         560
  C:0821H         LINE#         561
  C:0857H         LINE#         562
  C:0857H         LINE#         563
  C:0857H         LINE#         564
  C:0857H         LINE#         565
  C:0857H         LINE#         566
  C:085BH         LINE#         567
  C:085DH         LINE#         568
  C:085DH         LINE#         569
  C:0864H         LINE#         570
  C:086AH         LINE#         571
  C:0871H         LINE#         572
  C:0877H         LINE#         573
  C:0888H         LINE#         574
  C:088CH         LINE#         575
  C:088EH         LINE#         576
  C:088EH         LINE#         577
  C:0892H         LINE#         578
  C:0894H         LINE#         579
  C:0894H         LINE#         580
  C:0898H         LINE#         581
  C:089AH         LINE#         582
  C:089AH         LINE#         583
  C:08A1H         LINE#         584
  C:08A5H         LINE#         586
  C:08ACH         LINE#         588
  C:08AFH         LINE#         589
  C:08AFH         LINE#         590
  C:08C3H         LINE#         591
  C:08C3H         LINE#         592
  C:08C8H         LINE#         593
  C:08D8H         LINE#         594
  C:08D8H         LINE#         595
  C:08DBH         LINE#         596
BL51 BANKED LINKER/LOCATER V5.03            10/15/2019  14:23:02  PAGE 12


  C:08DBH         LINE#         597
  C:08DBH         LINE#         598
  C:08DBH         LINE#         599
  C:0911H         LINE#         600
  C:0911H         LINE#         601
  C:0911H         LINE#         602
  C:0919H         LINE#         603
  C:0919H         LINE#         604
  C:092DH         LINE#         605
  C:092DH         LINE#         606
  C:0936H         LINE#         607
  C:0936H         LINE#         608
  C:0939H         LINE#         609
  C:093EH         LINE#         610
  C:093EH         LINE#         611
  C:093EH         LINE#         612
  C:093EH         LINE#         613
  C:093EH         LINE#         614
  C:093EH         LINE#         615
  C:0941H         LINE#         617
  C:0941H         LINE#         618
  C:0955H         LINE#         619
  C:0955H         LINE#         620
  C:095EH         LINE#         621
  C:095EH         LINE#         622
  C:0961H         LINE#         623
  C:0966H         LINE#         624
  C:0966H         LINE#         625
  C:0966H         LINE#         626
  C:0966H         LINE#         627
  C:0966H         LINE#         628
  C:0966H         LINE#         630
  C:0966H         LINE#         632
  C:0969H         LINE#         633
  C:0969H         LINE#         634
  C:097DH         LINE#         635
  C:097DH         LINE#         636
  C:097EH         LINE#         637
  C:097EH         LINE#         638
  C:097EH         LINE#         639
  C:097EH         LINE#         640
  C:0981H         LINE#         641
  C:0981H         LINE#         642
  C:0988H         LINE#         643
  C:0988H         LINE#         644
  C:0993H         LINE#         645
  C:0993H         LINE#         646
  C:0993H         LINE#         647
  C:0993H         LINE#         650
  C:0993H         LINE#         651
  C:0996H         LINE#         652
  C:09A4H         LINE#         653
  C:09A4H         LINE#         654
  C:09B9H         LINE#         655
  C:09B9H         LINE#         656
  C:09BDH         LINE#         657
  C:09BDH         LINE#         658
  C:09BEH         LINE#         659
  C:09C3H         LINE#         660
  C:09C3H         LINE#         661
  C:09C3H         LINE#         662
  C:09C3H         LINE#         663
  C:09C3H         LINE#         664
  C:09C3H         LINE#         665
  C:09C5H         LINE#         666
BL51 BANKED LINKER/LOCATER V5.03            10/15/2019  14:23:02  PAGE 13


  C:09D0H         LINE#         667
  C:09D0H         LINE#         668
  C:09E4H         LINE#         669
  C:09E4H         LINE#         670
  C:09E4H         LINE#         671
  C:09E4H         LINE#         672
  C:09E4H         LINE#         673
  C:09E4H         LINE#         674
  C:09E7H         LINE#         675
  C:09E7H         LINE#         676
  C:09E7H         LINE#         677
  C:09E7H         LINE#         678
  C:09FCH         LINE#         679
  C:09FCH         LINE#         680
  C:0A00H         LINE#         681
  C:0A00H         LINE#         682
  C:0A01H         LINE#         683
  C:0A06H         LINE#         684
  C:0A06H         LINE#         685
  C:0A0BH         LINE#         686
  C:0A10H         LINE#         687
  C:0A13H         LINE#         689
  C:0A13H         LINE#         690
  C:0A16H         LINE#         692
  C:0A16H         LINE#         693
  C:0A2AH         LINE#         694
  C:0A2AH         LINE#         695
  C:0A2BH         LINE#         696
  C:0A2FH         LINE#         697
  C:0A34H         LINE#         698
  C:0A39H         LINE#         699
  C:0A39H         LINE#         701
  C:0A39H         LINE#         702
  C:0A3CH         LINE#         703
  C:0A3CH         LINE#         704
  C:0A3CH         LINE#         705
  C:0A3CH         LINE#         706
  C:0A3CH         LINE#         708
  C:0A43H         LINE#         709
  C:0A4AH         LINE#         710
  C:0A51H         LINE#         711
  C:0A58H         LINE#         712
  C:0A5FH         LINE#         713
  C:0A66H         LINE#         714
  C:0A71H         LINE#         715
  C:0A75H         LINE#         716
  C:0A78H         LINE#         718
  C:0A78H         LINE#         719
  C:0A7FH         LINE#         720
  C:0A86H         LINE#         721
  C:0A8DH         LINE#         722
  C:0A94H         LINE#         723
  C:0A9BH         LINE#         724
  C:0A9BH         LINE#         725
  C:0A9FH         LINE#         726
  C:0A9FH         LINE#         727
  C:0AA2H         LINE#         728
  C:0AA6H         LINE#         729
  C:0AA9H         LINE#         731
  C:0AA9H         LINE#         732
  C:0AACH         LINE#         733
  C:0AB0H         LINE#         734
  C:0AB0H         LINE#         737
  C:0AB3H         LINE#         738
  C:0ABEH         LINE#         739
BL51 BANKED LINKER/LOCATER V5.03            10/15/2019  14:23:02  PAGE 14


  C:0AC2H         LINE#         740
  C:0AC5H         LINE#         741
  C:0AC5H         LINE#         742
  C:0ADAH         LINE#         743
  C:0ADAH         LINE#         744
  C:0ADBH         LINE#         745
  C:0ADDH         LINE#         746
  C:0ADDH         LINE#         747
  C:0AE0H         LINE#         749
  C:0AE0H         LINE#         750
  C:0AE0H         LINE#         751
  C:0AE0H         LINE#         752
  C:0B16H         LINE#         753
  C:0B16H         LINE#         754
  C:0B16H         LINE#         755
  C:0B1EH         LINE#         756
  C:0B1EH         LINE#         757
  C:0B33H         LINE#         758
  C:0B33H         LINE#         759
  C:0B3CH         LINE#         760
  C:0B3CH         LINE#         761
  C:0B3FH         LINE#         762
  C:0B44H         LINE#         763
  C:0B44H         LINE#         764
  C:0B44H         LINE#         765
  C:0B44H         LINE#         766
  C:0B44H         LINE#         767
  C:0B44H         LINE#         768
  C:0B47H         LINE#         770
  C:0B47H         LINE#         771
  C:0B5CH         LINE#         772
  C:0B5CH         LINE#         773
  C:0B65H         LINE#         774
  C:0B65H         LINE#         775
  C:0B68H         LINE#         776
  C:0B6DH         LINE#         777
  C:0B6DH         LINE#         778
  C:0B6DH         LINE#         779
  C:0B6DH         LINE#         780
  C:0B6DH         LINE#         781
  C:0B6DH         LINE#         783
  C:0B6DH         LINE#         784
  C:0B70H         LINE#         785
  C:0B70H         LINE#         786
  C:0B85H         LINE#         787
  C:0B85H         LINE#         788
  C:0B86H         LINE#         789
  C:0B8BH         LINE#         790
  C:0B8DH         LINE#         791
  C:0B8DH         LINE#         792
  C:0B90H         LINE#         793
  C:0B90H         LINE#         794
  C:0B97H         LINE#         795
  C:0B97H         LINE#         796
  C:0BA2H         LINE#         797
  C:0BA2H         LINE#         798
  C:0BA3H         LINE#         799
  C:0BA5H         LINE#         802
  C:0BA5H         LINE#         803
  C:0BA8H         LINE#         804
  C:0BB6H         LINE#         805
  C:0BB6H         LINE#         806
  C:0BCBH         LINE#         807
  C:0BCBH         LINE#         808
  C:0BCFH         LINE#         809
BL51 BANKED LINKER/LOCATER V5.03            10/15/2019  14:23:02  PAGE 15


  C:0BCFH         LINE#         810
  C:0BD0H         LINE#         811
  C:0BD5H         LINE#         812
  C:0BD5H         LINE#         813
  C:0BD5H         LINE#         814
  C:0BD5H         LINE#         815
  C:0BD5H         LINE#         816
  C:0BD5H         LINE#         817
  C:0BD7H         LINE#         818
  C:0BE2H         LINE#         819
  C:0BE2H         LINE#         820
  C:0BF6H         LINE#         821
  C:0BF6H         LINE#         822
  C:0BF7H         LINE#         823
  C:0BF9H         LINE#         824
  C:0BF9H         LINE#         825
  C:0BF9H         LINE#         827
  C:0BFCH         LINE#         828
  C:0BFCH         LINE#         829
  C:0BFCH         LINE#         830
  C:0BFCH         LINE#         831
  C:0C11H         LINE#         832
  C:0C11H         LINE#         833
  C:0C15H         LINE#         834
  C:0C15H         LINE#         835
  C:0C16H         LINE#         836
  C:0C1BH         LINE#         837
  C:0C1BH         LINE#         838
  C:0C20H         LINE#         839
  C:0C25H         LINE#         840
  C:0C28H         LINE#         841
  C:0C28H         LINE#         842
  C:0C2BH         LINE#         843
  C:0C2BH         LINE#         844
  C:0C36H         LINE#         845
  C:0C36H         LINE#         846
  C:0C37H         LINE#         847
  C:0C3CH         LINE#         848
  C:0C3EH         LINE#         849
  C:0C3EH         LINE#         850
  C:0C41H         LINE#         851
  C:0C41H         LINE#         852
  C:0C41H         LINE#         853
  C:0C41H         LINE#         854
  C:0C41H         LINE#         856
  C:0C48H         LINE#         857
  C:0C4FH         LINE#         858
  C:0C56H         LINE#         859
  C:0C5DH         LINE#         860
  C:0C64H         LINE#         861
  C:0C6BH         LINE#         862
  C:0C76H         LINE#         863
  C:0C7AH         LINE#         864
  C:0C7DH         LINE#         865
  C:0C7DH         LINE#         866
  C:0C84H         LINE#         867
  C:0C8BH         LINE#         868
  C:0C92H         LINE#         869
  C:0C99H         LINE#         870
  C:0CA0H         LINE#         871
  C:0CA0H         LINE#         872
  C:0CA4H         LINE#         873
  C:0CA4H         LINE#         874
  C:0CA7H         LINE#         875
  C:0CABH         LINE#         876
BL51 BANKED LINKER/LOCATER V5.03            10/15/2019  14:23:02  PAGE 16


  C:0CAEH         LINE#         878
  C:0CAEH         LINE#         879
  C:0CB1H         LINE#         880
  C:0CB5H         LINE#         881
  C:0CB5H         LINE#         882
  C:0CB8H         LINE#         883
  C:0CC3H         LINE#         884
  C:0CC7H         LINE#         885
  C:0CCAH         LINE#         886
  C:0CCAH         LINE#         887
  C:0CDEH         LINE#         888
  C:0CDEH         LINE#         889
  C:0CDFH         LINE#         890
  C:0CE4H         LINE#         891
  C:0CE4H         LINE#         892
  C:0CE7H         LINE#         894
  C:0CE7H         LINE#         895
  C:0CE7H         LINE#         896
  C:0CE7H         LINE#         897
  C:0D2CH         LINE#         898
  C:0D2CH         LINE#         899
  C:0D2CH         LINE#         900
  C:0D30H         LINE#         901
  C:0D3BH         LINE#         902
  C:0D3BH         LINE#         903
  C:0D4EH         LINE#         904
  C:0D61H         LINE#         905
  C:0DA6H         LINE#         906
  C:0DB6H         LINE#         907
  C:0DB6H         LINE#         908
  C:0DC4H         LINE#         909
  C:0DC4H         LINE#         910
  C:0DD6H         LINE#         911
  C:0DD6H         LINE#         912
  C:0DD9H         LINE#         913
  C:0DE0H         LINE#         914
  C:0E0FH         LINE#         915
  C:0E12H         LINE#         917
  C:0E12H         LINE#         918
  C:0E15H         LINE#         919
  C:0E19H         LINE#         920
  C:0E19H         LINE#         921
  C:0E1CH         LINE#         923
  C:0E1CH         LINE#         924
  C:0E22H         LINE#         925
  C:0E26H         LINE#         926
  C:0E26H         LINE#         927
  C:0E29H         LINE#         929
  C:0E29H         LINE#         930
  C:0E2FH         LINE#         931
  C:0E33H         LINE#         932
  C:0E33H         LINE#         934
  C:0E36H         LINE#         935
  C:0E41H         LINE#         936
  C:0E41H         LINE#         937
  C:0E54H         LINE#         938
  C:0E67H         LINE#         939
  C:0E7AH         LINE#         940
  C:0E8AH         LINE#         941
  C:0E8AH         LINE#         942
  C:0EA0H         LINE#         943
  C:0EA0H         LINE#         944
  C:0EB6H         LINE#         945
  C:0EB6H         LINE#         946
  C:0ECCH         LINE#         947
BL51 BANKED LINKER/LOCATER V5.03            10/15/2019  14:23:02  PAGE 17


  C:0ECCH         LINE#         948
  C:0ECCH         LINE#         949
  C:0ECCH         LINE#         950
  C:0ECCH         LINE#         951
  C:0ECFH         LINE#         953
  C:0ECFH         LINE#         954
  C:0ED5H         LINE#         955
  C:0EDCH         LINE#         956
  C:0EDCH         LINE#         957
  C:0EDCH         LINE#         958
  C:0EDFH         LINE#         959
  C:0EDFH         LINE#         960
  C:0EDFH         LINE#         961
  C:0EDFH         LINE#         962
  C:0EDFH         LINE#         963
  C:0EE2H         LINE#         964
  C:0EE2H         LINE#         968
  C:0EE7H         LINE#         969
  C:0EF6H         LINE#         970
  C:0EFAH         LINE#         971
  C:0EFAH         LINE#         973
  C:0EFAH         LINE#         974
  C:0EFDH         LINE#         975
  C:0EFDH         LINE#         976
  C:0F08H         LINE#         977
  C:0F08H         LINE#         978
  C:0F0DH         LINE#         979
  C:0F0DH         LINE#         980
  C:0F21H         LINE#         981
  C:0F21H         LINE#         982
  C:0F21H         LINE#         983
  C:0F21H         LINE#         985
  C:0F23H         LINE#         987
  C:0F23H         LINE#         988
  C:0F3FH         LINE#         989
  C:0F6FH         LINE#         990
  C:0F6FH         LINE#         991
  C:0F76H         LINE#         992
  C:0FACH         LINE#         993
  C:0FB2H         LINE#         995
  C:0FB5H         LINE#         997
  C:0FB5H         LINE#         998
  C:0FB8H         LINE#         999
  C:0FC1H         LINE#         1000
  C:0FC3H         LINE#         1001
  C:0FC3H         LINE#         1002
  C:0FC3H         LINE#         1003
  C:0FC3H         LINE#         1004
  C:0FC6H         LINE#         1006
  C:0FC6H         LINE#         1007
  C:0FCEH         LINE#         1008
  C:0FCEH         LINE#         1009
  C:0FF6H         LINE#         1010
  C:0FFEH         LINE#         1011
  C:1006H         LINE#         1012
  C:101AH         LINE#         1013
  C:102EH         LINE#         1014
  C:1042H         LINE#         1015
  C:1056H         LINE#         1016
  C:106AH         LINE#         1017
  C:107EH         LINE#         1018
  C:1092H         LINE#         1019
  C:10A1H         LINE#         1020
  C:10B5H         LINE#         1021
  C:10C4H         LINE#         1022
BL51 BANKED LINKER/LOCATER V5.03            10/15/2019  14:23:02  PAGE 18


  C:10D8H         LINE#         1024
  C:10E7H         LINE#         1026
  C:1103H         LINE#         1027
  C:112BH         LINE#         1029
  C:1130H         LINE#         1030
  C:113EH         LINE#         1031
  C:1144H         LINE#         1032
  C:1144H         LINE#         1033
  C:1147H         LINE#         1035
  C:1147H         LINE#         1036
  C:1163H         LINE#         1037
  C:1199H         LINE#         1038
  C:1199H         LINE#         1039
  C:119EH         LINE#         1040
  C:11C6H         LINE#         1041
  C:11CEH         LINE#         1042
  C:11D6H         LINE#         1044
  C:11EAH         LINE#         1045
  C:11FEH         LINE#         1046
  C:1212H         LINE#         1047
  C:1226H         LINE#         1048
  C:123AH         LINE#         1049
  C:124EH         LINE#         1050
  C:125DH         LINE#         1051
  C:1271H         LINE#         1052
  C:1280H         LINE#         1053
  C:1294H         LINE#         1055
  C:12A3H         LINE#         1056
  C:12BFH         LINE#         1057
  C:12E7H         LINE#         1058
  C:12ECH         LINE#         1059
  C:12FAH         LINE#         1060
  C:12FDH         LINE#         1061
  C:1300H         LINE#         1063
  C:1300H         LINE#         1064
  C:1303H         LINE#         1065
  C:130CH         LINE#         1066
  C:1313H         LINE#         1067
  C:1317H         LINE#         1068
  C:1317H         LINE#         1069
  C:1317H         LINE#         1070
  C:1317H         LINE#         1071
  C:1317H         LINE#         1073
  C:131AH         LINE#         1074
  C:131AH         LINE#         1076
  C:1325H         LINE#         1077
  C:1325H         LINE#         1078
  C:132AH         LINE#         1079
  C:132AH         LINE#         1080
  C:133EH         LINE#         1081
  C:133EH         LINE#         1082
  C:133EH         LINE#         1083
  C:133EH         LINE#         1084
  C:1340H         LINE#         1086
  C:1340H         LINE#         1087
  C:135CH         LINE#         1088
  C:138CH         LINE#         1089
  C:138CH         LINE#         1090
  C:1393H         LINE#         1091
  C:13C9H         LINE#         1092
  C:13CFH         LINE#         1094
  C:13D2H         LINE#         1096
  C:13D2H         LINE#         1097
  C:13D5H         LINE#         1098
  C:13DEH         LINE#         1099
BL51 BANKED LINKER/LOCATER V5.03            10/15/2019  14:23:02  PAGE 19


  C:13E8H         LINE#         1100
  C:13EAH         LINE#         1101
  C:13EAH         LINE#         1102
  C:13EAH         LINE#         1103
  C:13EAH         LINE#         1104
  C:13EDH         LINE#         1106
  C:13EDH         LINE#         1107
  C:13F5H         LINE#         1108
  C:13F5H         LINE#         1109
  C:1409H         LINE#         1110
  C:1431H         LINE#         1111
  C:1439H         LINE#         1112
  C:1441H         LINE#         1114
  C:1455H         LINE#         1115
  C:1469H         LINE#         1116
  C:147DH         LINE#         1117
  C:1491H         LINE#         1118
  C:14A5H         LINE#         1119
  C:14B9H         LINE#         1120
  C:14C8H         LINE#         1121
  C:14DCH         LINE#         1123
  C:14EBH         LINE#         1124
  C:14FAH         LINE#         1125
  C:150EH         LINE#         1126
  C:152AH         LINE#         1127
  C:1552H         LINE#         1129
  C:1557H         LINE#         1130
  C:1565H         LINE#         1131
  C:156BH         LINE#         1132
  C:156BH         LINE#         1133
  C:156EH         LINE#         1135
  C:156EH         LINE#         1136
  C:158AH         LINE#         1137
  C:15C0H         LINE#         1138
  C:15C0H         LINE#         1139
  C:15C6H         LINE#         1140
  C:15CBH         LINE#         1141
  C:15F3H         LINE#         1142
  C:15FBH         LINE#         1143
  C:1603H         LINE#         1145
  C:1617H         LINE#         1146
  C:162BH         LINE#         1147
  C:163FH         LINE#         1148
  C:1653H         LINE#         1149
  C:1667H         LINE#         1150
  C:167BH         LINE#         1151
  C:168AH         LINE#         1152
  C:169EH         LINE#         1153
  C:16ADH         LINE#         1154
  C:16C1H         LINE#         1155
  C:16D0H         LINE#         1157
  C:16ECH         LINE#         1158
  C:1714H         LINE#         1159
  C:1719H         LINE#         1160
  C:1727H         LINE#         1161
  C:172AH         LINE#         1162
  C:172CH         LINE#         1164
  C:172CH         LINE#         1165
  C:172FH         LINE#         1166
  C:1738H         LINE#         1167
  C:173FH         LINE#         1168
  C:1743H         LINE#         1169
  C:1743H         LINE#         1170
  C:1743H         LINE#         1171
  C:1743H         LINE#         1172
BL51 BANKED LINKER/LOCATER V5.03            10/15/2019  14:23:02  PAGE 20


  C:1743H         LINE#         1174
  C:1746H         LINE#         1175
  C:1746H         LINE#         1176
  C:174EH         LINE#         1177
  C:1757H         LINE#         1178
  C:175BH         LINE#         1179
  C:1764H         LINE#         1180
  C:1768H         LINE#         1181
  C:1771H         LINE#         1182
  C:1775H         LINE#         1183
  C:177BH         LINE#         1185
  C:177BH         LINE#         1187
  C:177BH         LINE#         1188
  C:177BH         LINE#         1189
  C:177EH         LINE#         1191
  C:177EH         LINE#         1192
  C:1786H         LINE#         1193
  C:178EH         LINE#         1194
  C:1792H         LINE#         1195
  C:179AH         LINE#         1196
  C:179EH         LINE#         1197
  C:17A4H         LINE#         1199
  C:17A4H         LINE#         1201
  C:17A4H         LINE#         1202
  C:17A4H         LINE#         1203
  C:17A7H         LINE#         1205
  C:17A7H         LINE#         1206
  C:17AFH         LINE#         1207
  C:17B7H         LINE#         1208
  C:17BBH         LINE#         1209
  C:17C3H         LINE#         1210
  C:17C7H         LINE#         1211
  C:17CFH         LINE#         1212
  C:17D3H         LINE#         1213
  C:17D9H         LINE#         1215
  C:17D9H         LINE#         1217
  C:17D9H         LINE#         1218
  C:17D9H         LINE#         1219
  C:17DCH         LINE#         1221
  C:17DCH         LINE#         1222
  C:17E4H         LINE#         1223
  C:17ECH         LINE#         1224
  C:17F0H         LINE#         1225
  C:17F8H         LINE#         1226
  C:17FCH         LINE#         1227
  C:1804H         LINE#         1228
  C:1808H         LINE#         1229
  C:180EH         LINE#         1231
  C:180EH         LINE#         1233
  C:180EH         LINE#         1234
  C:180EH         LINE#         1235
  C:1810H         LINE#         1237
  C:1810H         LINE#         1238
  C:1818H         LINE#         1239
  C:1820H         LINE#         1240
  C:1824H         LINE#         1241
  C:182CH         LINE#         1242
  C:1830H         LINE#         1243
  C:1838H         LINE#         1244
  C:1843H         LINE#         1245
  C:184BH         LINE#         1246
  C:1859H         LINE#         1247
  C:185FH         LINE#         1250
  C:185FH         LINE#         1252
  C:185FH         LINE#         1253
BL51 BANKED LINKER/LOCATER V5.03            10/15/2019  14:23:02  PAGE 21


  C:1862H         LINE#         1254
  C:1865H         LINE#         1255
  C:1865H         LINE#         1257
  C:1870H         LINE#         1258
  C:1870H         LINE#         1259
  C:1875H         LINE#         1260
  C:1875H         LINE#         1261
  C:1889H         LINE#         1262
  C:1889H         LINE#         1263
  C:1889H         LINE#         1265
  C:1889H         LINE#         1267
  C:188BH         LINE#         1269
  C:188BH         LINE#         1270
  C:18A7H         LINE#         1271
  C:18D7H         LINE#         1272
  C:18D7H         LINE#         1273
  C:18DEH         LINE#         1274
  C:1914H         LINE#         1275
  C:191AH         LINE#         1277
  C:191DH         LINE#         1279
  C:191DH         LINE#         1280
  C:1920H         LINE#         1281
  C:1929H         LINE#         1282
  C:1933H         LINE#         1283
  C:1935H         LINE#         1284
  C:1935H         LINE#         1285
  C:1935H         LINE#         1286
  C:1935H         LINE#         1287
  C:1938H         LINE#         1289
  C:1938H         LINE#         1290
  C:1940H         LINE#         1291
  C:1940H         LINE#         1292
  C:1954H         LINE#         1293
  C:197CH         LINE#         1294
  C:1984H         LINE#         1295
  C:198CH         LINE#         1297
  C:19A0H         LINE#         1298
  C:19B4H         LINE#         1299
  C:19C8H         LINE#         1300
  C:19DCH         LINE#         1301
  C:19F0H         LINE#         1302
  C:1A04H         LINE#         1303
  C:1A13H         LINE#         1304
  C:1A27H         LINE#         1305
  C:1A36H         LINE#         1306
  C:1A4AH         LINE#         1308
  C:1A59H         LINE#         1310
  C:1A75H         LINE#         1311
  C:1A9DH         LINE#         1313
  C:1AA2H         LINE#         1314
  C:1AB0H         LINE#         1316
  C:1AB6H         LINE#         1317
  C:1AB6H         LINE#         1318
  C:1AB9H         LINE#         1320
  C:1AB9H         LINE#         1321
  C:1AD5H         LINE#         1322
  C:1B10H         LINE#         1323
  C:1B10H         LINE#         1324
  C:1B16H         LINE#         1325
  C:1B1BH         LINE#         1326
  C:1B43H         LINE#         1327
  C:1B4BH         LINE#         1328
  C:1B53H         LINE#         1330
  C:1B67H         LINE#         1331
  C:1B7BH         LINE#         1332
BL51 BANKED LINKER/LOCATER V5.03            10/15/2019  14:23:02  PAGE 22


  C:1B8FH         LINE#         1333
  C:1BA3H         LINE#         1334
  C:1BB7H         LINE#         1335
  C:1BCBH         LINE#         1336
  C:1BDAH         LINE#         1337
  C:1BEEH         LINE#         1338
  C:1BFDH         LINE#         1339
  C:1C11H         LINE#         1341
  C:1C20H         LINE#         1343
  C:1C3CH         LINE#         1344
  C:1C64H         LINE#         1345
  C:1C69H         LINE#         1346
  C:1C77H         LINE#         1347
  C:1C7AH         LINE#         1348
  C:1C7CH         LINE#         1350
  C:1C7CH         LINE#         1351
  C:1C7FH         LINE#         1352
  C:1C88H         LINE#         1353
  C:1C92H         LINE#         1354
  C:1C99H         LINE#         1355
  C:1C9DH         LINE#         1356
  C:1C9DH         LINE#         1357
  C:1C9DH         LINE#         1358
  C:1C9DH         LINE#         1359
  C:1C9DH         LINE#         1361
  C:1CA0H         LINE#         1362
  C:1CA0H         LINE#         1363
  C:1CABH         LINE#         1364
  C:1CABH         LINE#         1365
  C:1CB0H         LINE#         1366
  C:1CB0H         LINE#         1367
  C:1CC4H         LINE#         1368
  C:1CC4H         LINE#         1369
  C:1CC4H         LINE#         1370
  C:1CC4H         LINE#         1371
  C:1CC6H         LINE#         1374
  C:1CC6H         LINE#         1375
  C:1CE2H         LINE#         1376
  C:1D13H         LINE#         1377
  C:1D13H         LINE#         1378
  C:1D1AH         LINE#         1379
  C:1D41H         LINE#         1380
  C:1D41H         LINE#         1381
  C:1D44H         LINE#         1383
  C:1D44H         LINE#         1384
  C:1D47H         LINE#         1385
  C:1D50H         LINE#         1386
  C:1D57H         LINE#         1387
  C:1D5BH         LINE#         1388
  C:1D60H         LINE#         1389
  C:1D66H         LINE#         1390
  C:1D66H         LINE#         1391
  C:1D66H         LINE#         1392
  C:1D69H         LINE#         1393
  C:1D74H         LINE#         1394
  C:1D74H         LINE#         1395
  C:1D79H         LINE#         1396
  C:1D79H         LINE#         1397
  C:1D8DH         LINE#         1398
  C:1D8DH         LINE#         1399
  C:1D8DH         LINE#         1400
  C:1D8DH         LINE#         1401
  C:1D8FH         LINE#         1403
  C:1D8FH         LINE#         1404
  C:1DA4H         LINE#         1405
BL51 BANKED LINKER/LOCATER V5.03            10/15/2019  14:23:02  PAGE 23


  C:1DD4H         LINE#         1406
  C:1DD4H         LINE#         1407
  C:1DDBH         LINE#         1408
  C:1DF7H         LINE#         1409
  C:1DF7H         LINE#         1410
  C:1DFAH         LINE#         1412
  C:1DFAH         LINE#         1413
  C:1DFDH         LINE#         1414
  C:1E06H         LINE#         1415
  C:1E0DH         LINE#         1416
  C:1E11H         LINE#         1417
  C:1E17H         LINE#         1418
  C:1E17H         LINE#         1419
  C:1E17H         LINE#         1420
  C:1E1AH         LINE#         1421
  C:1E25H         LINE#         1422
  C:1E25H         LINE#         1423
  C:1E2AH         LINE#         1424
  C:1E2AH         LINE#         1425
  C:1E39H         LINE#         1426
  C:1E39H         LINE#         1427
  C:1E39H         LINE#         1428
  C:1E39H         LINE#         1429
  C:1E39H         LINE#         1430
  C:1E3BH         LINE#         1432
  C:1E3BH         LINE#         1433
  C:1E4CH         LINE#         1434
  C:1E5EH         LINE#         1435
  C:1E5EH         LINE#         1436
  C:1E65H         LINE#         1437
  C:1E9BH         LINE#         1438
  C:1EA0H         LINE#         1439
  C:1EA0H         LINE#         1440
  C:1EA3H         LINE#         1442
  C:1EA3H         LINE#         1443
  C:1EA6H         LINE#         1444
  C:1EAFH         LINE#         1445
  C:1EB6H         LINE#         1446
  C:1EBAH         LINE#         1448
  C:1EC0H         LINE#         1449
  C:1EC0H         LINE#         1450
  C:1EC0H         LINE#         1451
  C:1EC3H         LINE#         1452
  C:1ECEH         LINE#         1453
  C:1ECEH         LINE#         1454
  C:1ED6H         LINE#         1455
  C:1ED6H         LINE#         1456
  C:1EEAH         LINE#         1457
  C:1F12H         LINE#         1458
  C:1F1AH         LINE#         1459
  C:1F22H         LINE#         1461
  C:1F36H         LINE#         1462
  C:1F4AH         LINE#         1463
  C:1F5EH         LINE#         1464
  C:1F72H         LINE#         1465
  C:1F86H         LINE#         1466
  C:1F9AH         LINE#         1467
  C:1FA9H         LINE#         1468
  C:1FB8H         LINE#         1469
  C:1FCCH         LINE#         1470
  C:1FCCH         LINE#         1471
  C:1FCCH         LINE#         1473
  C:1FCCH         LINE#         1474
  C:1FCCH         LINE#         1475
  C:1FCCH         LINE#         1476
BL51 BANKED LINKER/LOCATER V5.03            10/15/2019  14:23:02  PAGE 24


  C:1FCCH         LINE#         1478
  C:1FCCH         LINE#         1479
  C:1FCFH         LINE#         1481
  C:1FCFH         LINE#         1482
  C:1FEBH         LINE#         1483
  C:2021H         LINE#         1484
  C:2021H         LINE#         1485
  C:207AH         LINE#         1486
  C:207AH         LINE#         1487
  C:207FH         LINE#         1488
  C:20A7H         LINE#         1489
  C:20AFH         LINE#         1490
  C:20B7H         LINE#         1492
  C:20CBH         LINE#         1493
  C:20DFH         LINE#         1494
  C:20F3H         LINE#         1495
  C:2107H         LINE#         1496
  C:211BH         LINE#         1497
  C:212FH         LINE#         1498
  C:213EH         LINE#         1499
  C:2152H         LINE#         1501
  C:2161H         LINE#         1502
  C:217DH         LINE#         1503
  C:21A5H         LINE#         1504
  C:21AAH         LINE#         1505
  C:21B1H         LINE#         1506
  C:21BAH         LINE#         1507
  C:21C8H         LINE#         1508
  C:21C8H         LINE#         1509
  C:21CAH         LINE#         1511
  C:21CAH         LINE#         1512
  C:21D8H         LINE#         1513
  C:21DDH         LINE#         1514
  C:21E0H         LINE#         1515
  C:21E0H         LINE#         1517
  C:21E2H         LINE#         1519
  C:21E2H         LINE#         1520
  C:21E5H         LINE#         1521
  C:21EEH         LINE#         1522
  C:21F5H         LINE#         1523
  C:21F9H         LINE#         1525
  C:21FFH         LINE#         1526
  C:21FFH         LINE#         1527
  C:21FFH         LINE#         1528
  C:21FFH         LINE#         1529
  C:21FFH         LINE#         1531
  C:2202H         LINE#         1532
  C:2202H         LINE#         1533
  C:222AH         LINE#         1534
  C:222DH         LINE#         1535
  C:2230H         LINE#         1536
  C:2230H         LINE#         1537
  C:2238H         LINE#         1538
  C:2238H         LINE#         1539
  C:223DH         LINE#         1540
  C:223DH         LINE#         1541
  C:224CH         LINE#         1542
  C:224FH         LINE#         1543
  C:2276H         LINE#         1544
  C:2276H         LINE#         1546
  C:2276H         LINE#         1547
  C:2278H         LINE#         1549
  C:2278H         LINE#         1550
  C:2289H         LINE#         1551
  C:228CH         LINE#         1552
BL51 BANKED LINKER/LOCATER V5.03            10/15/2019  14:23:02  PAGE 25


  C:2293H         LINE#         1553
  C:2299H         LINE#         1555
  C:2299H         LINE#         1556
  C:229CH         LINE#         1558
  C:229CH         LINE#         1559
  C:22A4H         LINE#         1560
  C:22A4H         LINE#         1561
  C:22B8H         LINE#         1562
  C:22E0H         LINE#         1563
  C:22E8H         LINE#         1564
  C:22F0H         LINE#         1566
  C:2304H         LINE#         1567
  C:2318H         LINE#         1568
  C:232CH         LINE#         1569
  C:2354H         LINE#         1570
  C:2368H         LINE#         1571
  C:237CH         LINE#         1572
  C:2390H         LINE#         1573
  C:239FH         LINE#         1574
  C:23B3H         LINE#         1576
  C:23C2H         LINE#         1577
  C:23DEH         LINE#         1578
  C:2406H         LINE#         1580
  C:240BH         LINE#         1581
  C:240BH         LINE#         1582
  C:240BH         LINE#         1583
  C:240EH         LINE#         1585
  C:240EH         LINE#         1587
  C:2423H         LINE#         1588
  C:244CH         LINE#         1589
  C:244CH         LINE#         1590
  C:24D2H         LINE#         1591
  C:24D2H         LINE#         1592
  C:24D7H         LINE#         1593
  C:24FFH         LINE#         1594
  C:2507H         LINE#         1595
  C:250FH         LINE#         1597
  C:2523H         LINE#         1598
  C:2537H         LINE#         1599
  C:254BH         LINE#         1600
  C:255FH         LINE#         1601
  C:2573H         LINE#         1602
  C:2587H         LINE#         1603
  C:259BH         LINE#         1604
  C:25AFH         LINE#         1605
  C:25BEH         LINE#         1606
  C:25D2H         LINE#         1607
  C:25E1H         LINE#         1608
  C:25FDH         LINE#         1609
  C:2625H         LINE#         1610
  C:262BH         LINE#         1611
  C:262EH         LINE#         1612
  C:2630H         LINE#         1614
  C:2630H         LINE#         1615
  C:263EH         LINE#         1616
  C:2641H         LINE#         1617
  C:2641H         LINE#         1618
  C:2643H         LINE#         1620
  C:2643H         LINE#         1621
  C:264AH         LINE#         1622
  C:2650H         LINE#         1623
  C:2650H         LINE#         1624
  C:2650H         LINE#         1625
  C:2650H         LINE#         1626
  C:2654H         LINE#         1628
BL51 BANKED LINKER/LOCATER V5.03            10/15/2019  14:23:02  PAGE 26


  C:2657H         LINE#         1629
  C:2657H         LINE#         1630
  C:265AH         LINE#         1631
  C:265DH         LINE#         1632
  C:265DH         LINE#         1633
  C:2660H         LINE#         1634
  C:2663H         LINE#         1635
  C:2663H         LINE#         1636
  C:2666H         LINE#         1637
  C:2669H         LINE#         1638
  C:2669H         LINE#         1640
  C:2671H         LINE#         1641
  C:2671H         LINE#         1642
  C:2676H         LINE#         1643
  C:2676H         LINE#         1644
  C:267EH         LINE#         1645
  C:2699H         LINE#         1646
  C:2699H         LINE#         1647
  C:2699H         LINE#         1648
  C:269BH         LINE#         1650
  C:269BH         LINE#         1651
  C:269FH         LINE#         1652
  C:26ADH         LINE#         1653
  C:26B2H         LINE#         1654
  C:26B2H         LINE#         1655
  C:26B9H         LINE#         1657
  C:26B9H         LINE#         1658
  C:26BCH         LINE#         1660
  C:26BCH         LINE#         1661
  C:26C3H         LINE#         1662
  C:26DEH         LINE#         1663
  C:26E4H         LINE#         1664
  C:26E4H         LINE#         1665
  C:26E4H         LINE#         1666
  C:26E7H         LINE#         1667
  C:26F2H         LINE#         1668
  C:26F2H         LINE#         1669
  C:26FAH         LINE#         1670
  C:26FAH         LINE#         1671
  C:2702H         LINE#         1672
  C:2708H         LINE#         1673
  C:270DH         LINE#         1674
  C:2735H         LINE#         1675
  C:2749H         LINE#         1676
  C:275DH         LINE#         1677
  C:2771H         LINE#         1678
  C:2785H         LINE#         1679
  C:2799H         LINE#         1680
  C:27ADH         LINE#         1681
  C:27C1H         LINE#         1682
  C:27D5H         LINE#         1683
  C:27E4H         LINE#         1684
  C:27F8H         LINE#         1685
  C:2807H         LINE#         1686
  C:2816H         LINE#         1687
  C:282AH         LINE#         1688
  C:2846H         LINE#         1689
  C:286EH         LINE#         1690
  C:286EH         LINE#         1691
  C:2871H         LINE#         1693
  C:2871H         LINE#         1694
  C:2875H         LINE#         1695
  C:2883H         LINE#         1696
  C:288BH         LINE#         1697
  C:288BH         LINE#         1698
BL51 BANKED LINKER/LOCATER V5.03            10/15/2019  14:23:02  PAGE 27


  C:2891H         LINE#         1699
  C:2896H         LINE#         1700
  C:28BEH         LINE#         1701
  C:28D2H         LINE#         1702
  C:28E6H         LINE#         1703
  C:28FAH         LINE#         1704
  C:290EH         LINE#         1705
  C:2922H         LINE#         1706
  C:2936H         LINE#         1707
  C:294AH         LINE#         1708
  C:295EH         LINE#         1709
  C:296DH         LINE#         1710
  C:2981H         LINE#         1711
  C:2990H         LINE#         1712
  C:299FH         LINE#         1713
  C:29B3H         LINE#         1714
  C:29CFH         LINE#         1715
  C:29F7H         LINE#         1716
  C:29F7H         LINE#         1717
  C:29FAH         LINE#         1719
  C:29FAH         LINE#         1720
  C:2A01H         LINE#         1721
  C:2A1CH         LINE#         1722
  C:2A22H         LINE#         1723
  C:2A22H         LINE#         1724
  C:2A22H         LINE#         1725
  C:2A22H         LINE#         1728
  C:2A25H         LINE#         1730
  C:2A25H         LINE#         1731
  C:2A25H         LINE#         1732
  C:2A25H         LINE#         1733
  C:2A96H         LINE#         1734
  C:2A96H         LINE#         1735
  C:2A96H         LINE#         1736
  C:2A9BH         LINE#         1737
  C:2A9EH         LINE#         1738
  C:2AA1H         LINE#         1739
  C:2AA1H         LINE#         1740
  C:2AA1H         LINE#         1741
  C:2AA1H         LINE#         1742
  C:2AA1H         LINE#         1743
  C:2AA1H         LINE#         1744
  C:2AA1H         LINE#         1745
  C:2AA1H         LINE#         1746
  C:2AA1H         LINE#         1747
  C:2AA1H         LINE#         1748
  C:2AA1H         LINE#         1749
  C:2AA1H         LINE#         1750
  C:2AA1H         LINE#         1751
  C:2AA1H         LINE#         1752
  C:2AA1H         LINE#         1753
  C:2AA6H         LINE#         1754
  C:2AA9H         LINE#         1755
  C:2AACH         LINE#         1756
  C:2AACH         LINE#         1757
  C:2AACH         LINE#         1758
  C:2AACH         LINE#         1759
  C:2AACH         LINE#         1760
  C:2ABAH         LINE#         1761
  C:2ABFH         LINE#         1762
  C:2AC6H         LINE#         1763
  C:2ACFH         LINE#         1765
  C:2AD2H         LINE#         1766
  C:2AD5H         LINE#         1767
  C:2AD5H         LINE#         1768
BL51 BANKED LINKER/LOCATER V5.03            10/15/2019  14:23:02  PAGE 28


  C:2AD5H         LINE#         1769
  C:2AD5H         LINE#         1770
  C:2AD5H         LINE#         1771
  C:2AD5H         LINE#         1772
  C:2ADAH         LINE#         1773
  C:2ADDH         LINE#         1774
  C:2AE0H         LINE#         1775
  C:2AE0H         LINE#         1776
  C:2AE0H         LINE#         1777
  C:2AE0H         LINE#         1780
  C:2AE0H         LINE#         1781
  C:2AE0H         LINE#         1782
  C:2AE3H         LINE#         1783
  C:2AE6H         LINE#         1784
  -------         ENDPROC       MAIN
  -------         PROC          _READINPUT
  D:002DH         SYMBOL        KeyValue
  D:002EH         SYMBOL        CountMax
  C:399BH         LINE#         1796
  C:399FH         LINE#         1797
  C:399FH         LINE#         1798
  C:39EEH         LINE#         1799
  C:39EEH         LINE#         1800
  C:39EEH         LINE#         1801
  C:39EEH         LINE#         1802
  C:39F9H         LINE#         1803
  C:39F9H         LINE#         1804
  C:39FEH         LINE#         1805
  C:3A0EH         LINE#         1806
  C:3A17H         LINE#         1807
  C:3A19H         LINE#         1812
  C:3A19H         LINE#         1813
  C:3A19H         LINE#         1814
  C:3A19H         LINE#         1815
  C:3A19H         LINE#         1816
  C:3A19H         LINE#         1817
  C:3A19H         LINE#         1818
  C:3A19H         LINE#         1819
  C:3A19H         LINE#         1821
  C:3A25H         LINE#         1822
  C:3A25H         LINE#         1823
  C:3A29H         LINE#         1824
  C:3A29H         LINE#         1825
  C:3A2EH         LINE#         1826
  C:3A33H         LINE#         1827
  C:3A43H         LINE#         1828
  C:3A51H         LINE#         1829
  C:3A52H         LINE#         1831
  C:3A52H         LINE#         1832
  C:3A57H         LINE#         1833
  C:3A67H         LINE#         1834
  C:3A6DH         LINE#         1835
  C:3A6FH         LINE#         1837
  C:3A6FH         LINE#         1838
  C:3A6FH         LINE#         1839
  C:3A6FH         LINE#         1840
  C:3A71H         LINE#         1841
  C:3A71H         LINE#         1842
  C:3A76H         LINE#         1843
  C:3A76H         LINE#         1844
  C:3A76H         LINE#         1845
  C:3A76H         LINE#         1846
  C:3A76H         LINE#         1847
  C:3A78H         LINE#         1848
  C:3A82H         LINE#         1849
BL51 BANKED LINKER/LOCATER V5.03            10/15/2019  14:23:02  PAGE 29


  C:3A82H         LINE#         1850
  C:3A82H         LINE#         1851
  C:3A82H         LINE#         1852
  C:3A82H         LINE#         1853
  C:3A82H         LINE#         1855
  C:3A84H         LINE#         1856
  C:3A84H         LINE#         1857
  C:3A89H         LINE#         1858
  C:3A89H         LINE#         1859
  C:3A8EH         LINE#         1860
  C:3A8EH         LINE#         1861
  C:3A8EH         LINE#         1865
  C:3A90H         LINE#         1866
  C:3A96H         LINE#         1867
  C:3A96H         LINE#         1868
  C:3A9BH         LINE#         1869
  C:3AABH         LINE#         1870
  C:3AACH         LINE#         1871
  C:3AB3H         LINE#         1872
  C:3AB3H         LINE#         1873
  C:3AB8H         LINE#         1874
  C:3AC7H         LINE#         1875
  C:3AC7H         LINE#         1876
  C:3AC7H         LINE#         1877
  C:3AC9H         LINE#         1878
  C:3AC9H         LINE#         1879
  C:3AD1H         LINE#         1880
  C:3AD1H         LINE#         1881
  C:3AD6H         LINE#         1882
  C:3AE6H         LINE#         1883
  C:3AECH         LINE#         1884
  C:3AEEH         LINE#         1886
  C:3AEEH         LINE#         1887
  C:3AEEH         LINE#         1888
  C:3AF0H         LINE#         1889
  C:3AF0H         LINE#         1890
  C:3AF0H         LINE#         1891
  C:3AF8H         LINE#         1892
  C:3AF8H         LINE#         1893
  C:3AFDH         LINE#         1894
  C:3B0DH         LINE#         1895
  C:3B16H         LINE#         1896
  C:3B16H         LINE#         1897
  C:3B1BH         LINE#         1898
  C:3B1EH         LINE#         1899
  C:3B1EH         LINE#         1900
  C:3B26H         LINE#         1901
  C:3B28H         LINE#         1903
  C:3B2DH         LINE#         1904
  C:3B2DH         LINE#         1905
  C:3B2DH         LINE#         1906
  C:3B2DH         LINE#         1908
  -------         ENDPROC       _READINPUT
  -------         PROC          INTIALIZEVARIABLES
  -------         DO            
  I:000EH         SYMBOL        Index
  -------         ENDDO         
  C:3C14H         LINE#         1910
  C:3C14H         LINE#         1911
  C:3C14H         LINE#         1913
  C:3C16H         LINE#         1914
  C:3C1BH         LINE#         1915
  C:3C1DH         LINE#         1916
  C:3C20H         LINE#         1917
  C:3C22H         LINE#         1918
BL51 BANKED LINKER/LOCATER V5.03            10/15/2019  14:23:02  PAGE 30


  C:3C23H         LINE#         1919
  C:3C26H         LINE#         1920
  C:3C28H         LINE#         1922
  C:3C35H         LINE#         1923
  C:3C44H         LINE#         1924
  C:3C53H         LINE#         1925
  C:3C62H         LINE#         1926
  C:3C71H         LINE#         1928
  C:3C7EH         LINE#         1929
  C:3C7EH         LINE#         1930
  C:3CA5H         LINE#         1931
  C:3CC0H         LINE#         1932
  C:3CC8H         LINE#         1934
  C:3CCBH         LINE#         1936
  C:3CD0H         LINE#         1937
  -------         ENDPROC       INTIALIZEVARIABLES
  -------         ENDMOD        MAIN

  -------         MODULE        ?C?FPMUL
  C:2AE9H         PUBLIC        ?C?FPMUL
  -------         ENDMOD        ?C?FPMUL

  -------         MODULE        ?C?FPDIV
  C:2BF2H         PUBLIC        ?C?FPDIV
  -------         ENDMOD        ?C?FPDIV

  -------         MODULE        ?C?FCAST
  C:2C99H         PUBLIC        ?C?FCASTC
  C:2C94H         PUBLIC        ?C?FCASTI
  C:2C8FH         PUBLIC        ?C?FCASTL
  -------         ENDMOD        ?C?FCAST

  -------         MODULE        ?C?CASTF
  C:2CCDH         PUBLIC        ?C?CASTF
  -------         ENDMOD        ?C?CASTF

  -------         MODULE        PRINTF
  D:002DH         PUBLIC        ?_PRINTF?BYTE
  D:002DH         PUBLIC        ?_SPRINTF?BYTE
  C:33B1H         PUBLIC        _PRINTF
  C:33ABH         PUBLIC        _SPRINTF
  -------         ENDMOD        PRINTF

  -------         MODULE        ATOF
  C:3E6EH         PUBLIC        _ATOF
  -------         ENDMOD        ATOF

  -------         MODULE        ?C?FPROUND
  C:2D4EH         PUBLIC        ?C?FPROUND
  -------         ENDMOD        ?C?FPROUND

  -------         MODULE        ?C?FPCONVERT
  C:2D7DH         PUBLIC        ?C?FPCONVERT
  -------         ENDMOD        ?C?FPCONVERT

  -------         MODULE        ?C?FPADD
  C:2E87H         PUBLIC        ?C?FPADD
  C:2E83H         PUBLIC        ?C?FPSUB
  -------         ENDMOD        ?C?FPADD

  -------         MODULE        ?C?FPNEG
  C:2F78H         PUBLIC        ?C?FPNEG
  -------         ENDMOD        ?C?FPNEG

  -------         MODULE        ?C?FTNPWR
BL51 BANKED LINKER/LOCATER V5.03            10/15/2019  14:23:02  PAGE 31


  C:2FB9H         PUBLIC        ?C?FTNPWR
  -------         ENDMOD        ?C?FTNPWR

  -------         MODULE        ?C?COPY
  C:30C9H         PUBLIC        ?C?COPY
  -------         ENDMOD        ?C?COPY

  -------         MODULE        ?C?CLDPTR
  C:30EFH         PUBLIC        ?C?CLDPTR
  -------         ENDMOD        ?C?CLDPTR

  -------         MODULE        ?C?CLDOPTR
  C:3108H         PUBLIC        ?C?CLDOPTR
  -------         ENDMOD        ?C?CLDOPTR

  -------         MODULE        ?C?CSTPTR
  C:3135H         PUBLIC        ?C?CSTPTR
  -------         ENDMOD        ?C?CSTPTR

  -------         MODULE        ?C?LMUL
  C:3147H         PUBLIC        ?C?LMUL
  -------         ENDMOD        ?C?LMUL

  -------         MODULE        ?C?LNEG
  C:3196H         PUBLIC        ?C?LNEG
  -------         ENDMOD        ?C?LNEG

  -------         MODULE        ?C?ULCMP
  C:31A4H         PUBLIC        ?C?ULCMP
  -------         ENDMOD        ?C?ULCMP

  -------         MODULE        ?C?LSTXDATA
  C:31B5H         PUBLIC        ?C?LSTXDATA
  -------         ENDMOD        ?C?LSTXDATA

  -------         MODULE        ?C?LSTKXDATA
  C:31C1H         PUBLIC        ?C?LSTKXDATA
  -------         ENDMOD        ?C?LSTKXDATA

  -------         MODULE        ?C?PLDIIDATA
  C:31F2H         PUBLIC        ?C?PLDIIDATA
  -------         ENDMOD        ?C?PLDIIDATA

  -------         MODULE        ?C?CCASE
  C:3202H         PUBLIC        ?C?CCASE
  -------         ENDMOD        ?C?CCASE

  -------         MODULE        PUTCHAR
  C:3EB6H         PUBLIC        _PUTCHAR
  -------         ENDMOD        PUTCHAR

  -------         MODULE        ISSPACE
  C:3EDDH         PUBLIC        _isspace
  -------         ENDMOD        ISSPACE

  -------         MODULE        STRNCMP
  D:002DH         PUBLIC        ?_strncmp?BYTE
  C:3E0BH         PUBLIC        _strncmp
  -------         ENDMOD        STRNCMP

  -------         MODULE        ?C?STRCPY
  C:32F4H         PUBLIC        ?C?STRCPY
  -------         ENDMOD        ?C?STRCPY

  -------         MODULE        ATOI
BL51 BANKED LINKER/LOCATER V5.03            10/15/2019  14:23:02  PAGE 32


  C:3CD1H         PUBLIC        _atoi
  -------         ENDMOD        ATOI

  -------         MODULE        ?C?MEMSET
  C:3311H         PUBLIC        ?C?MEMSET
  -------         ENDMOD        ?C?MEMSET

  -------         MODULE        ?C?IMUL
  C:333DH         PUBLIC        ?C?IMUL
  -------         ENDMOD        ?C?IMUL

  -------         MODULE        ISDIGIT
  C:3EF0H         PUBLIC        _isdigit
  -------         ENDMOD        ISDIGIT

*** WARNING L1: UNRESOLVED EXTERNAL SYMBOL
    SYMBOL:  DECODECOMMANDS
    MODULE:  C:\Users\soroka\Desktop\TBTS_05_10_2019\main.obj (MAIN)

*** WARNING L1: UNRESOLVED EXTERNAL SYMBOL
    SYMBOL:  _LCDGOTOXY
    MODULE:  C:\Users\soroka\Desktop\TBTS_05_10_2019\main.obj (MAIN)

*** WARNING L1: UNRESOLVED EXTERNAL SYMBOL
    SYMBOL:  TESTCONDITION_30N
    MODULE:  C:\Users\soroka\Desktop\TBTS_05_10_2019\main.obj (MAIN)

*** WARNING L1: UNRESOLVED EXTERNAL SYMBOL
    SYMBOL:  WRITERELAYVALUES
    MODULE:  C:\Users\soroka\Desktop\TBTS_05_10_2019\main.obj (MAIN)

*** WARNING L1: UNRESOLVED EXTERNAL SYMBOL
    SYMBOL:  TESTCONDITION_50N
    MODULE:  C:\Users\soroka\Desktop\TBTS_05_10_2019\main.obj (MAIN)

*** WARNING L1: UNRESOLVED EXTERNAL SYMBOL
    SYMBOL:  TESTCONDITION_50P
    MODULE:  C:\Users\soroka\Desktop\TBTS_05_10_2019\main.obj (MAIN)

*** WARNING L1: UNRESOLVED EXTERNAL SYMBOL
    SYMBOL:  KEYBUFFER
    MODULE:  C:\Users\soroka\Desktop\TBTS_05_10_2019\main.obj (MAIN)

*** WARNING L1: UNRESOLVED EXTERNAL SYMBOL
    SYMBOL:  TESTCONDITION_55P
    MODULE:  C:\Users\soroka\Desktop\TBTS_05_10_2019\main.obj (MAIN)

*** WARNING L1: UNRESOLVED EXTERNAL SYMBOL
    SYMBOL:  DATEANDTIMESCREEN
    MODULE:  C:\Users\soroka\Desktop\TBTS_05_10_2019\main.obj (MAIN)

*** WARNING L1: UNRESOLVED EXTERNAL SYMBOL
    SYMBOL:  _PUTSTRINGONRS232
    MODULE:  C:\Users\soroka\Desktop\TBTS_05_10_2019\main.obj (MAIN)

*** WARNING L1: UNRESOLVED EXTERNAL SYMBOL
    SYMBOL:  INTERVALDURATION
    MODULE:  C:\Users\soroka\Desktop\TBTS_05_10_2019\main.obj (MAIN)

*** WARNING L1: UNRESOLVED EXTERNAL SYMBOL
    SYMBOL:  _LCDPUTTEXT
    MODULE:  C:\Users\soroka\Desktop\TBTS_05_10_2019\main.obj (MAIN)

*** WARNING L1: UNRESOLVED EXTERNAL SYMBOL
    SYMBOL:  CHKSUMERR
BL51 BANKED LINKER/LOCATER V5.03            10/15/2019  14:23:02  PAGE 33


    MODULE:  C:\Users\soroka\Desktop\TBTS_05_10_2019\main.obj (MAIN)

*** WARNING L1: UNRESOLVED EXTERNAL SYMBOL
    SYMBOL:  MAINMENU
    MODULE:  C:\Users\soroka\Desktop\TBTS_05_10_2019\main.obj (MAIN)

*** WARNING L1: UNRESOLVED EXTERNAL SYMBOL
    SYMBOL:  SETTIME_DATE
    MODULE:  C:\Users\soroka\Desktop\TBTS_05_10_2019\main.obj (MAIN)

*** WARNING L1: UNRESOLVED EXTERNAL SYMBOL
    SYMBOL:  ?SETTIME_DATE?BYTE
    MODULE:  C:\Users\soroka\Desktop\TBTS_05_10_2019\main.obj (MAIN)

*** WARNING L1: UNRESOLVED EXTERNAL SYMBOL
    SYMBOL:  COMPLETEDPACKET
    MODULE:  C:\Users\soroka\Desktop\TBTS_05_10_2019\main.obj (MAIN)

*** WARNING L1: UNRESOLVED EXTERNAL SYMBOL
    SYMBOL:  RELAYSELECTIONS
    MODULE:  C:\Users\soroka\Desktop\TBTS_05_10_2019\main.obj (MAIN)

*** WARNING L1: UNRESOLVED EXTERNAL SYMBOL
    SYMBOL:  _FLASH_PAGEERASE
    MODULE:  C:\Users\soroka\Desktop\TBTS_05_10_2019\main.obj (MAIN)

*** WARNING L1: UNRESOLVED EXTERNAL SYMBOL
    SYMBOL:  KEYINDEX
    MODULE:  C:\Users\soroka\Desktop\TBTS_05_10_2019\main.obj (MAIN)

[...]
    SYMBOL:  WRITERELAYVALUES
    MODULE:  C:\Users\soroka\Desktop\TBTS_05_10_2019\main.obj (MAIN)
    ADDRESS: 2959H

*** WARNING L2: REFERENCE MADE TO UNRESOLVED EXTERNAL
    SYMBOL:  READRELAYVALUES
    MODULE:  C:\Users\soroka\Desktop\TBTS_05_10_2019\main.obj (MAIN)
    ADDRESS: 295FH

*** WARNING L2: REFERENCE MADE TO UNRESOLVED EXTERNAL
    SYMBOL:  WRITERELAYVALUES
    MODULE:  C:\Users\soroka\Desktop\TBTS_05_10_2019\main.obj (MAIN)
    ADDRESS: 2966H

*** WARNING L2: REFERENCE MADE TO UNRESOLVED EXTERNAL
    SYMBOL:  READRELAYVALUES
    MODULE:  C:\Users\soroka\Desktop\TBTS_05_10_2019\main.obj (MAIN)
    ADDRESS: 296EH

*** WARNING L2: REFERENCE MADE TO UNRESOLVED EXTERNAL
    SYMBOL:  WRITERELAYVALUES
    MODULE:  C:\Users\soroka\Desktop\TBTS_05_10_2019\main.obj (MAIN)
    ADDRESS: 297CH

*** WARNING L2: REFERENCE MADE TO UNRESOLVED EXTERNAL
    SYMBOL:  WRITERELAYVALUES
    MODULE:  C:\Users\soroka\Desktop\TBTS_05_10_2019\main.obj (MAIN)
    ADDRESS: 2982H

*** WARNING L2: REFERENCE MADE TO UNRESOLVED EXTERNAL
    SYMBOL:  WRITERELAYVALUES
    MODULE:  C:\Users\soroka\Desktop\TBTS_05_10_2019\main.obj (MAIN)
    ADDRESS: 2984H

*** WARNING L2: REFERENCE MADE TO UNRESOLVED EXTERNAL
    SYMBOL:  READRELAYVALUES
    MODULE:  C:\Users\soroka\Desktop\TBTS_05_10_2019\main.obj (MAIN)
    ADDRESS: 298AH

*** WARNING L2: REFERENCE MADE TO UNRESOLVED EXTERNAL
    SYMBOL:  READRELAYVALUES
    MODULE:  C:\Users\soroka\Desktop\TBTS_05_10_2019\main.obj (MAIN)
    ADDRESS: 298CH

*** WARNING L2: REFERENCE MADE TO UNRESOLVED EXTERNAL
BL51 BANKED LINKER/LOCATER V5.03            10/15/2019  14:23:02  PAGE 119


    SYMBOL:  READRELAYVALUES
    MODULE:  C:\Users\soroka\Desktop\TBTS_05_10_2019\main.obj (MAIN)
    ADDRESS: 2991H

*** WARNING L2: REFERENCE MADE TO UNRESOLVED EXTERNAL
    SYMBOL:  WRITERELAYVALUES
    MODULE:  C:\Users\soroka\Desktop\TBTS_05_10_2019\main.obj (MAIN)
    ADDRESS: 2998H

*** WARNING L2: REFERENCE MADE TO UNRESOLVED EXTERNAL
    SYMBOL:  READRELAYVALUES
    MODULE:  C:\Users\soroka\Desktop\TBTS_05_10_2019\main.obj (MAIN)
    ADDRESS: 29A0H

*** WARNING L2: REFERENCE MADE TO UNRESOLVED EXTERNAL
    SYMBOL:  WRITERELAYVALUES
    MODULE:  C:\Users\soroka\Desktop\TBTS_05_10_2019\main.obj (MAIN)
    ADDRESS: 29AEH

*** WARNING L2: REFERENCE MADE TO UNRESOLVED EXTERNAL
    SYMBOL:  BATTERYINDEX
    MODULE:  C:\Users\soroka\Desktop\TBTS_05_10_2019\main.obj (MAIN)
    ADDRESS: 29B4H

*** WARNING L2: REFERENCE MADE TO UNRESOLVED EXTERNAL
    SYMBOL:  _FLASH_PAGEERASE
    MODULE:  C:\Users\soroka\Desktop\TBTS_05_10_2019\main.obj (MAIN)
    ADDRESS: 29CDH

*** WARNING L2: REFERENCE MADE TO UNRESOLVED EXTERNAL
    SYMBOL:  BATTERYINDEX
    MODULE:  C:\Users\soroka\Desktop\TBTS_05_10_2019\main.obj (MAIN)
    ADDRESS: 29D0H

*** WARNING L2: REFERENCE MADE TO UNRESOLVED EXTERNAL
    SYMBOL:  WRITERELAYVALUES
    MODULE:  C:\Users\soroka\Desktop\TBTS_05_10_2019\main.obj (MAIN)
    ADDRESS: 29EBH

*** WARNING L2: REFERENCE MADE TO UNRESOLVED EXTERNAL
    SYMBOL:  WRITERELAYVALUES
    MODULE:  C:\Users\soroka\Desktop\TBTS_05_10_2019\main.obj (MAIN)
    ADDRESS: 29EDH

*** WARNING L2: REFERENCE MADE TO UNRESOLVED EXTERNAL
    SYMBOL:  ?_FLASH_WRITE?BYTE
    MODULE:  C:\Users\soroka\Desktop\TBTS_05_10_2019\main.obj (MAIN)
    ADDRESS: 29EFH

*** WARNING L2: REFERENCE MADE TO UNRESOLVED EXTERNAL
    SYMBOL:  ?_FLASH_WRITE?BYTE
    MODULE:  C:\Users\soroka\Desktop\TBTS_05_10_2019\main.obj (MAIN)
    ADDRESS: 29F2H

*** WARNING L2: REFERENCE MADE TO UNRESOLVED EXTERNAL
    SYMBOL:  _FLASH_WRITE
    MODULE:  C:\Users\soroka\Desktop\TBTS_05_10_2019\main.obj (MAIN)
    ADDRESS: 29F5H

*** WARNING L2: REFERENCE MADE TO UNRESOLVED EXTERNAL
    SYMBOL:  _LCDGOTOXY
    MODULE:  C:\Users\soroka\Desktop\TBTS_05_10_2019\main.obj (MAIN)
    ADDRESS: 29FFH

*** WARNING L2: REFERENCE MADE TO UNRESOLVED EXTERNAL
BL51 BANKED LINKER/LOCATER V5.03            10/15/2019  14:23:02  PAGE 120


    SYMBOL:  READRELAYVALUES
    MODULE:  C:\Users\soroka\Desktop\TBTS_05_10_2019\main.obj (MAIN)
    ADDRESS: 2A0BH

*** WARNING L2: REFERENCE MADE TO UNRESOLVED EXTERNAL
    SYMBOL:  KEYBUFFER
    MODULE:  C:\Users\soroka\Desktop\TBTS_05_10_2019\main.obj (MAIN)
    ADDRESS: 2A16H

*** WARNING L2: REFERENCE MADE TO UNRESOLVED EXTERNAL
    SYMBOL:  KEYBUFFER
    MODULE:  C:\Users\soroka\Desktop\TBTS_05_10_2019\main.obj (MAIN)
    ADDRESS: 2A18H

*** WARNING L2: REFERENCE MADE TO UNRESOLVED EXTERNAL
    SYMBOL:  TESTTYPE
    MODULE:  C:\Users\soroka\Desktop\TBTS_05_10_2019\main.obj (MAIN)
    ADDRESS: 2A1DH

*** WARNING L2: REFERENCE MADE TO UNRESOLVED EXTERNAL
    SYMBOL:  MMI_SCREEN
    MODULE:  C:\Users\soroka\Desktop\TBTS_05_10_2019\main.obj (MAIN)
    ADDRESS: 2A26H

*** WARNING L2: REFERENCE MADE TO UNRESOLVED EXTERNAL
    SYMBOL:  _LCDINSTWRITE
    MODULE:  C:\Users\soroka\Desktop\TBTS_05_10_2019\main.obj (MAIN)
    ADDRESS: 2A99H

*** WARNING L2: REFERENCE MADE TO UNRESOLVED EXTERNAL
    SYMBOL:  TESTCONFIGURATIONS
    MODULE:  C:\Users\soroka\Desktop\TBTS_05_10_2019\main.obj (MAIN)
    ADDRESS: 2A9CH

*** WARNING L2: REFERENCE MADE TO UNRESOLVED EXTERNAL
    SYMBOL:  _LCDINSTWRITE
    MODULE:  C:\Users\soroka\Desktop\TBTS_05_10_2019\main.obj (MAIN)
    ADDRESS: 2AA4H

*** WARNING L2: REFERENCE MADE TO UNRESOLVED EXTERNAL
    SYMBOL:  MAINMENU
    MODULE:  C:\Users\soroka\Desktop\TBTS_05_10_2019\main.obj (MAIN)
    ADDRESS: 2AA7H

*** WARNING L2: REFERENCE MADE TO UNRESOLVED EXTERNAL
    SYMBOL:  ?_LCDWRITELINE?BYTE
    MODULE:  C:\Users\soroka\Desktop\TBTS_05_10_2019\main.obj (MAIN)
    ADDRESS: 2AB3H

*** WARNING L2: REFERENCE MADE TO UNRESOLVED EXTERNAL
    SYMBOL:  _LCDWRITELINE
    MODULE:  C:\Users\soroka\Desktop\TBTS_05_10_2019\main.obj (MAIN)
    ADDRESS: 2AB8H

*** WARNING L2: REFERENCE MADE TO UNRESOLVED EXTERNAL
    SYMBOL:  _LCDINSTWRITE
    MODULE:  C:\Users\soroka\Desktop\TBTS_05_10_2019\main.obj (MAIN)
    ADDRESS: 2ABDH

*** WARNING L2: REFERENCE MADE TO UNRESOLVED EXTERNAL
    SYMBOL:  _LCDGOTOXY
    MODULE:  C:\Users\soroka\Desktop\TBTS_05_10_2019\main.obj (MAIN)
    ADDRESS: 2AC4H

*** WARNING L2: REFERENCE MADE TO UNRESOLVED EXTERNAL
BL51 BANKED LINKER/LOCATER V5.03            10/15/2019  14:23:02  PAGE 121


    SYMBOL:  _LCDPUTTEXT
    MODULE:  C:\Users\soroka\Desktop\TBTS_05_10_2019\main.obj (MAIN)
    ADDRESS: 2ACDH

*** WARNING L2: REFERENCE MADE TO UNRESOLVED EXTERNAL
    SYMBOL:  RELAYSELECTIONS
    MODULE:  C:\Users\soroka\Desktop\TBTS_05_10_2019\main.obj (MAIN)
    ADDRESS: 2AD0H

*** WARNING L2: REFERENCE MADE TO UNRESOLVED EXTERNAL
    SYMBOL:  _LCDINSTWRITE
    MODULE:  C:\Users\soroka\Desktop\TBTS_05_10_2019\main.obj (MAIN)
    ADDRESS: 2AD8H

*** WARNING L2: REFERENCE MADE TO UNRESOLVED EXTERNAL
    SYMBOL:  TESTCONDITOION_MENU
    MODULE:  C:\Users\soroka\Desktop\TBTS_05_10_2019\main.obj (MAIN)
    ADDRESS: 2ADBH

*** WARNING L2: REFERENCE MADE TO UNRESOLVED EXTERNAL
    SYMBOL:  TESTTYPE
    MODULE:  C:\Users\soroka\Desktop\TBTS_05_10_2019\main.obj (MAIN)
    ADDRESS: 39A0H

*** WARNING L2: REFERENCE MADE TO UNRESOLVED EXTERNAL
    SYMBOL:  KEYINDEX
    MODULE:  C:\Users\soroka\Desktop\TBTS_05_10_2019\main.obj (MAIN)
    ADDRESS: 39EFH

*** WARNING L2: REFERENCE MADE TO UNRESOLVED EXTERNAL
    SYMBOL:  _LCDPUTCHAR
    MODULE:  C:\Users\soroka\Desktop\TBTS_05_10_2019\main.obj (MAIN)
    ADDRESS: 39FCH

*** WARNING L2: REFERENCE MADE TO UNRESOLVED EXTERNAL
    SYMBOL:  KEYINDEX
    MODULE:  C:\Users\soroka\Desktop\TBTS_05_10_2019\main.obj (MAIN)
    ADDRESS: 39FFH

*** WARNING L2: REFERENCE MADE TO UNRESOLVED EXTERNAL
    SYMBOL:  KEYBUFFER
    MODULE:  C:\Users\soroka\Desktop\TBTS_05_10_2019\main.obj (MAIN)
    ADDRESS: 3A03H

*** WARNING L2: REFERENCE MADE TO UNRESOLVED EXTERNAL
    SYMBOL:  KEYBUFFER
    MODULE:  C:\Users\soroka\Desktop\TBTS_05_10_2019\main.obj (MAIN)
    ADDRESS: 3A08H

*** WARNING L2: REFERENCE MADE TO UNRESOLVED EXTERNAL
    SYMBOL:  KEYINDEX
    MODULE:  C:\Users\soroka\Desktop\TBTS_05_10_2019\main.obj (MAIN)
    ADDRESS: 3A1AH

*** WARNING L2: REFERENCE MADE TO UNRESOLVED EXTERNAL
    SYMBOL:  _LCDPUTCHAR
    MODULE:  C:\Users\soroka\Desktop\TBTS_05_10_2019\main.obj (MAIN)
    ADDRESS: 3A2CH

*** WARNING L2: REFERENCE MADE TO UNRESOLVED EXTERNAL
    SYMBOL:  _LCDPUTCHAR
    MODULE:  C:\Users\soroka\Desktop\TBTS_05_10_2019\main.obj (MAIN)
    ADDRESS: 3A31H

*** WARNING L2: REFERENCE MADE TO UNRESOLVED EXTERNAL
BL51 BANKED LINKER/LOCATER V5.03            10/15/2019  14:23:02  PAGE 122


    SYMBOL:  KEYINDEX
    MODULE:  C:\Users\soroka\Desktop\TBTS_05_10_2019\main.obj (MAIN)
    ADDRESS: 3A34H

*** WARNING L2: REFERENCE MADE TO UNRESOLVED EXTERNAL
    SYMBOL:  KEYBUFFER
    MODULE:  C:\Users\soroka\Desktop\TBTS_05_10_2019\main.obj (MAIN)
    ADDRESS: 3A38H

*** WARNING L2: REFERENCE MADE TO UNRESOLVED EXTERNAL
    SYMBOL:  KEYBUFFER
    MODULE:  C:\Users\soroka\Desktop\TBTS_05_10_2019\main.obj (MAIN)
    ADDRESS: 3A3DH

*** WARNING L2: REFERENCE MADE TO UNRESOLVED EXTERNAL
    SYMBOL:  KEYBUFFER
    MODULE:  C:\Users\soroka\Desktop\TBTS_05_10_2019\main.obj (MAIN)
    ADDRESS: 3A46H

*** WARNING L2: REFERENCE MADE TO UNRESOLVED EXTERNAL
    SYMBOL:  KEYBUFFER
    MODULE:  C:\Users\soroka\Desktop\TBTS_05_10_2019\main.obj (MAIN)
    ADDRESS: 3A4BH

*** WARNING L2: REFERENCE MADE TO UNRESOLVED EXTERNAL
    SYMBOL:  _LCDPUTCHAR
    MODULE:  C:\Users\soroka\Desktop\TBTS_05_10_2019\main.obj (MAIN)
    ADDRESS: 3A55H

*** WARNING L2: REFERENCE MADE TO UNRESOLVED EXTERNAL
    SYMBOL:  KEYINDEX
    MODULE:  C:\Users\soroka\Desktop\TBTS_05_10_2019\main.obj (MAIN)
    ADDRESS: 3A58H

*** WARNING L2: REFERENCE MADE TO UNRESOLVED EXTERNAL
    SYMBOL:  KEYBUFFER
    MODULE:  C:\Users\soroka\Desktop\TBTS_05_10_2019\main.obj (MAIN)
    ADDRESS: 3A5CH

*** WARNING L2: REFERENCE MADE TO UNRESOLVED EXTERNAL
    SYMBOL:  KEYBUFFER
    MODULE:  C:\Users\soroka\Desktop\TBTS_05_10_2019\main.obj (MAIN)
    ADDRESS: 3A61H

*** WARNING L2: REFERENCE MADE TO UNRESOLVED EXTERNAL
    SYMBOL:  KEYINDEX
    MODULE:  C:\Users\soroka\Desktop\TBTS_05_10_2019\main.obj (MAIN)
    ADDRESS: 3A72H

*** WARNING L2: REFERENCE MADE TO UNRESOLVED EXTERNAL
    SYMBOL:  KEYINDEX
    MODULE:  C:\Users\soroka\Desktop\TBTS_05_10_2019\main.obj (MAIN)
    ADDRESS: 3A79H

*** WARNING L2: REFERENCE MADE TO UNRESOLVED EXTERNAL
    SYMBOL:  KEYINDEX
    MODULE:  C:\Users\soroka\Desktop\TBTS_05_10_2019\main.obj (MAIN)
    ADDRESS: 3A85H

*** WARNING L2: REFERENCE MADE TO UNRESOLVED EXTERNAL
    SYMBOL:  _LCDINSTWRITE
    MODULE:  C:\Users\soroka\Desktop\TBTS_05_10_2019\main.obj (MAIN)
    ADDRESS: 3A8CH

*** WARNING L2: REFERENCE MADE TO UNRESOLVED EXTERNAL
BL51 BANKED LINKER/LOCATER V5.03            10/15/2019  14:23:02  PAGE 123


    SYMBOL:  KEYINDEX
    MODULE:  C:\Users\soroka\Desktop\TBTS_05_10_2019\main.obj (MAIN)
    ADDRESS: 3A91H

*** WARNING L2: REFERENCE MADE TO UNRESOLVED EXTERNAL
    SYMBOL:  _LCDPUTCHAR
    MODULE:  C:\Users\soroka\Desktop\TBTS_05_10_2019\main.obj (MAIN)
    ADDRESS: 3A99H

*** WARNING L2: REFERENCE MADE TO UNRESOLVED EXTERNAL
    SYMBOL:  KEYINDEX
    MODULE:  C:\Users\soroka\Desktop\TBTS_05_10_2019\main.obj (MAIN)
    ADDRESS: 3A9CH

*** WARNING L2: REFERENCE MADE TO UNRESOLVED EXTERNAL
    SYMBOL:  KEYBUFFER
    MODULE:  C:\Users\soroka\Desktop\TBTS_05_10_2019\main.obj (MAIN)
    ADDRESS: 3AA0H

*** WARNING L2: REFERENCE MADE TO UNRESOLVED EXTERNAL
    SYMBOL:  KEYBUFFER
    MODULE:  C:\Users\soroka\Desktop\TBTS_05_10_2019\main.obj (MAIN)
    ADDRESS: 3AA5H

*** WARNING L2: REFERENCE MADE TO UNRESOLVED EXTERNAL
    SYMBOL:  KEYINDEX
    MODULE:  C:\Users\soroka\Desktop\TBTS_05_10_2019\main.obj (MAIN)
    ADDRESS: 3AADH

*** WARNING L2: REFERENCE MADE TO UNRESOLVED EXTERNAL
    SYMBOL:  _LCDPUTCHAR
    MODULE:  C:\Users\soroka\Desktop\TBTS_05_10_2019\main.obj (MAIN)
    ADDRESS: 3AB6H

*** WARNING L2: REFERENCE MADE TO UNRESOLVED EXTERNAL
    SYMBOL:  KEYINDEX
    MODULE:  C:\Users\soroka\Desktop\TBTS_05_10_2019\main.obj (MAIN)
    ADDRESS: 3AB9H

*** WARNING L2: REFERENCE MADE TO UNRESOLVED EXTERNAL
    SYMBOL:  KEYBUFFER
    MODULE:  C:\Users\soroka\Desktop\TBTS_05_10_2019\main.obj (MAIN)
    ADDRESS: 3ABCH

*** WARNING L2: REFERENCE MADE TO UNRESOLVED EXTERNAL
    SYMBOL:  KEYBUFFER
    MODULE:  C:\Users\soroka\Desktop\TBTS_05_10_2019\main.obj (MAIN)
    ADDRESS: 3AC1H

*** WARNING L2: REFERENCE MADE TO UNRESOLVED EXTERNAL
    SYMBOL:  KEYINDEX
    MODULE:  C:\Users\soroka\Desktop\TBTS_05_10_2019\main.obj (MAIN)
    ADDRESS: 3ACAH

*** WARNING L2: REFERENCE MADE TO UNRESOLVED EXTERNAL
    SYMBOL:  _LCDPUTCHAR
    MODULE:  C:\Users\soroka\Desktop\TBTS_05_10_2019\main.obj (MAIN)
    ADDRESS: 3AD4H

*** WARNING L2: REFERENCE MADE TO UNRESOLVED EXTERNAL
    SYMBOL:  KEYINDEX
    MODULE:  C:\Users\soroka\Desktop\TBTS_05_10_2019\main.obj (MAIN)
    ADDRESS: 3AD7H

*** WARNING L2: REFERENCE MADE TO UNRESOLVED EXTERNAL
BL51 BANKED LINKER/LOCATER V5.03            10/15/2019  14:23:02  PAGE 124


    SYMBOL:  KEYBUFFER
    MODULE:  C:\Users\soroka\Desktop\TBTS_05_10_2019\main.obj (MAIN)
    ADDRESS: 3ADBH

*** WARNING L2: REFERENCE MADE TO UNRESOLVED EXTERNAL
    SYMBOL:  KEYBUFFER
    MODULE:  C:\Users\soroka\Desktop\TBTS_05_10_2019\main.obj (MAIN)
    ADDRESS: 3AE0H

*** WARNING L2: REFERENCE MADE TO UNRESOLVED EXTERNAL
    SYMBOL:  KEYINDEX
    MODULE:  C:\Users\soroka\Desktop\TBTS_05_10_2019\main.obj (MAIN)
    ADDRESS: 3AF1H

*** WARNING L2: REFERENCE MADE TO UNRESOLVED EXTERNAL
    SYMBOL:  _LCDPUTCHAR
    MODULE:  C:\Users\soroka\Desktop\TBTS_05_10_2019\main.obj (MAIN)
    ADDRESS: 3AFBH

*** WARNING L2: REFERENCE MADE TO UNRESOLVED EXTERNAL
    SYMBOL:  KEYINDEX
    MODULE:  C:\Users\soroka\Desktop\TBTS_05_10_2019\main.obj (MAIN)
    ADDRESS: 3AFEH

*** WARNING L2: REFERENCE MADE TO UNRESOLVED EXTERNAL
    SYMBOL:  KEYBUFFER
    MODULE:  C:\Users\soroka\Desktop\TBTS_05_10_2019\main.obj (MAIN)
    ADDRESS: 3B02H

*** WARNING L2: REFERENCE MADE TO UNRESOLVED EXTERNAL
    SYMBOL:  KEYBUFFER
    MODULE:  C:\Users\soroka\Desktop\TBTS_05_10_2019\main.obj (MAIN)
    ADDRESS: 3B07H

*** WARNING L2: REFERENCE MADE TO UNRESOLVED EXTERNAL
    SYMBOL:  _LCDINSTWRITE
    MODULE:  C:\Users\soroka\Desktop\TBTS_05_10_2019\main.obj (MAIN)
    ADDRESS: 3B19H

*** WARNING L2: REFERENCE MADE TO UNRESOLVED EXTERNAL
    SYMBOL:  KEYINDEX
    MODULE:  C:\Users\soroka\Desktop\TBTS_05_10_2019\main.obj (MAIN)
    ADDRESS: 3B1CH

*** WARNING L2: REFERENCE MADE TO UNRESOLVED EXTERNAL
    SYMBOL:  KEYINDEX
    MODULE:  C:\Users\soroka\Desktop\TBTS_05_10_2019\main.obj (MAIN)
    ADDRESS: 3B1FH

*** WARNING L2: REFERENCE MADE TO UNRESOLVED EXTERNAL
    SYMBOL:  _LCDINSTWRITE
    MODULE:  C:\Users\soroka\Desktop\TBTS_05_10_2019\main.obj (MAIN)
    ADDRESS: 3B2BH

*** WARNING L2: REFERENCE MADE TO UNRESOLVED EXTERNAL
    SYMBOL:  GBDEBUGPORT
    MODULE:  C:\Users\soroka\Desktop\TBTS_05_10_2019\main.obj (MAIN)
    ADDRESS: 3C15H

*** WARNING L2: REFERENCE MADE TO UNRESOLVED EXTERNAL
    SYMBOL:  RECORDSUSED
    MODULE:  C:\Users\soroka\Desktop\TBTS_05_10_2019\main.obj (MAIN)
    ADDRESS: 3C18H

*** WARNING L2: REFERENCE MADE TO UNRESOLVED EXTERNAL
BL51 BANKED LINKER/LOCATER V5.03            10/15/2019  14:23:02  PAGE 125


    SYMBOL:  COMPLETEDPACKET
    MODULE:  C:\Users\soroka\Desktop\TBTS_05_10_2019\main.obj (MAIN)
    ADDRESS: 3C1CH

*** WARNING L2: REFERENCE MADE TO UNRESOLVED EXTERNAL
    SYMBOL:  KEYINDEX
    MODULE:  C:\Users\soroka\Desktop\TBTS_05_10_2019\main.obj (MAIN)
    ADDRESS: 3C1EH

*** WARNING L2: REFERENCE MADE TO UNRESOLVED EXTERNAL
    SYMBOL:  TRANSMITCHKSUM
    MODULE:  C:\Users\soroka\Desktop\TBTS_05_10_2019\main.obj (MAIN)
    ADDRESS: 3C21H

*** WARNING L2: REFERENCE MADE TO UNRESOLVED EXTERNAL
    SYMBOL:  FREERECORDS
    MODULE:  C:\Users\soroka\Desktop\TBTS_05_10_2019\main.obj (MAIN)
    ADDRESS: 3C24H

*** WARNING L2: REFERENCE MADE TO UNRESOLVED EXTERNAL
    SYMBOL:  REMOTE
    MODULE:  C:\Users\soroka\Desktop\TBTS_05_10_2019\main.obj (MAIN)
    ADDRESS: 3C27H

*** WARNING L2: REFERENCE MADE TO UNRESOLVED EXTERNAL
    SYMBOL:  STRECORDINFO
    MODULE:  C:\Users\soroka\Desktop\TBTS_05_10_2019\main.obj (MAIN)
    ADDRESS: 3C2FH

*** WARNING L2: REFERENCE MADE TO UNRESOLVED EXTERNAL
    SYMBOL:  STRECORDINFO
    MODULE:  C:\Users\soroka\Desktop\TBTS_05_10_2019\main.obj (MAIN)
    ADDRESS: 3C31H

*** WARNING L2: REFERENCE MADE TO UNRESOLVED EXTERNAL
    SYMBOL:  WRITERELAYVALUES
    MODULE:  C:\Users\soroka\Desktop\TBTS_05_10_2019\main.obj (MAIN)
    ADDRESS: 3C3EH

*** WARNING L2: REFERENCE MADE TO UNRESOLVED EXTERNAL
    SYMBOL:  WRITERELAYVALUES
    MODULE:  C:\Users\soroka\Desktop\TBTS_05_10_2019\main.obj (MAIN)
    ADDRESS: 3C40H

*** WARNING L2: REFERENCE MADE TO UNRESOLVED EXTERNAL
    SYMBOL:  READRELAYVALUES
    MODULE:  C:\Users\soroka\Desktop\TBTS_05_10_2019\main.obj (MAIN)
    ADDRESS: 3C4DH

*** WARNING L2: REFERENCE MADE TO UNRESOLVED EXTERNAL
    SYMBOL:  READRELAYVALUES
    MODULE:  C:\Users\soroka\Desktop\TBTS_05_10_2019\main.obj (MAIN)
    ADDRESS: 3C4FH

*** WARNING L2: REFERENCE MADE TO UNRESOLVED EXTERNAL
    SYMBOL:  STRECORDREADINFO
    MODULE:  C:\Users\soroka\Desktop\TBTS_05_10_2019\main.obj (MAIN)
    ADDRESS: 3C5CH

*** WARNING L2: REFERENCE MADE TO UNRESOLVED EXTERNAL
    SYMBOL:  STRECORDREADINFO
    MODULE:  C:\Users\soroka\Desktop\TBTS_05_10_2019\main.obj (MAIN)
    ADDRESS: 3C5EH

*** WARNING L2: REFERENCE MADE TO UNRESOLVED EXTERNAL
BL51 BANKED LINKER/LOCATER V5.03            10/15/2019  14:23:02  PAGE 126


    SYMBOL:  ADCCH
    MODULE:  C:\Users\soroka\Desktop\TBTS_05_10_2019\main.obj (MAIN)
    ADDRESS: 3C6BH

*** WARNING L2: REFERENCE MADE TO UNRESOLVED EXTERNAL
    SYMBOL:  ADCCH
    MODULE:  C:\Users\soroka\Desktop\TBTS_05_10_2019\main.obj (MAIN)
    ADDRESS: 3C6DH

*** WARNING L2: REFERENCE MADE TO UNRESOLVED EXTERNAL
    SYMBOL:  STRECORDREADINFO
    MODULE:  C:\Users\soroka\Desktop\TBTS_05_10_2019\main.obj (MAIN)
    ADDRESS: 3C99H

*** WARNING L2: REFERENCE MADE TO UNRESOLVED EXTERNAL
    SYMBOL:  STRECORDREADINFO
    MODULE:  C:\Users\soroka\Desktop\TBTS_05_10_2019\main.obj (MAIN)
    ADDRESS: 3C9BH

*** WARNING L2: REFERENCE MADE TO UNRESOLVED EXTERNAL
    SYMBOL:  ?_FLASH_READ?BYTE
    MODULE:  C:\Users\soroka\Desktop\TBTS_05_10_2019\main.obj (MAIN)
    ADDRESS: 3C9DH

*** WARNING L2: REFERENCE MADE TO UNRESOLVED EXTERNAL
    SYMBOL:  ?_FLASH_READ?BYTE
    MODULE:  C:\Users\soroka\Desktop\TBTS_05_10_2019\main.obj (MAIN)
    ADDRESS: 3CA0H

*** WARNING L2: REFERENCE MADE TO UNRESOLVED EXTERNAL
    SYMBOL:  _FLASH_READ
    MODULE:  C:\Users\soroka\Desktop\TBTS_05_10_2019\main.obj (MAIN)
    ADDRESS: 3CA3H

*** WARNING L2: REFERENCE MADE TO UNRESOLVED EXTERNAL
    SYMBOL:  STRECORDREADINFO
    MODULE:  C:\Users\soroka\Desktop\TBTS_05_10_2019\main.obj (MAIN)
    ADDRESS: 3CB7H

*** WARNING L2: REFERENCE MADE TO UNRESOLVED EXTERNAL
    SYMBOL:  STRECORDREADINFO
    MODULE:  C:\Users\soroka\Desktop\TBTS_05_10_2019\main.obj (MAIN)
    ADDRESS: 3CB9H

*** WARNING L2: REFERENCE MADE TO UNRESOLVED EXTERNAL
    SYMBOL:  RECORDSUSED
    MODULE:  C:\Users\soroka\Desktop\TBTS_05_10_2019\main.obj (MAIN)
    ADDRESS: 3CC1H

*** WARNING L2: REFERENCE MADE TO UNRESOLVED EXTERNAL
    SYMBOL:  FREERECORDS
    MODULE:  C:\Users\soroka\Desktop\TBTS_05_10_2019\main.obj (MAIN)
    ADDRESS: 3CC9H

Program Size: data=56.1 xdata=0 code=16131
LINK/LOCATE RUN COMPLETE.  1243 WARNING(S),  0 ERROR(S)
