BL51 BANKED LINKER/LOCATER V5.03              10/15/2019  17:32:09  PAGE 1


BL51 BANKED LINKER/LOCATER V5.03, INVOKED BY:
D:\KEIL\C51\BIN\BL51.EXE C:\Users\soroka\Desktop\TBTS_05_10_2019\main.obj, C:\
>> Users\soroka\Desktop\TBTS_05_10_2019\uart.obj, C:\Users\soroka\Desktop\TBTS
>> _05_10_2019\rtc.obj, C:\Users\soroka\Desktop\TBTS_05_10_2019\lcd.obj, C:\Us
>> ers\soroka\Desktop\TBTS_05_10_2019\Keypad.obj, C:\Users\soroka\Desktop\TBTS
>> _05_10_2019\Flash_Tbt.obj, C:\Users\soroka\Desktop\TBTS_05_10_2019\Flash_in
>> ternal.obj, C:\Users\soroka\Desktop\TBTS_05_10_2019\Ext_Adc.obj, C:\Users\s
>> oroka\Desktop\TBTS_05_10_2019\crossbar.obj TO C:\Users\soroka\Desktop\TBTS_
>> 05_10_2019\tbts5 RS (256) PL (68) PW (78)


MEMORY MODEL: SMALL WITH FLOATING POINT ARITHMETIC


INPUT MODULES INCLUDED:
  C:\Users\soroka\Desktop\TBTS_05_10_2019\main.obj (MAIN)
  C:\Users\soroka\Desktop\TBTS_05_10_2019\uart.obj (UART)
  C:\Users\soroka\Desktop\TBTS_05_10_2019\rtc.obj (RTC)
  C:\Users\soroka\Desktop\TBTS_05_10_2019\lcd.obj (LCD)
  C:\Users\soroka\Desktop\TBTS_05_10_2019\Keypad.obj (KEYPAD)
  C:\Users\soroka\Desktop\TBTS_05_10_2019\Flash_Tbt.obj (FLASH_TBT)
  C:\Users\soroka\Desktop\TBTS_05_10_2019\Flash_internal.obj (FLASH_INTERNAL)
  C:\Users\soroka\Desktop\TBTS_05_10_2019\Ext_Adc.obj (EXT_ADC)
  C:\Users\soroka\Desktop\TBTS_05_10_2019\crossbar.obj (CROSSBAR)
  D:\KEIL\C51\LIB\C51FPS.LIB (?C?FPADD)
  D:\KEIL\C51\LIB\C51FPS.LIB (?C?FPMUL)
  D:\KEIL\C51\LIB\C51FPS.LIB (?C?FPDIV)
  D:\KEIL\C51\LIB\C51FPS.LIB (?C?FPCMP)
  D:\KEIL\C51\LIB\C51FPS.LIB (?C?FCAST)
  D:\KEIL\C51\LIB\C51FPS.LIB (?C?CASTF)
  D:\KEIL\C51\LIB\C51FPS.LIB (PRINTF)
  D:\KEIL\C51\LIB\C51FPS.LIB (ATOF)
  D:\KEIL\C51\LIB\C51FPS.LIB (?C?FPGETOPN)
  D:\KEIL\C51\LIB\C51FPS.LIB (?C?FPROUND)
  D:\KEIL\C51\LIB\C51FPS.LIB (?C?FPCONVERT)
  D:\KEIL\C51\LIB\C51FPS.LIB (?C?ATOF)
  D:\KEIL\C51\LIB\C51FPS.LIB (?C?FPNEG)
  D:\KEIL\C51\LIB\C51FPS.LIB (?C?FTNPWR)
  D:\KEIL\C51\LIB\C51S.LIB (?C_STARTUP)
  D:\KEIL\C51\LIB\C51S.LIB (?C?COPY)
  D:\KEIL\C51\LIB\C51S.LIB (?C?CLDPTR)
  D:\KEIL\C51\LIB\C51S.LIB (?C?CLDOPTR)
  D:\KEIL\C51\LIB\C51S.LIB (?C?CSTPTR)
  D:\KEIL\C51\LIB\C51S.LIB (?C?CSTOPTR)
  D:\KEIL\C51\LIB\C51S.LIB (?C?IMUL)
  D:\KEIL\C51\LIB\C51S.LIB (?C?SIDIV)
  D:\KEIL\C51\LIB\C51S.LIB (?C?ISTOPTR)
  D:\KEIL\C51\LIB\C51S.LIB (?C?LMUL)
  D:\KEIL\C51\LIB\C51S.LIB (?C?ULDIV)
  D:\KEIL\C51\LIB\C51S.LIB (?C?LNEG)
  D:\KEIL\C51\LIB\C51S.LIB (?C?ULCMP)
  D:\KEIL\C51\LIB\C51S.LIB (?C?ULSHR)
  D:\KEIL\C51\LIB\C51S.LIB (?C?LSHL)
  D:\KEIL\C51\LIB\C51S.LIB (?C?LLDIDATA)
  D:\KEIL\C51\LIB\C51S.LIB (?C?LLDIDATA0)
  D:\KEIL\C51\LIB\C51S.LIB (?C?LLDIIDATA)
  D:\KEIL\C51\LIB\C51S.LIB (?C?LILDIDATA)
  D:\KEIL\C51\LIB\C51S.LIB (?C?LSTIDATA)
  D:\KEIL\C51\LIB\C51S.LIB (?C?LSTXDATA)
  D:\KEIL\C51\LIB\C51S.LIB (?C?LSTKIDATA)
  D:\KEIL\C51\LIB\C51S.LIB (?C?LSTKXDATA)
  D:\KEIL\C51\LIB\C51S.LIB (?C?PLDIIDATA)
  D:\KEIL\C51\LIB\C51S.LIB (?C?CCASE)
  D:\KEIL\C51\LIB\C51S.LIB (PUTCHAR)
  D:\KEIL\C51\LIB\C51S.LIB (ISSPACE)
  D:\KEIL\C51\LIB\C51S.LIB (STRNCAT)
BL51 BANKED LINKER/LOCATER V5.03            10/15/2019  17:32:09  PAGE 2


  D:\KEIL\C51\LIB\C51S.LIB (?C?STRCMP)
  D:\KEIL\C51\LIB\C51S.LIB (STRNCMP)
  D:\KEIL\C51\LIB\C51S.LIB (?C?STRCPY)
  D:\KEIL\C51\LIB\C51S.LIB (STRLEN)
  D:\KEIL\C51\LIB\C51S.LIB (STRTOK)
  D:\KEIL\C51\LIB\C51S.LIB (ATOL)
  D:\KEIL\C51\LIB\C51S.LIB (ATOI)
  D:\KEIL\C51\LIB\C51S.LIB (?C?MEMSET)
  D:\KEIL\C51\LIB\C51S.LIB (?C_INIT)
  D:\KEIL\C51\LIB\C51S.LIB (?C?UIDIV)
  D:\KEIL\C51\LIB\C51S.LIB (ISDIGIT)
  D:\KEIL\C51\LIB\C51S.LIB (STRSPN)
  D:\KEIL\C51\LIB\C51S.LIB (STRPBRK)


LINK MAP OF MODULE:  C:\Users\soroka\Desktop\TBTS_05_10_2019\tbts5 (MAIN)


            TYPE    BASE      LENGTH    RELOCATION   SEGMENT NAME
            -----------------------------------------------------

            * * * * * * *   D A T A   M E M O R Y   * * * * * * *
            REG     0000H     0008H     ABSOLUTE     "REG BANK 0"
            DATA    0008H     0009H     UNIT         ?DT?CROSSBAR
            DATA    0011H     0005H     UNIT         ?DT?MAIN
            DATA    0016H     0004H     UNIT         ?DT?RTC
            DATA    001AH     0003H     UNIT         ?DT?STRTOK
            DATA    001DH     0001H     UNIT         ?DT?UART
            DATA    001EH     0001H     UNIT         ?DT?LCD
            DATA    001FH     0001H     UNIT         ?DT?KEYPAD
            BIT     0020H.0   0001H.2   UNIT         _BIT_GROUP_
            BIT     0021H.2   0000H.3   UNIT         ?BI?UART
            BIT     0021H.5   0000H.2   UNIT         ?BI?FLASH_TBT
            BIT     0021H.7   0000H.2   UNIT         ?BI?CROSSBAR
            BIT     0022H.1   0000H.1   UNIT         ?BI?RTC
                    0022H.2   0000H.6                *** GAP ***
            DATA    0023H     0056H     UNIT         _DATA_GROUP_
            DATA    0079H     0001H     UNIT         ?DT?FLASH_TBT
            IDATA   007AH     0026H     UNIT         _IDATA_GROUP_
            IDATA   00A0H     000BH     UNIT         ?ID?FLASH_TBT
            IDATA   00ABH     0003H     UNIT         ?ID?LCD
            IDATA   00AEH     0001H     UNIT         ?STACK

            * * * * * * *  X D A T A   M E M O R Y  * * * * * * *
            XDATA   0000H     0C8BH     UNIT         ?XD?FLASH_TBT
            XDATA   0C8BH     038EH     UNIT         ?XD?UART
            XDATA   1019H     001AH     UNIT         _XDATA_GROUP_
            XDATA   1033H     0011H     UNIT         ?XD?LCD
            XDATA   1044H     0008H     UNIT         ?XD?RTC

            * * * * * * *   C O D E   M E M O R Y   * * * * * * *
            CODE    0000H     0003H     ABSOLUTE     
            CODE    0003H     0003H     ABSOLUTE     
            CODE    0006H     001CH     UNIT         ?PR?_PUTCHARONRS232?UART
                    0022H     0001H                  *** GAP ***
            CODE    0023H     0003H     ABSOLUTE     
            CODE    0026H     0015H     UNIT         ?PR?_STRLEN?STRLEN
            CODE    003BH     0003H     ABSOLUTE     
            CODE    003EH     0044H     UNIT         ?PR?_FLASH_WRITE?FLASH_IN
>> TERNAL
                    0082H     0001H                  *** GAP ***
            CODE    0083H     0003H     ABSOLUTE     
            CODE    0086H     001CH     UNIT         ?PR?PORTIOINIT?CROSSBAR
                    00A2H     0001H                  *** GAP ***
            CODE    00A3H     0003H     ABSOLUTE     
BL51 BANKED LINKER/LOCATER V5.03            10/15/2019  17:32:09  PAGE 3


            CODE    00A6H     2AE6H     UNIT         ?PR?MAIN?MAIN
            CODE    2B8CH     1902H     UNIT         ?PR?DECODECOMMANDS?UART
            CODE    448EH     0CC4H     UNIT         ?C?LIB_CODE
            CODE    5152H     098AH     UNIT         ?PR?_WRITEFILETOFLASH?FLA
>> SH_TBT
            CODE    5ADCH     05A3H     UNIT         ?CO?LCD
            CODE    607FH     046FH     UNIT         ?PR?PRINTF?PRINTF
            CODE    64EEH     0320H     UNIT         ?PR?READRECORDLISTS?UART
            CODE    680EH     0206H     UNIT         ?PR?ONEMILLISECISR?CROSSB
>> AR
            CODE    6A14H     01DDH     UNIT         ?CO?MAIN
            CODE    6BF1H     0193H     UNIT         ?PR?_READINPUT?MAIN
            CODE    6D84H     0170H     UNIT         ?CO?FLASH_TBT
            CODE    6EF4H     015CH     UNIT         ?PR?FLASHWRITE?FLASH_TBT
            CODE    7050H     0152H     UNIT         ?PR?_READFILEFROMFLASH?FL
>> ASH_TBT
            CODE    71A2H     012EH     UNIT         ?PR?INTERVALDURATION?LCD
            CODE    72D0H     0127H     UNIT         ?PR?UART0_ISR?UART
            CODE    73F7H     0124H     UNIT         ?PR?RELAYSELECTIONS?LCD
            CODE    751BH     0122H     UNIT         ?CO?UART
            CODE    763DH     0120H     UNIT         ?PR?DATEANDTIMESCREEN?LCD
>> 
            CODE    775DH     011FH     UNIT         ?PR?SCANKEYPAD?KEYPAD
            CODE    787CH     00E7H     UNIT         ?PR?READADCDATA?EXT_ADC
            CODE    7963H     00E6H     UNIT         ?PR??C?ATOF??C?ATOF
            CODE    7A49H     00E3H     UNIT         ?PR?FLASHSECTORERASE?FLAS
>> H_TBT
            CODE    7B2CH     00DFH     UNIT         ?PR?_ERASERECORDS?FLASH_T
>> BT
            CODE    7C0BH     00DEH     UNIT         ?PR?_ATOL?ATOL
            CODE    7CE9H     00BFH     UNIT         ?PR?NEWRELAYK1?LCD
            CODE    7DA8H     00BFH     UNIT         ?PR?NEWRELAYK2?LCD
            CODE    7E67H     00BFH     UNIT         ?PR?NEWRELAYK3?LCD
            CODE    7F26H     00BFH     UNIT         ?PR?SECTIONSETTINGS?LCD
            CODE    7FE5H     00BEH     UNIT         ?PR?IGNITERSETTINGS?LCD
            CODE    80A3H     00BDH     UNIT         ?PR?INTIALIZEVARIABLES?MA
>> IN
            CODE    8160H     00B4H     UNIT         ?PR?FLASHREAD?FLASH_TBT
            CODE    8214H     00AFH     UNIT         ?PR?SMBUS_ISR?RTC
            CODE    82C3H     00AEH     UNIT         ?PR?_ATOI?ATOI
            CODE    8371H     0098H     UNIT         ?PR?RECORDSINFORMATION?LC
>> D
            CODE    8409H     0097H     UNIT         ?PR?DISPLAYTIME?RTC
            CODE    84A0H     008CH     UNIT         ?C_C51STARTUP
            CODE    852CH     0089H     UNIT         ?PR?_STRNCAT?STRNCAT
            CODE    85B5H     0083H     UNIT         ?PR?_GETTIME_DATE?RTC
            CODE    8638H     0080H     UNIT         ?PR?_STRTOK?STRTOK
            CODE    86B8H     0078H     UNIT         ?PR?_LCDWRITELINE?LCD
            CODE    8730H     006AH     UNIT         ?PR?_READ_DEVICE_ID_STATU
>> S?FLASH_TBT
            CODE    879AH     0069H     UNIT         ?PR?_FLASH_BYTEWRITE?FLAS
>> H_INTERNAL
            CODE    8803H     0067H     UNIT         ?PR?TESTPROCESSING?LCD
            CODE    886AH     0067H     UNIT         ?PR?_FLASH_PAGEERASE?FLAS
>> H_INTERNAL
            CODE    88D1H     0063H     UNIT         ?PR?_STRNCMP?STRNCMP
            CODE    8934H     0061H     UNIT         ?PR?_STRSPN?STRSPN
            CODE    8995H     005FH     UNIT         ?PR?READDIRECTORY?FLASH_T
>> BT
            CODE    89F4H     005DH     UNIT         ?PR?_STRPBRK?STRPBRK
            CODE    8A51H     005AH     UNIT         ?PR?TESTCONFIGURATIONS?LC
>> D
            CODE    8AABH     0050H     UNIT         ?PR?_FLASH_BYTEREAD?FLASH
>> _INTERNAL
            CODE    8AFBH     0049H     UNIT         ?PR?_SENDDATATORS232?UART
BL51 BANKED LINKER/LOCATER V5.03            10/15/2019  17:32:09  PAGE 4


>> 
            CODE    8B44H     0048H     UNIT         ?C_INITSEG
            CODE    8B8CH     0048H     UNIT         ?PR?_LCDGOTOXY?LCD
            CODE    8BD4H     0048H     UNIT         ?PR?BATTERYSERAILNUMBER?L
>> CD
            CODE    8C1CH     0048H     UNIT         ?PR?ATOF?ATOF
            CODE    8C64H     0047H     UNIT         ?PR?_MYATOI?UART
            CODE    8CABH     0043H     UNIT         ?PR?TESTCONDITION_50P?LCD
>> 
            CODE    8CEEH     0043H     UNIT         ?PR?TESTCONDITION_30N?LCD
>> 
            CODE    8D31H     0043H     UNIT         ?PR?TESTCONDITION_55P?LCD
>> 
            CODE    8D74H     0043H     UNIT         ?PR?TESTCONDITION_ROOM_TE
>> MP?LCD
            CODE    8DB7H     0043H     UNIT         ?PR?_FLASH_READ?FLASH_INT
>> ERNAL
            CODE    8DFAH     0042H     UNIT         ?PR?_MYSTRNCPY?UART
            CODE    8E3CH     003FH     UNIT         ?PR?_CHAR2DECIMAL?UART
            CODE    8E7BH     003DH     UNIT         ?PR?_LCDPUTTEXT?LCD
            CODE    8EB8H     003DH     UNIT         ?PR?TESTCONDITION_50N?LCD
>> 
            CODE    8EF5H     0038H     UNIT         ?PR?WELCOMESCREEN?LCD
            CODE    8F2DH     0037H     UNIT         ?PR?SETTINGS?LCD
            CODE    8F64H     0037H     UNIT         ?PR?_TIMER0_US?FLASH_TBT
            CODE    8F9BH     0031H     UNIT         ?PR?SETTIME_DATE?RTC
            CODE    8FCCH     0031H     UNIT         ?PR?CYGNALINIT?CROSSBAR
            CODE    8FFDH     002EH     UNIT         ?PR?GETACTIVEBATTERIES?UA
>> RT
            CODE    902BH     002EH     UNIT         ?CO?RTC
            CODE    9059H     002EH     UNIT         ?PR?CONNECTBATTERYTERMINA
>> LS?LCD
            CODE    9087H     002EH     UNIT         ?PR?_ENABLEDISABLECHIPSEL
>> ECT?FLASH_TBT
            CODE    90B5H     002CH     UNIT         ?PR?RESETTOABORT?LCD
            CODE    90E1H     002BH     UNIT         ?PR?_PUTSTRINGONRS232?UAR
>> T
            CODE    910CH     002BH     UNIT         ?PR?_CHECKSUM?UART
            CODE    9137H     002AH     UNIT         ?PR?_RECVBYTEFROMRTC?RTC
            CODE    9161H     0029H     UNIT         ?PR?MAINMENU?LCD
            CODE    918AH     0029H     UNIT         ?PR?TESTCOMPLETED?LCD
            CODE    91B3H     0029H     UNIT         ?PR?TESTCONDITOION_MENU?L
>> CD
            CODE    91DCH     0027H     UNIT         ?PR?_DELAYLONG?RTC
            CODE    9203H     0027H     UNIT         ?PR?PUTCHAR?PUTCHAR
            CODE    922AH     0026H     UNIT         ?PR?_LCDINSTWRITE?LCD
            CODE    9250H     0026H     UNIT         ?PR?_SELECT_CHIP_NUMBER_E
>> NABLE?FLASH_TBT
            CODE    9276H     0025H     UNIT         ?PR?_PUT_STRING_UART1?UAR
>> T
            CODE    929BH     0023H     UNIT         ?PR?CONNECTLOADS?LCD
            CODE    92BEH     0022H     UNIT         ?PR?_SELECT_CHIP_NUMBER_D
>> ISABLE?FLASH_TBT
            CODE    92E0H     0021H     UNIT         ?PR?_LCDPUTCHAR?LCD
            CODE    9301H     0020H     UNIT         ?PR?SYSCLKINIT?CROSSBAR
            CODE    9321H     001BH     UNIT         ?PR?UART0_INIT?UART
            CODE    933CH     001BH     UNIT         ?PR?_SENDBYTETORTC?RTC
            CODE    9357H     0019H     UNIT         ?PR?UART1_INIT?UART
            CODE    9370H     0017H     UNIT         ?PR?TIMER4NEMSECINTERRUPT
>> INIT?CROSSBAR
            CODE    9387H     0013H     UNIT         ?PR?_ISSPACE?ISSPACE
            CODE    939AH     0012H     UNIT         ?PR?_DELAYMS?KEYPAD
            CODE    93ACH     0011H     UNIT         ?PR?_TRANSMITCHARONRS232?
>> UART
            CODE    93BDH     0011H     UNIT         ?PR?_TRANSMITCHARRS485?UA
BL51 BANKED LINKER/LOCATER V5.03            10/15/2019  17:32:09  PAGE 5


>> RT
            CODE    93CEH     000FH     UNIT         ?PR?SMBINIT?RTC
            CODE    93DDH     000FH     UNIT         ?PR?_ISDIGIT?ISDIGIT
            CODE    93ECH     000DH     UNIT         ?PR?UART1_ISR?UART
            CODE    93F9H     000DH     UNIT         ?PR?INIT_SPI?FLASH_TBT
            CODE    9406H     000BH     UNIT         ?PR?_DELAY?LCD
            CODE    9411H     000BH     UNIT         ?PR?_KEYDELAY?KEYPAD
            CODE    941CH     000BH     UNIT         ?PR?_SENDDATATOSPI?FLASH_
>> TBT
            CODE    9427H     000AH     UNIT         ?PR?CONFIGWATCHDOGTIMER?C
>> ROSSBAR
            CODE    9431H     0005H     UNIT         ?PR?NOPS?KEYPAD
            CODE    9436H     0003H     UNIT         ?PR?EXTERNALINT0ISR?CROSS
>> BAR



OVERLAY MAP OF MODULE:   C:\Users\soroka\Desktop\TBTS_05_10_2019\tbts5 (MAIN)


SEGMENT                                             BIT_GROUP          DATA_GR
>> OUP          IDATA_GROUP         XDATA_GROUP
  +--> CALLED SEGMENT                            START    LENGTH     START    
>> LENGTH     START    LENGTH     START    LENGTH
------------------------------------------------------------------------------
>> ----------------------------------------------
?PR?UART0_ISR?UART                               -----    -----      -----    
>> -----      -----    -----      -----    -----
  +--> ?PR?_MYSTRNCPY?UART
  +--> ?PR?_MYATOI?UART

?PR?_MYSTRNCPY?UART                              -----    -----      0023H    
>> 0008H      -----    -----      -----    -----

?PR?_MYATOI?UART                                 -----    -----      0023H    
>> 0005H      -----    -----      -----    -----
  +--> ?PR?_CHAR2DECIMAL?UART

*** NEW ROOT ***************************************************

?C_C51STARTUP                                    -----    -----      -----    
>> -----      -----    -----      -----    -----
  +--> ?PR?MAIN?MAIN
  +--> ?C_INITSEG

?PR?MAIN?MAIN                                    -----    -----      002BH    
>> 000BH      007AH    0001H      -----    -----
  +--> ?PR?CYGNALINIT?CROSSBAR
  +--> ?PR?INTIALIZEVARIABLES?MAIN
  +--> ?CO?MAIN
  +--> ?PR?PRINTF?PRINTF
  +--> ?PR?_LCDPUTTEXT?LCD
  +--> ?PR?_LCDINSTWRITE?LCD
  +--> ?PR?WELCOMESCREEN?LCD
  +--> ?PR?_PUTSTRINGONRS232?UART
  +--> ?PR?_DELAY?LCD
  +--> ?PR?MAINMENU?LCD
  +--> ?PR?DISPLAYTIME?RTC
  +--> ?PR?DECODECOMMANDS?UART
  +--> ?PR?SCANKEYPAD?KEYPAD
  +--> ?PR?RECORDSINFORMATION?LCD
  +--> ?PR?BATTERYSERAILNUMBER?LCD
  +--> ?PR?_FLASH_READ?FLASH_INTERNAL
  +--> ?PR?_STRNCMP?STRNCMP
  +--> ?PR?INTERVALDURATION?LCD
BL51 BANKED LINKER/LOCATER V5.03            10/15/2019  17:32:09  PAGE 6


  +--> ?PR?DATEANDTIMESCREEN?LCD
  +--> ?PR?TESTCONDITION_50P?LCD
  +--> ?PR?_LCDPUTCHAR?LCD
  +--> ?PR?SETTINGS?LCD
  +--> ?PR?SECTIONSETTINGS?LCD
  +--> ?PR?NEWRELAYK1?LCD
  +--> ?PR?TESTCONDITION_50N?LCD
  +--> ?PR?NEWRELAYK2?LCD
  +--> ?PR?TESTCONDITION_30N?LCD
  +--> ?PR?NEWRELAYK3?LCD
  +--> ?PR?TESTCONDITION_55P?LCD
  +--> ?PR?TESTCONDITION_ROOM_TEMP?LCD
  +--> ?PR?_READINPUT?MAIN
  +--> ?PR?_LCDGOTOXY?LCD
  +--> ?PR?SETTIME_DATE?RTC
  +--> ?PR?ATOF?ATOF
  +--> ?PR?_PUT_STRING_UART1?UART
  +--> ?PR?_FLASH_PAGEERASE?FLASH_INTERNAL
  +--> ?PR?_FLASH_WRITE?FLASH_INTERNAL
  +--> ?PR?_LCDWRITELINE?LCD
  +--> ?PR?RELAYSELECTIONS?LCD
  +--> ?PR?CONNECTBATTERYTERMINALS?LCD
  +--> ?PR?_ATOI?ATOI
  +--> ?PR?IGNITERSETTINGS?LCD
  +--> ?PR?CONNECTLOADS?LCD
  +--> ?PR?RESETTOABORT?LCD
  +--> ?PR?TESTPROCESSING?LCD
  +--> ?PR?TESTCONFIGURATIONS?LCD
  +--> ?PR?TESTCONDITOION_MENU?LCD

?PR?CYGNALINIT?CROSSBAR                          -----    -----      -----    
>> -----      -----    -----      -----    -----
  +--> ?PR?CONFIGWATCHDOGTIMER?CROSSBAR
  +--> ?PR?SYSCLKINIT?CROSSBAR
  +--> ?PR?INIT_SPI?FLASH_TBT
  +--> ?PR?PORTIOINIT?CROSSBAR
  +--> ?PR?UART0_INIT?UART
  +--> ?PR?UART1_INIT?UART
  +--> ?PR?SMBINIT?RTC
  +--> ?PR?TIMER4NEMSECINTERRUPTINIT?CROSSBAR

?PR?INTIALIZEVARIABLES?MAIN                      -----    -----      -----    
>> -----      007BH    0001H      -----    -----
  +--> ?PR?_FLASH_READ?FLASH_INTERNAL
  +--> ?CO?MAIN
  +--> ?PR?_STRNCMP?STRNCMP

?PR?_FLASH_READ?FLASH_INTERNAL                   -----    -----      0048H    
>> 000BH      -----    -----      -----    -----
  +--> ?PR?_FLASH_BYTEREAD?FLASH_INTERNAL

?PR?_FLASH_BYTEREAD?FLASH_INTERNAL               -----    -----      0053H    
>> 0004H      009CH    0002H      -----    -----

?PR?_STRNCMP?STRNCMP                             -----    -----      0041H    
>> 0008H      -----    -----      -----    -----

?PR?PRINTF?PRINTF                                0020H.1  0001H.1    005DH    
>> 001CH      -----    -----      -----    -----
  +--> ?PR?PUTCHAR?PUTCHAR

?PR?_LCDPUTTEXT?LCD                              -----    -----      005DH    
>> 0004H      -----    -----      -----    -----
  +--> ?PR?_STRLEN?STRLEN
  +--> ?PR?_LCDPUTCHAR?LCD
BL51 BANKED LINKER/LOCATER V5.03            10/15/2019  17:32:09  PAGE 7



?PR?_LCDINSTWRITE?LCD                            -----    -----      003FH    
>> 0005H      -----    -----      -----    -----
  +--> ?CO?LCD
  +--> ?PR?PRINTF?PRINTF
  +--> ?PR?_LCDPUTTEXT?LCD

?PR?WELCOMESCREEN?LCD                            -----    -----      -----    
>> -----      -----    -----      -----    -----
  +--> ?CO?LCD
  +--> ?PR?_LCDWRITELINE?LCD

?PR?_LCDWRITELINE?LCD                            -----    -----      0051H    
>> 0005H      -----    -----      -----    -----
  +--> ?CO?LCD
  +--> ?PR?_LCDGOTOXY?LCD
  +--> ?PR?_LCDPUTTEXT?LCD
  +--> ?PR?_STRLEN?STRLEN

?PR?_LCDGOTOXY?LCD                               -----    -----      0056H    
>> 0007H      -----    -----      -----    -----
  +--> ?CO?LCD
  +--> ?PR?PRINTF?PRINTF
  +--> ?PR?_LCDPUTTEXT?LCD

?PR?_PUTSTRINGONRS232?UART                       -----    -----      0048H    
>> 0003H      -----    -----      -----    -----
  +--> ?PR?_TRANSMITCHARONRS232?UART

?PR?MAINMENU?LCD                                 -----    -----      -----    
>> -----      -----    -----      -----    -----
  +--> ?CO?LCD
  +--> ?PR?_LCDWRITELINE?LCD

?PR?DISPLAYTIME?RTC                              -----    -----      -----    
>> -----      007BH    000FH      -----    -----
  +--> ?PR?_GETTIME_DATE?RTC
  +--> ?CO?RTC
  +--> ?PR?_LCDWRITELINE?LCD
  +--> ?PR?PRINTF?PRINTF
  +--> ?PR?_LCDINSTWRITE?LCD

?PR?_GETTIME_DATE?RTC                            -----    -----      0048H    
>> 0003H      -----    -----      -----    -----
  +--> ?PR?_RECVBYTEFROMRTC?RTC

?PR?_RECVBYTEFROMRTC?RTC                         -----    -----      -----    
>> -----      -----    -----      -----    -----
  +--> ?PR?_DELAYLONG?RTC

?PR?_DELAYLONG?RTC                               -----    -----      004BH    
>> 0004H      -----    -----      -----    -----

?PR?DECODECOMMANDS?UART                          0020H.0  0000H.1    0036H    
>> 0009H      007BH    0002H      -----    -----
  +--> ?PR?SETTIME_DATE?RTC
  +--> ?PR?_GETTIME_DATE?RTC
  +--> ?CO?UART
  +--> ?PR?PRINTF?PRINTF
  +--> ?PR?READRECORDLISTS?UART
  +--> ?PR?_STRTOK?STRTOK
  +--> ?PR?_FLASH_READ?FLASH_INTERNAL
  +--> ?PR?_STRNCMP?STRNCMP
  +--> ?PR?_STRLEN?STRLEN
  +--> ?PR?_PUTCHARONRS232?UART
BL51 BANKED LINKER/LOCATER V5.03            10/15/2019  17:32:09  PAGE 8


  +--> ?PR?_CHECKSUM?UART
  +--> ?PR?_PUTSTRINGONRS232?UART
  +--> ?PR?_READFILEFROMFLASH?FLASH_TBT
  +--> ?PR?_ERASERECORDS?FLASH_TBT
  +--> ?PR?_ATOI?ATOI
  +--> ?PR?_ATOL?ATOL
  +--> ?PR?_FLASH_PAGEERASE?FLASH_INTERNAL
  +--> ?PR?_FLASH_WRITE?FLASH_INTERNAL
  +--> ?PR?READDIRECTORY?FLASH_TBT
  +--> ?PR?_LCDINSTWRITE?LCD
  +--> ?PR?TESTPROCESSING?LCD
  +--> ?PR?GETACTIVEBATTERIES?UART
  +--> ?PR?_SENDDATATORS232?UART
  +--> ?PR?_STRNCAT?STRNCAT

?PR?SETTIME_DATE?RTC                             -----    -----      003FH    
>> 0008H      -----    -----      -----    -----
  +--> ?PR?_SENDBYTETORTC?RTC

?PR?READRECORDLISTS?UART                         -----    -----      003FH    
>> 0002H      007DH    0004H      -----    -----
  +--> ?PR?_PUTCHARONRS232?UART
  +--> ?PR?_FLASH_READ?FLASH_INTERNAL
  +--> ?CO?UART
  +--> ?PR?_STRNCMP?STRNCMP
  +--> ?PR?PRINTF?PRINTF
  +--> ?PR?_PUTSTRINGONRS232?UART
  +--> ?PR?_CHECKSUM?UART

?PR?_CHECKSUM?UART                               -----    -----      0042H    
>> 0003H      -----    -----      -----    -----

?PR?_STRTOK?STRTOK                               -----    -----      003FH    
>> 0006H      -----    -----      -----    -----
  +--> ?PR?_STRSPN?STRSPN
  +--> ?PR?_STRPBRK?STRPBRK

?PR?_STRSPN?STRSPN                               -----    -----      0045H    
>> 0008H      -----    -----      -----    -----

?PR?_STRPBRK?STRPBRK                             -----    -----      0045H    
>> 0009H      -----    -----      -----    -----

?PR?_READFILEFROMFLASH?FLASH_TBT                 -----    -----      003FH    
>> 0005H      007DH    000FH      -----    -----
  +--> ?CO?FLASH_TBT
  +--> ?PR?_PUT_STRING_UART1?UART
  +--> ?PR?_READ_DEVICE_ID_STATUS?FLASH_TBT
  +--> ?PR?_LCDWRITELINE?LCD
  +--> ?PR?FLASHREAD?FLASH_TBT

?PR?_PUT_STRING_UART1?UART                       -----    -----      0051H    
>> 0003H      -----    -----      -----    -----
  +--> ?PR?_TRANSMITCHARRS485?UART

?PR?_READ_DEVICE_ID_STATUS?FLASH_TBT             -----    -----      0051H    
>> 0001H      -----    -----      -----    -----
  +--> ?PR?_ENABLEDISABLECHIPSELECT?FLASH_TBT
  +--> ?PR?_SENDDATATOSPI?FLASH_TBT
  +--> ?PR?_TIMER0_US?FLASH_TBT

?PR?_ENABLEDISABLECHIPSELECT?FLASH_TBT           0020H.1  0000H.1    -----    
>> -----      -----    -----      -----    -----

?PR?FLASHREAD?FLASH_TBT                          -----    -----      0044H    
BL51 BANKED LINKER/LOCATER V5.03            10/15/2019  17:32:09  PAGE 9


>> 0013H      -----    -----      -----    -----
  +--> ?PR?_SELECT_CHIP_NUMBER_ENABLE?FLASH_TBT
  +--> ?PR?_TIMER0_US?FLASH_TBT
  +--> ?PR?_TRANSMITCHARONRS232?UART
  +--> ?PR?_SELECT_CHIP_NUMBER_DISABLE?FLASH...

?PR?_ERASERECORDS?FLASH_TBT                      -----    -----      003FH    
>> 0012H      -----    -----      -----    -----
  +--> ?CO?FLASH_TBT
  +--> ?PR?_PUT_STRING_UART1?UART
  +--> ?PR?_LCDWRITELINE?LCD
  +--> ?PR?_READ_DEVICE_ID_STATUS?FLASH_TBT
  +--> ?PR?FLASHSECTORERASE?FLASH_TBT
  +--> ?PR?_FLASH_PAGEERASE?FLASH_INTERNAL

?PR?FLASHSECTORERASE?FLASH_TBT                   -----    -----      0051H    
>> 0013H      -----    -----      -----    -----
  +--> ?PR?_SELECT_CHIP_NUMBER_ENABLE?FLASH_TBT
  +--> ?PR?_TIMER0_US?FLASH_TBT
  +--> ?PR?_SELECT_CHIP_NUMBER_DISABLE?FLASH...

?PR?_FLASH_PAGEERASE?FLASH_INTERNAL              0020H.1  0000H.1    0051H    
>> 0004H      009CH    0002H      -----    -----

?PR?_ATOI?ATOI                                   0020H.1  0000H.1    003FH    
>> 0005H      -----    -----      -----    -----
  +--> ?PR?_ISSPACE?ISSPACE
  +--> ?PR?_ISDIGIT?ISDIGIT

?PR?_ATOL?ATOL                                   0020H.1  0000H.1    003FH    
>> 0007H      -----    -----      -----    -----
  +--> ?PR?_ISSPACE?ISSPACE
  +--> ?PR?_ISDIGIT?ISDIGIT

?PR?_FLASH_WRITE?FLASH_INTERNAL                  -----    -----      0048H    
>> 000BH      -----    -----      -----    -----
  +--> ?PR?_FLASH_BYTEWRITE?FLASH_INTERNAL

?PR?_FLASH_BYTEWRITE?FLASH_INTERNAL              0020H.1  0000H.1    0053H    
>> 0009H      009CH    0002H      -----    -----

?PR?READDIRECTORY?FLASH_TBT                      -----    -----      003FH    
>> 0001H      007DH    0001H      -----    -----
  +--> ?PR?_FLASH_READ?FLASH_INTERNAL
  +--> ?CO?FLASH_TBT
  +--> ?PR?_STRNCMP?STRNCMP

?PR?TESTPROCESSING?LCD                           -----    -----      -----    
>> -----      -----    -----      -----    -----
  +--> ?PR?READDIRECTORY?FLASH_TBT
  +--> ?CO?LCD
  +--> ?PR?_LCDWRITELINE?LCD
  +--> ?PR?_PUTSTRINGONRS232?UART
  +--> ?PR?_WRITEFILETOFLASH?FLASH_TBT
  +--> ?PR?TESTCOMPLETED?LCD

?PR?_WRITEFILETOFLASH?FLASH_TBT                  -----    -----      003FH    
>> 0009H      007DH    001FH      1019H    001AH
  +--> ?CO?FLASH_TBT
  +--> ?PR?_PUT_STRING_UART1?UART
  +--> ?PR?_READ_DEVICE_ID_STATUS?FLASH_TBT
  +--> ?PR?_LCDWRITELINE?LCD
  +--> ?PR?_GETTIME_DATE?RTC
  +--> ?PR?_FLASH_READ?FLASH_INTERNAL
  +--> ?PR?_FLASH_PAGEERASE?FLASH_INTERNAL
BL51 BANKED LINKER/LOCATER V5.03            10/15/2019  17:32:09  PAGE 10


  +--> ?PR?_PUTSTRINGONRS232?UART
  +--> ?PR?PRINTF?PRINTF
  +--> ?PR?READADCDATA?EXT_ADC
  +--> ?PR?_DELAY?LCD
  +--> ?PR?FLASHWRITE?FLASH_TBT
  +--> ?PR?_LCDGOTOXY?LCD
  +--> ?PR?_LCDPUTTEXT?LCD
  +--> ?PR?_LCDPUTCHAR?LCD
  +--> ?PR?_FLASH_WRITE?FLASH_INTERNAL

?PR?READADCDATA?EXT_ADC                          -----    -----      -----    
>> -----      009CH    0004H      -----    -----
  +--> ?PR?_DELAY?LCD

?PR?FLASHWRITE?FLASH_TBT                         -----    -----      0048H    
>> 0016H      -----    -----      -----    -----
  +--> ?PR?_SELECT_CHIP_NUMBER_ENABLE?FLASH_TBT
  +--> ?PR?_TIMER0_US?FLASH_TBT
  +--> ?PR?_SELECT_CHIP_NUMBER_DISABLE?FLASH...

?PR?TESTCOMPLETED?LCD                            -----    -----      -----    
>> -----      -----    -----      -----    -----
  +--> ?CO?LCD
  +--> ?PR?_LCDWRITELINE?LCD

?PR?GETACTIVEBATTERIES?UART                      -----    -----      -----    
>> -----      -----    -----      -----    -----
  +--> ?PR?_FLASH_READ?FLASH_INTERNAL

?PR?_SENDDATATORS232?UART                        -----    -----      003FH    
>> 0003H      -----    -----      1019H    000AH
  +--> ?PR?_PUTCHARONRS232?UART
  +--> ?PR?_STRLEN?STRLEN
  +--> ?CO?UART
  +--> ?PR?PRINTF?PRINTF
  +--> ?PR?_PUTSTRINGONRS232?UART
  +--> ?PR?_CHECKSUM?UART

?PR?_STRNCAT?STRNCAT                             -----    -----      003FH    
>> 000AH      -----    -----      -----    -----

?PR?SCANKEYPAD?KEYPAD                            -----    -----      -----    
>> -----      -----    -----      -----    -----
  +--> ?PR?NOPS?KEYPAD
  +--> ?PR?_DELAYMS?KEYPAD

?PR?_DELAYMS?KEYPAD                              -----    -----      -----    
>> -----      -----    -----      -----    -----
  +--> ?PR?_KEYDELAY?KEYPAD

?PR?RECORDSINFORMATION?LCD                       -----    -----      -----    
>> -----      -----    -----      -----    -----
  +--> ?CO?LCD
  +--> ?PR?_LCDWRITELINE?LCD
  +--> ?PR?_LCDGOTOXY?LCD
  +--> ?PR?_LCDPUTCHAR?LCD

?PR?BATTERYSERAILNUMBER?LCD                      -----    -----      -----    
>> -----      -----    -----      -----    -----
  +--> ?CO?LCD
  +--> ?PR?_LCDWRITELINE?LCD
  +--> ?PR?_LCDGOTOXY?LCD
  +--> ?PR?_LCDINSTWRITE?LCD

?PR?INTERVALDURATION?LCD                         -----    -----      -----    
BL51 BANKED LINKER/LOCATER V5.03            10/15/2019  17:32:09  PAGE 11


>> -----      -----    -----      -----    -----
  +--> ?CO?LCD
  +--> ?PR?_LCDWRITELINE?LCD
  +--> ?PR?_LCDGOTOXY?LCD
  +--> ?PR?_LCDPUTTEXT?LCD
  +--> ?PR?PRINTF?PRINTF
  +--> ?PR?_LCDINSTWRITE?LCD

?PR?DATEANDTIMESCREEN?LCD                        -----    -----      0036H    
>> 0001H      -----    -----      -----    -----
  +--> ?PR?_GETTIME_DATE?RTC
  +--> ?CO?LCD
  +--> ?PR?_LCDWRITELINE?LCD
  +--> ?PR?_LCDGOTOXY?LCD
  +--> ?PR?PRINTF?PRINTF
  +--> ?PR?_LCDPUTCHAR?LCD
  +--> ?PR?_LCDINSTWRITE?LCD

?PR?TESTCONDITION_50P?LCD                        -----    -----      -----    
>> -----      -----    -----      -----    -----
  +--> ?CO?LCD
  +--> ?PR?_LCDWRITELINE?LCD
  +--> ?PR?_LCDGOTOXY?LCD
  +--> ?PR?_LCDINSTWRITE?LCD

?PR?SETTINGS?LCD                                 -----    -----      -----    
>> -----      -----    -----      -----    -----
  +--> ?CO?LCD
  +--> ?PR?_LCDWRITELINE?LCD

?PR?SECTIONSETTINGS?LCD                          -----    -----      -----    
>> -----      -----    -----      -----    -----
  +--> ?CO?LCD
  +--> ?PR?_LCDWRITELINE?LCD
  +--> ?PR?_FLASH_READ?FLASH_INTERNAL
  +--> ?PR?PRINTF?PRINTF
  +--> ?PR?_LCDGOTOXY?LCD
  +--> ?PR?_LCDPUTTEXT?LCD
  +--> ?PR?_LCDINSTWRITE?LCD

?PR?NEWRELAYK1?LCD                               -----    -----      -----    
>> -----      -----    -----      -----    -----
  +--> ?CO?LCD
  +--> ?PR?_LCDWRITELINE?LCD
  +--> ?PR?PRINTF?PRINTF
  +--> ?PR?_LCDGOTOXY?LCD
  +--> ?PR?_LCDPUTTEXT?LCD
  +--> ?PR?_LCDINSTWRITE?LCD

?PR?TESTCONDITION_50N?LCD                        -----    -----      -----    
>> -----      -----    -----      -----    -----
  +--> ?CO?LCD
  +--> ?PR?_LCDWRITELINE?LCD
  +--> ?PR?_LCDGOTOXY?LCD
  +--> ?PR?_LCDINSTWRITE?LCD

?PR?NEWRELAYK2?LCD                               -----    -----      -----    
>> -----      -----    -----      -----    -----
  +--> ?CO?LCD
  +--> ?PR?_LCDWRITELINE?LCD
  +--> ?PR?PRINTF?PRINTF
  +--> ?PR?_LCDGOTOXY?LCD
  +--> ?PR?_LCDPUTTEXT?LCD
  +--> ?PR?_LCDINSTWRITE?LCD

BL51 BANKED LINKER/LOCATER V5.03            10/15/2019  17:32:09  PAGE 12


?PR?TESTCONDITION_30N?LCD                        -----    -----      -----    
>> -----      -----    -----      -----    -----
  +--> ?CO?LCD
  +--> ?PR?_LCDWRITELINE?LCD
  +--> ?PR?_LCDGOTOXY?LCD
  +--> ?PR?_LCDINSTWRITE?LCD

?PR?NEWRELAYK3?LCD                               -----    -----      -----    
>> -----      -----    -----      -----    -----
  +--> ?CO?LCD
  +--> ?PR?_LCDWRITELINE?LCD
  +--> ?PR?PRINTF?PRINTF
  +--> ?PR?_LCDGOTOXY?LCD
  +--> ?PR?_LCDPUTTEXT?LCD
  +--> ?PR?_LCDINSTWRITE?LCD

?PR?TESTCONDITION_55P?LCD                        -----    -----      -----    
>> -----      -----    -----      -----    -----
  +--> ?CO?LCD
  +--> ?PR?_LCDWRITELINE?LCD
  +--> ?PR?_LCDGOTOXY?LCD
  +--> ?PR?_LCDINSTWRITE?LCD

?PR?TESTCONDITION_ROOM_TEMP?LCD                  -----    -----      -----    
>> -----      -----    -----      -----    -----
  +--> ?CO?LCD
  +--> ?PR?_LCDWRITELINE?LCD
  +--> ?PR?_LCDGOTOXY?LCD
  +--> ?PR?_LCDINSTWRITE?LCD

?PR?_READINPUT?MAIN                              -----    -----      0036H    
>> 0002H      -----    -----      -----    -----
  +--> ?PR?_LCDPUTCHAR?LCD
  +--> ?PR?_LCDINSTWRITE?LCD

?PR?ATOF?ATOF                                    -----    -----      0036H    
>> 0003H      -----    -----      -----    -----
  +--> ?PR?_ISSPACE?ISSPACE
  +--> ?PR??C?ATOF??C?ATOF

?PR??C?ATOF??C?ATOF                              0020H.0  0000H.5    0039H    
>> 0002H      -----    -----      -----    -----

?PR?RELAYSELECTIONS?LCD                          -----    -----      -----    
>> -----      -----    -----      -----    -----
  +--> ?PR?_FLASH_READ?FLASH_INTERNAL
  +--> ?CO?LCD
  +--> ?PR?_LCDWRITELINE?LCD
  +--> ?PR?_LCDGOTOXY?LCD
  +--> ?PR?_LCDPUTCHAR?LCD

?PR?CONNECTBATTERYTERMINALS?LCD                  -----    -----      -----    
>> -----      -----    -----      -----    -----
  +--> ?PR?_LCDINSTWRITE?LCD
  +--> ?CO?LCD
  +--> ?PR?_LCDWRITELINE?LCD

?PR?IGNITERSETTINGS?LCD                          -----    -----      -----    
>> -----      -----    -----      -----    -----
  +--> ?CO?LCD
  +--> ?PR?_LCDWRITELINE?LCD
  +--> ?PR?_FLASH_READ?FLASH_INTERNAL
  +--> ?PR?PRINTF?PRINTF
  +--> ?PR?_LCDGOTOXY?LCD
  +--> ?PR?_LCDPUTTEXT?LCD
BL51 BANKED LINKER/LOCATER V5.03            10/15/2019  17:32:09  PAGE 13


  +--> ?PR?_LCDINSTWRITE?LCD

?PR?CONNECTLOADS?LCD                             -----    -----      -----    
>> -----      -----    -----      -----    -----
  +--> ?CO?LCD
  +--> ?PR?_LCDWRITELINE?LCD

?PR?RESETTOABORT?LCD                             -----    -----      -----    
>> -----      -----    -----      -----    -----
  +--> ?CO?LCD
  +--> ?PR?_LCDWRITELINE?LCD

?PR?TESTCONFIGURATIONS?LCD                       -----    -----      -----    
>> -----      -----    -----      -----    -----
  +--> ?PR?GETACTIVEBATTERIES?UART
  +--> ?CO?LCD
  +--> ?PR?_LCDWRITELINE?LCD
  +--> ?PR?_LCDGOTOXY?LCD
  +--> ?PR?_LCDPUTCHAR?LCD
  +--> ?PR?_LCDPUTTEXT?LCD

?PR?TESTCONDITOION_MENU?LCD                      -----    -----      -----    
>> -----      -----    -----      -----    -----
  +--> ?CO?LCD
  +--> ?PR?_LCDWRITELINE?LCD



SYMBOL TABLE OF MODULE:  C:\Users\soroka\Desktop\TBTS_05_10_2019\tbts5 (MAIN)

  VALUE           TYPE          NAME
  ----------------------------------

  -------         MODULE        MAIN
  C:0000H         SYMBOL        _ICE_DUMMY_
  D:0090H         PUBLIC        P1
  D:00A0H         PUBLIC        P2
  D:00B0H         PUBLIC        P3
  D:00C8H         PUBLIC        P4
  B:00A8H.7       PUBLIC        EA
  D:00E8H         PUBLIC        P6
  D:00F8H         PUBLIC        P7
  D:00E8H         PUBLIC        ADC0CN
  D:0084H         PUBLIC        SFRPAGE
  D:00E8H         PUBLIC        ADC2CN
  D:00A8H         PUBLIC        IE
  D:00D8H         PUBLIC        PCA0CN
  D:00B8H         PUBLIC        IP
  D:0011H         PUBLIC        SectionsMapping
  D:00C0H         PUBLIC        SMB0CN
  C:00A6H         PUBLIC        main
  D:0088H         PUBLIC        CPT0CN
  D:0088H         PUBLIC        CPT1CN
  D:00F8H         PUBLIC        SPI0CN
  D:0088H         PUBLIC        TCON
  D:00C8H         PUBLIC        TMR2CN
  D:00C8H         PUBLIC        TMR3CN
  D:00C8H         PUBLIC        TMR4CN
  C:80A3H         PUBLIC        IntializeVariables
  D:0088H         PUBLIC        FLSTAT
  D:00EFH         PUBLIC        RSTSRC
  D:0098H         PUBLIC        SCON0
  D:0098H         PUBLIC        SCON1
  C:6BF1H         PUBLIC        _ReadInput
  B:00C8H.1       PUBLIC        DATACLK
BL51 BANKED LINKER/LOCATER V5.03            10/15/2019  17:32:09  PAGE 14


  D:00D0H         PUBLIC        PSW
  D:0015H         PUBLIC        CursorIndex
  -------         PROC          MAIN
  -------         DO            
  I:007AH         SYMBOL        KeyPressed
  D:002BH         SYMBOL        i
  D:002CH         SYMBOL        testbuf
  -------         ENDDO         
  C:00A6H         LINE#         89
  C:00A6H         LINE#         90
  C:00A6H         LINE#         95
  C:00A9H         LINE#         96
  C:00ABH         LINE#         97
  C:00AEH         LINE#         99
  C:00B1H         LINE#         100
  C:00CBH         LINE#         101
  C:00D4H         LINE#         102
  C:00D9H         LINE#         103
  C:00DCH         LINE#         104
  C:00DFH         LINE#         105
  C:00DFH         LINE#         106
  C:00E8H         LINE#         107
  C:00E8H         LINE#         108
  C:00EBH         LINE#         109
  C:00EBH         LINE#         110
  C:00F2H         LINE#         111
  C:00F9H         LINE#         112
  C:0100H         LINE#         113
  C:0107H         LINE#         114
  C:0110H         LINE#         117
  C:0113H         LINE#         119
  C:0116H         LINE#         121
  C:0119H         LINE#         123
  C:011CH         LINE#         125
  C:011FH         LINE#         126
  C:0122H         LINE#         127
  C:0125H         LINE#         128
  C:0127H         LINE#         132
  C:0127H         LINE#         133
  C:0127H         LINE#         135
  C:012AH         LINE#         136
  C:012AH         LINE#         137
  C:012CH         LINE#         138
  C:0135H         LINE#         139
  C:0135H         LINE#         140
  C:0189H         LINE#         141
  C:018CH         LINE#         142
  C:018FH         LINE#         143
  C:018FH         LINE#         144
  C:0191H         LINE#         145
  C:0194H         LINE#         146
  C:0194H         LINE#         147
  C:019BH         LINE#         148
  C:01DFH         LINE#         149
  C:01DFH         LINE#         150
  C:01DFH         LINE#         151
  C:0212H         LINE#         152
  C:0212H         LINE#         153
  C:0212H         LINE#         154
  C:0215H         LINE#         155
  C:0218H         LINE#         156
  C:0218H         LINE#         157
  C:021BH         LINE#         158
  C:0220H         LINE#         159
  C:0224H         LINE#         160
BL51 BANKED LINKER/LOCATER V5.03            10/15/2019  17:32:09  PAGE 15


  C:0227H         LINE#         161
  C:0227H         LINE#         162
  C:0236H         LINE#         163
  C:0239H         LINE#         164
  C:0239H         LINE#         166
  C:0261H         LINE#         167
  C:027CH         LINE#         168
  C:027CH         LINE#         169
  C:0285H         LINE#         170
  C:0293H         LINE#         171
  C:0296H         LINE#         173
  C:029DH         LINE#         174
  C:029DH         LINE#         175
  C:029DH         LINE#         176
  C:029DH         LINE#         177
  C:02A0H         LINE#         179
  C:02ABH         LINE#         180
  C:02ABH         LINE#         181
  C:02ABH         LINE#         182
  C:02ABH         LINE#         183
  C:02ABH         LINE#         185
  C:02AEH         LINE#         186
  C:02AEH         LINE#         187
  C:02B0H         LINE#         188
  C:02B2H         LINE#         189
  C:02B2H         LINE#         190
  C:02B9H         LINE#         191
  C:02BDH         LINE#         193
  C:02BFH         LINE#         195
  C:02C1H         LINE#         196
  C:02C1H         LINE#         197
  C:02C3H         LINE#         198
  C:02C5H         LINE#         199
  C:02C5H         LINE#         200
  C:02C5H         LINE#         201
  C:02C5H         LINE#         202
  C:02C7H         LINE#         203
  C:02C9H         LINE#         204
  C:02C9H         LINE#         205
  C:02D0H         LINE#         206
  C:02D4H         LINE#         207
  C:02DBH         LINE#         208
  C:02DFH         LINE#         209
  C:02F0H         LINE#         210
  C:02F4H         LINE#         212
  C:02F7H         LINE#         213
  C:02F7H         LINE#         214
  C:031FH         LINE#         215
  C:0322H         LINE#         216
  C:0325H         LINE#         217
  C:0325H         LINE#         218
  C:0328H         LINE#         219
  C:032BH         LINE#         220
  C:032BH         LINE#         221
  C:032EH         LINE#         222
  C:0331H         LINE#         223
  C:0331H         LINE#         224
  C:0345H         LINE#         225
  C:0345H         LINE#         226
  C:034AH         LINE#         227
  C:035AH         LINE#         228
  C:035AH         LINE#         229
  C:035DH         LINE#         230
  C:035DH         LINE#         231
  C:035DH         LINE#         232
BL51 BANKED LINKER/LOCATER V5.03            10/15/2019  17:32:09  PAGE 16


  C:035DH         LINE#         233
  C:038DH         LINE#         234
  C:038DH         LINE#         235
  C:038DH         LINE#         236
  C:0392H         LINE#         237
  C:0392H         LINE#         238
  C:0395H         LINE#         239
  C:0395H         LINE#         240
  C:0398H         LINE#         241
  C:039BH         LINE#         242
  C:039BH         LINE#         243
  C:03AAH         LINE#         244
  C:03ADH         LINE#         245
  C:03ADH         LINE#         247
  C:03D5H         LINE#         248
  C:03F0H         LINE#         249
  C:03F0H         LINE#         250
  C:03F9H         LINE#         252
  C:0407H         LINE#         253
  C:040DH         LINE#         255
  C:0414H         LINE#         256
  C:0414H         LINE#         257
  C:0417H         LINE#         258
  C:0417H         LINE#         259
  C:041AH         LINE#         261
  C:0425H         LINE#         262
  C:0425H         LINE#         263
  C:0428H         LINE#         264
  C:042BH         LINE#         265
  C:042BH         LINE#         266
  C:042EH         LINE#         267
  C:042EH         LINE#         268
  C:0432H         LINE#         269
  C:0435H         LINE#         270
  C:0435H         LINE#         271
  C:0439H         LINE#         272
  C:043CH         LINE#         273
  C:043CH         LINE#         274
  C:0443H         LINE#         275
  C:0447H         LINE#         277
  C:044BH         LINE#         278
  C:044EH         LINE#         279
  C:044EH         LINE#         280
  C:0455H         LINE#         281
  C:045CH         LINE#         282
  C:0463H         LINE#         283
  C:046AH         LINE#         284
  C:047BH         LINE#         285
  C:047FH         LINE#         286
  C:0482H         LINE#         287
  C:0482H         LINE#         288
  C:0482H         LINE#         289
  C:0482H         LINE#         290
  C:0486H         LINE#         291
  C:0489H         LINE#         292
  C:0489H         LINE#         293
  C:04B1H         LINE#         294
  C:04B4H         LINE#         295
  C:04B7H         LINE#         296
  C:04B7H         LINE#         297
  C:04BAH         LINE#         298
  C:04BDH         LINE#         299
  C:04BDH         LINE#         300
  C:04D1H         LINE#         301
  C:04D1H         LINE#         302
BL51 BANKED LINKER/LOCATER V5.03            10/15/2019  17:32:09  PAGE 17


  C:04D6H         LINE#         303
  C:04E6H         LINE#         304
  C:04E6H         LINE#         305
  C:04E9H         LINE#         306
  C:04E9H         LINE#         307
  C:04E9H         LINE#         308
  C:04E9H         LINE#         309
  C:0516H         LINE#         310
  C:0516H         LINE#         311
  C:0516H         LINE#         312
  C:0519H         LINE#         313
  C:0519H         LINE#         314
  C:051CH         LINE#         315
  C:051CH         LINE#         316
  C:0520H         LINE#         317
  C:0523H         LINE#         318
  C:0523H         LINE#         319
  C:0523H         LINE#         320
  C:0523H         LINE#         321
  C:0527H         LINE#         322
  C:052AH         LINE#         323
  C:052AH         LINE#         324
  C:0531H         LINE#         325
  C:0538H         LINE#         326
  C:053FH         LINE#         327
  C:0546H         LINE#         328
  C:0557H         LINE#         329
  C:055BH         LINE#         330
  C:055EH         LINE#         331
  C:055EH         LINE#         332
  C:0562H         LINE#         333
  C:0565H         LINE#         334
  C:0565H         LINE#         335
  C:056CH         LINE#         336
  C:0570H         LINE#         338
  C:0574H         LINE#         339
  C:0577H         LINE#         340
  C:0577H         LINE#         341
  C:059FH         LINE#         342
  C:05A2H         LINE#         343
  C:05A5H         LINE#         344
  C:05A5H         LINE#         345
  C:05A8H         LINE#         346
  C:05ABH         LINE#         347
  C:05ABH         LINE#         349
  C:05B1H         LINE#         350
  C:05B1H         LINE#         352
  C:05B4H         LINE#         353
  C:05B4H         LINE#         354
  C:05C8H         LINE#         355
  C:05C8H         LINE#         356
  C:05CDH         LINE#         357
  C:05DDH         LINE#         358
  C:05DDH         LINE#         359
  C:05E0H         LINE#         360
  C:05E0H         LINE#         361
  C:05E0H         LINE#         362
  C:05E0H         LINE#         363
  C:0602H         LINE#         364
  C:0602H         LINE#         365
  C:0602H         LINE#         366
  C:0606H         LINE#         367
  C:0609H         LINE#         368
  C:0609H         LINE#         369
  C:0609H         LINE#         370
BL51 BANKED LINKER/LOCATER V5.03            10/15/2019  17:32:09  PAGE 18


  C:0609H         LINE#         371
  C:060DH         LINE#         372
  C:0610H         LINE#         373
  C:0610H         LINE#         374
  C:0617H         LINE#         375
  C:061EH         LINE#         376
  C:0625H         LINE#         377
  C:062CH         LINE#         378
  C:063DH         LINE#         379
  C:0641H         LINE#         380
  C:0644H         LINE#         381
  C:0644H         LINE#         382
  C:0648H         LINE#         383
  C:064BH         LINE#         384
  C:064BH         LINE#         385
  C:0652H         LINE#         386
  C:0656H         LINE#         388
  C:065AH         LINE#         390
  C:065DH         LINE#         391
  C:065DH         LINE#         392
  C:0685H         LINE#         393
  C:0688H         LINE#         394
  C:068BH         LINE#         396
  C:068BH         LINE#         397
  C:068EH         LINE#         398
  C:0691H         LINE#         400
  C:0691H         LINE#         401
  C:0691H         LINE#         402
  C:0691H         LINE#         403
  C:06AAH         LINE#         404
  C:06AAH         LINE#         405
  C:06AAH         LINE#         406
  C:06AAH         LINE#         407
  C:06AAH         LINE#         408
  C:06AEH         LINE#         409
  C:06B1H         LINE#         410
  C:06B1H         LINE#         411
  C:06B5H         LINE#         412
  C:06B8H         LINE#         413
  C:06B8H         LINE#         414
  C:06BFH         LINE#         415
  C:06C6H         LINE#         416
  C:06CDH         LINE#         417
  C:06D4H         LINE#         418
  C:06E5H         LINE#         419
  C:06E9H         LINE#         421
  C:06ECH         LINE#         422
  C:06ECH         LINE#         423
  C:06F0H         LINE#         424
  C:06F3H         LINE#         425
  C:06F3H         LINE#         426
  C:06FAH         LINE#         427
  C:06FEH         LINE#         429
  C:0702H         LINE#         430
  C:0705H         LINE#         432
  C:0705H         LINE#         433
  C:0708H         LINE#         434
  C:070BH         LINE#         435
  C:070BH         LINE#         436
  C:070BH         LINE#         437
  C:070BH         LINE#         438
  C:0720H         LINE#         439
  C:0720H         LINE#         440
  C:0720H         LINE#         441
  C:0720H         LINE#         442
BL51 BANKED LINKER/LOCATER V5.03            10/15/2019  17:32:09  PAGE 19


  C:0720H         LINE#         443
  C:0724H         LINE#         444
  C:0727H         LINE#         445
  C:0727H         LINE#         446
  C:072EH         LINE#         447
  C:0735H         LINE#         448
  C:073CH         LINE#         449
  C:0743H         LINE#         450
  C:0754H         LINE#         451
  C:0758H         LINE#         452
  C:075BH         LINE#         453
  C:075BH         LINE#         454
  C:075FH         LINE#         455
  C:0762H         LINE#         456
  C:0762H         LINE#         457
  C:0766H         LINE#         458
  C:0769H         LINE#         459
  C:0769H         LINE#         460
  C:0770H         LINE#         461
  C:0774H         LINE#         463
  C:0778H         LINE#         464
  C:077BH         LINE#         465
  C:077BH         LINE#         466
  C:077BH         LINE#         467
  C:077BH         LINE#         468
  C:0790H         LINE#         469
  C:0790H         LINE#         470
  C:0790H         LINE#         471
  C:0790H         LINE#         472
  C:0790H         LINE#         473
  C:0794H         LINE#         474
  C:0797H         LINE#         475
  C:0797H         LINE#         476
  C:079EH         LINE#         477
  C:07A5H         LINE#         478
  C:07ACH         LINE#         479
  C:07B3H         LINE#         480
  C:07C4H         LINE#         481
  C:07C8H         LINE#         483
  C:07CBH         LINE#         484
  C:07CBH         LINE#         485
  C:07CFH         LINE#         486
  C:07D2H         LINE#         487
  C:07D2H         LINE#         488
  C:07D6H         LINE#         489
  C:07D9H         LINE#         490
  C:07D9H         LINE#         491
  C:07E0H         LINE#         492
  C:07E4H         LINE#         494
  C:07E8H         LINE#         495
  C:07EBH         LINE#         496
  C:07EBH         LINE#         497
  C:07EBH         LINE#         498
  C:07EBH         LINE#         499
  C:0800H         LINE#         500
  C:0800H         LINE#         501
  C:0800H         LINE#         502
  C:0800H         LINE#         503
  C:0800H         LINE#         504
  C:0804H         LINE#         505
  C:0807H         LINE#         506
  C:0807H         LINE#         507
  C:080EH         LINE#         508
  C:0815H         LINE#         509
  C:081CH         LINE#         510
BL51 BANKED LINKER/LOCATER V5.03            10/15/2019  17:32:09  PAGE 20


  C:0823H         LINE#         511
  C:0834H         LINE#         512
  C:0838H         LINE#         513
  C:083BH         LINE#         514
  C:083BH         LINE#         515
  C:083FH         LINE#         516
  C:0842H         LINE#         517
  C:0842H         LINE#         518
  C:0846H         LINE#         519
  C:0849H         LINE#         520
  C:0849H         LINE#         521
  C:084DH         LINE#         522
  C:084DH         LINE#         524
  C:0851H         LINE#         525
  C:0854H         LINE#         526
  C:0854H         LINE#         527
  C:0854H         LINE#         528
  C:0854H         LINE#         529
  C:0869H         LINE#         530
  C:0869H         LINE#         531
  C:0869H         LINE#         532
  C:0869H         LINE#         533
  C:0869H         LINE#         534
  C:086DH         LINE#         535
  C:0870H         LINE#         537
  C:0870H         LINE#         538
  C:0877H         LINE#         539
  C:087EH         LINE#         540
  C:0885H         LINE#         541
  C:088CH         LINE#         542
  C:089DH         LINE#         543
  C:08A1H         LINE#         545
  C:08A4H         LINE#         546
  C:08A4H         LINE#         547
  C:08A8H         LINE#         548
  C:08ABH         LINE#         549
  C:08ABH         LINE#         550
  C:08AFH         LINE#         551
  C:08B2H         LINE#         552
  C:08B2H         LINE#         553
  C:08B9H         LINE#         554
  C:08BDH         LINE#         556
  C:08C1H         LINE#         557
  C:08C4H         LINE#         558
  C:08C4H         LINE#         559
  C:08C4H         LINE#         560
  C:08C4H         LINE#         561
  C:08FAH         LINE#         562
  C:08FAH         LINE#         563
  C:08FAH         LINE#         564
  C:08FAH         LINE#         565
  C:08FAH         LINE#         566
  C:08FEH         LINE#         567
  C:0900H         LINE#         568
  C:0900H         LINE#         569
  C:0907H         LINE#         570
  C:090DH         LINE#         571
  C:0914H         LINE#         572
  C:091AH         LINE#         573
  C:092BH         LINE#         574
  C:092FH         LINE#         575
  C:0931H         LINE#         576
  C:0931H         LINE#         577
  C:0935H         LINE#         578
  C:0937H         LINE#         579
BL51 BANKED LINKER/LOCATER V5.03            10/15/2019  17:32:09  PAGE 21


  C:0937H         LINE#         580
  C:093BH         LINE#         581
  C:093DH         LINE#         582
  C:093DH         LINE#         583
  C:0944H         LINE#         584
  C:0948H         LINE#         586
  C:094FH         LINE#         588
  C:0952H         LINE#         589
  C:0952H         LINE#         590
  C:0966H         LINE#         591
  C:0966H         LINE#         592
  C:096BH         LINE#         593
  C:097BH         LINE#         594
  C:097BH         LINE#         595
  C:097EH         LINE#         596
  C:097EH         LINE#         597
  C:097EH         LINE#         598
  C:097EH         LINE#         599
  C:09B4H         LINE#         600
  C:09B4H         LINE#         601
  C:09B4H         LINE#         602
  C:09BCH         LINE#         603
  C:09BCH         LINE#         604
  C:09D0H         LINE#         605
  C:09D0H         LINE#         606
  C:09D9H         LINE#         607
  C:09D9H         LINE#         608
  C:09DCH         LINE#         609
  C:09E1H         LINE#         610
  C:09E1H         LINE#         611
  C:09E1H         LINE#         612
  C:09E1H         LINE#         613
  C:09E1H         LINE#         614
  C:09E1H         LINE#         615
  C:09E4H         LINE#         617
  C:09E4H         LINE#         618
  C:09F8H         LINE#         619
  C:09F8H         LINE#         620
  C:0A01H         LINE#         621
  C:0A01H         LINE#         622
  C:0A04H         LINE#         623
  C:0A09H         LINE#         624
  C:0A09H         LINE#         625
  C:0A09H         LINE#         626
  C:0A09H         LINE#         627
  C:0A09H         LINE#         628
  C:0A09H         LINE#         630
  C:0A09H         LINE#         632
  C:0A0CH         LINE#         633
  C:0A0CH         LINE#         634
  C:0A20H         LINE#         635
  C:0A20H         LINE#         636
  C:0A21H         LINE#         637
  C:0A21H         LINE#         638
  C:0A21H         LINE#         639
  C:0A21H         LINE#         640
  C:0A24H         LINE#         641
  C:0A24H         LINE#         642
  C:0A2BH         LINE#         643
  C:0A2BH         LINE#         644
  C:0A36H         LINE#         645
  C:0A36H         LINE#         646
  C:0A36H         LINE#         647
  C:0A36H         LINE#         650
  C:0A36H         LINE#         651
BL51 BANKED LINKER/LOCATER V5.03            10/15/2019  17:32:09  PAGE 22


  C:0A39H         LINE#         652
  C:0A47H         LINE#         653
  C:0A47H         LINE#         654
  C:0A5CH         LINE#         655
  C:0A5CH         LINE#         656
  C:0A60H         LINE#         657
  C:0A60H         LINE#         658
  C:0A61H         LINE#         659
  C:0A66H         LINE#         660
  C:0A66H         LINE#         661
  C:0A66H         LINE#         662
  C:0A66H         LINE#         663
  C:0A66H         LINE#         664
  C:0A66H         LINE#         665
  C:0A68H         LINE#         666
  C:0A73H         LINE#         667
  C:0A73H         LINE#         668
  C:0A87H         LINE#         669
  C:0A87H         LINE#         670
  C:0A87H         LINE#         671
  C:0A87H         LINE#         672
  C:0A87H         LINE#         673
  C:0A87H         LINE#         674
  C:0A8AH         LINE#         675
  C:0A8AH         LINE#         676
  C:0A8AH         LINE#         677
  C:0A8AH         LINE#         678
  C:0A9FH         LINE#         679
  C:0A9FH         LINE#         680
  C:0AA3H         LINE#         681
  C:0AA3H         LINE#         682
  C:0AA4H         LINE#         683
  C:0AA9H         LINE#         684
  C:0AA9H         LINE#         685
  C:0AAEH         LINE#         686
  C:0AB3H         LINE#         687
  C:0AB6H         LINE#         689
  C:0AB6H         LINE#         690
  C:0AB9H         LINE#         692
  C:0AB9H         LINE#         693
  C:0ACDH         LINE#         694
  C:0ACDH         LINE#         695
  C:0ACEH         LINE#         696
  C:0AD2H         LINE#         697
  C:0AD7H         LINE#         698
  C:0ADCH         LINE#         699
  C:0ADCH         LINE#         701
  C:0ADCH         LINE#         702
  C:0ADFH         LINE#         703
  C:0ADFH         LINE#         704
  C:0ADFH         LINE#         705
  C:0ADFH         LINE#         706
  C:0ADFH         LINE#         708
  C:0AE6H         LINE#         709
  C:0AEDH         LINE#         710
  C:0AF4H         LINE#         711
  C:0AFBH         LINE#         712
  C:0B02H         LINE#         713
  C:0B09H         LINE#         714
  C:0B14H         LINE#         715
  C:0B18H         LINE#         716
  C:0B1BH         LINE#         718
  C:0B1BH         LINE#         719
  C:0B22H         LINE#         720
  C:0B29H         LINE#         721
BL51 BANKED LINKER/LOCATER V5.03            10/15/2019  17:32:09  PAGE 23


  C:0B30H         LINE#         722
  C:0B37H         LINE#         723
  C:0B3EH         LINE#         724
  C:0B3EH         LINE#         725
  C:0B42H         LINE#         726
  C:0B42H         LINE#         727
  C:0B45H         LINE#         728
  C:0B49H         LINE#         729
  C:0B4CH         LINE#         731
  C:0B4CH         LINE#         732
  C:0B4FH         LINE#         733
  C:0B53H         LINE#         734
  C:0B53H         LINE#         737
  C:0B56H         LINE#         738
  C:0B61H         LINE#         739
  C:0B65H         LINE#         740
  C:0B68H         LINE#         741
  C:0B68H         LINE#         742
  C:0B7DH         LINE#         743
  C:0B7DH         LINE#         744
  C:0B7EH         LINE#         745
  C:0B80H         LINE#         746
  C:0B80H         LINE#         747
  C:0B83H         LINE#         749
  C:0B83H         LINE#         750
  C:0B83H         LINE#         751
  C:0B83H         LINE#         752
  C:0BB9H         LINE#         753
  C:0BB9H         LINE#         754
  C:0BB9H         LINE#         755
  C:0BC1H         LINE#         756
  C:0BC1H         LINE#         757
  C:0BD6H         LINE#         758
  C:0BD6H         LINE#         759
  C:0BDFH         LINE#         760
  C:0BDFH         LINE#         761
  C:0BE2H         LINE#         762
  C:0BE7H         LINE#         763
  C:0BE7H         LINE#         764
  C:0BE7H         LINE#         765
  C:0BE7H         LINE#         766
  C:0BE7H         LINE#         767
  C:0BE7H         LINE#         768
  C:0BEAH         LINE#         770
  C:0BEAH         LINE#         771
  C:0BFFH         LINE#         772
  C:0BFFH         LINE#         773
  C:0C08H         LINE#         774
  C:0C08H         LINE#         775
  C:0C0BH         LINE#         776
  C:0C10H         LINE#         777
  C:0C10H         LINE#         778
  C:0C10H         LINE#         779
  C:0C10H         LINE#         780
  C:0C10H         LINE#         781
  C:0C10H         LINE#         783
  C:0C10H         LINE#         784
  C:0C13H         LINE#         785
  C:0C13H         LINE#         786
  C:0C28H         LINE#         787
  C:0C28H         LINE#         788
  C:0C29H         LINE#         789
  C:0C2EH         LINE#         790
  C:0C30H         LINE#         791
  C:0C30H         LINE#         792
BL51 BANKED LINKER/LOCATER V5.03            10/15/2019  17:32:09  PAGE 24


  C:0C33H         LINE#         793
  C:0C33H         LINE#         794
  C:0C3AH         LINE#         795
  C:0C3AH         LINE#         796
  C:0C45H         LINE#         797
  C:0C45H         LINE#         798
  C:0C46H         LINE#         799
  C:0C48H         LINE#         802
  C:0C48H         LINE#         803
  C:0C4BH         LINE#         804
  C:0C59H         LINE#         805
  C:0C59H         LINE#         806
  C:0C6EH         LINE#         807
  C:0C6EH         LINE#         808
  C:0C72H         LINE#         809
  C:0C72H         LINE#         810
  C:0C73H         LINE#         811
  C:0C78H         LINE#         812
  C:0C78H         LINE#         813
  C:0C78H         LINE#         814
  C:0C78H         LINE#         815
  C:0C78H         LINE#         816
  C:0C78H         LINE#         817
  C:0C7AH         LINE#         818
  C:0C85H         LINE#         819
  C:0C85H         LINE#         820
  C:0C99H         LINE#         821
  C:0C99H         LINE#         822
  C:0C9AH         LINE#         823
  C:0C9CH         LINE#         824
  C:0C9CH         LINE#         825
  C:0C9CH         LINE#         827
  C:0C9FH         LINE#         828
  C:0C9FH         LINE#         829
  C:0C9FH         LINE#         830
  C:0C9FH         LINE#         831
  C:0CB4H         LINE#         832
  C:0CB4H         LINE#         833
  C:0CB8H         LINE#         834
  C:0CB8H         LINE#         835
  C:0CB9H         LINE#         836
  C:0CBEH         LINE#         837
  C:0CBEH         LINE#         838
  C:0CC3H         LINE#         839
  C:0CC8H         LINE#         840
  C:0CCBH         LINE#         841
  C:0CCBH         LINE#         842
  C:0CCEH         LINE#         843
  C:0CCEH         LINE#         844
  C:0CD9H         LINE#         845
  C:0CD9H         LINE#         846
  C:0CDAH         LINE#         847
  C:0CDFH         LINE#         848
  C:0CE1H         LINE#         849
  C:0CE1H         LINE#         850
  C:0CE4H         LINE#         851
  C:0CE4H         LINE#         852
  C:0CE4H         LINE#         853
  C:0CE4H         LINE#         854
  C:0CE4H         LINE#         856
  C:0CEBH         LINE#         857
  C:0CF2H         LINE#         858
  C:0CF9H         LINE#         859
  C:0D00H         LINE#         860
  C:0D07H         LINE#         861
BL51 BANKED LINKER/LOCATER V5.03            10/15/2019  17:32:09  PAGE 25


  C:0D0EH         LINE#         862
  C:0D19H         LINE#         863
  C:0D1DH         LINE#         864
  C:0D20H         LINE#         865
  C:0D20H         LINE#         866
  C:0D27H         LINE#         867
  C:0D2EH         LINE#         868
  C:0D35H         LINE#         869
  C:0D3CH         LINE#         870
  C:0D43H         LINE#         871
  C:0D43H         LINE#         872
  C:0D47H         LINE#         873
  C:0D47H         LINE#         874
  C:0D4AH         LINE#         875
  C:0D4EH         LINE#         876
  C:0D51H         LINE#         878
  C:0D51H         LINE#         879
  C:0D54H         LINE#         880
  C:0D58H         LINE#         881
  C:0D58H         LINE#         882
  C:0D5BH         LINE#         883
  C:0D66H         LINE#         884
  C:0D6AH         LINE#         885
  C:0D6DH         LINE#         886
  C:0D6DH         LINE#         887
  C:0D81H         LINE#         888
  C:0D81H         LINE#         889
  C:0D82H         LINE#         890
  C:0D87H         LINE#         891
  C:0D87H         LINE#         892
  C:0D8AH         LINE#         894
  C:0D8AH         LINE#         895
  C:0D8AH         LINE#         896
  C:0D8AH         LINE#         897
  C:0DCFH         LINE#         898
  C:0DCFH         LINE#         899
  C:0DCFH         LINE#         900
  C:0DD3H         LINE#         901
  C:0DDEH         LINE#         902
  C:0DDEH         LINE#         903
  C:0DF1H         LINE#         904
  C:0E04H         LINE#         905
  C:0E49H         LINE#         906
  C:0E59H         LINE#         907
  C:0E59H         LINE#         908
  C:0E67H         LINE#         909
  C:0E67H         LINE#         910
  C:0E79H         LINE#         911
  C:0E79H         LINE#         912
  C:0E7CH         LINE#         913
  C:0E83H         LINE#         914
  C:0EB2H         LINE#         915
  C:0EB5H         LINE#         917
  C:0EB5H         LINE#         918
  C:0EB8H         LINE#         919
  C:0EBCH         LINE#         920
  C:0EBCH         LINE#         921
  C:0EBFH         LINE#         923
  C:0EBFH         LINE#         924
  C:0EC5H         LINE#         925
  C:0EC9H         LINE#         926
  C:0EC9H         LINE#         927
  C:0ECCH         LINE#         929
  C:0ECCH         LINE#         930
  C:0ED2H         LINE#         931
BL51 BANKED LINKER/LOCATER V5.03            10/15/2019  17:32:09  PAGE 26


  C:0ED6H         LINE#         932
  C:0ED6H         LINE#         934
  C:0ED9H         LINE#         935
  C:0EE4H         LINE#         936
  C:0EE4H         LINE#         937
  C:0EF7H         LINE#         938
  C:0F0AH         LINE#         939
  C:0F1DH         LINE#         940
  C:0F2DH         LINE#         941
  C:0F2DH         LINE#         942
  C:0F43H         LINE#         943
  C:0F43H         LINE#         944
  C:0F59H         LINE#         945
  C:0F59H         LINE#         946
  C:0F6FH         LINE#         947
  C:0F6FH         LINE#         948
  C:0F6FH         LINE#         949
  C:0F6FH         LINE#         950
  C:0F6FH         LINE#         951
  C:0F72H         LINE#         953
  C:0F72H         LINE#         954
  C:0F78H         LINE#         955
  C:0F7FH         LINE#         956
  C:0F7FH         LINE#         957
  C:0F7FH         LINE#         958
  C:0F82H         LINE#         959
  C:0F82H         LINE#         960
  C:0F82H         LINE#         961
  C:0F82H         LINE#         962
  C:0F82H         LINE#         963
  C:0F85H         LINE#         964
  C:0F85H         LINE#         968
  C:0F8AH         LINE#         969
  C:0F99H         LINE#         970
  C:0F9DH         LINE#         971
  C:0F9DH         LINE#         973
  C:0F9DH         LINE#         974
  C:0FA0H         LINE#         975
  C:0FA0H         LINE#         976
  C:0FABH         LINE#         977
  C:0FABH         LINE#         978
  C:0FB0H         LINE#         979
  C:0FB0H         LINE#         980
  C:0FC4H         LINE#         981
  C:0FC4H         LINE#         982
  C:0FC4H         LINE#         983
  C:0FC4H         LINE#         985
  C:0FC6H         LINE#         987
  C:0FC6H         LINE#         988
  C:0FE2H         LINE#         989
  C:1012H         LINE#         990
  C:1012H         LINE#         991
  C:1019H         LINE#         992
  C:104FH         LINE#         993
  C:1055H         LINE#         995
  C:1058H         LINE#         997
  C:1058H         LINE#         998
  C:105BH         LINE#         999
  C:1064H         LINE#         1000
  C:1066H         LINE#         1001
  C:1066H         LINE#         1002
  C:1066H         LINE#         1003
  C:1066H         LINE#         1004
  C:1069H         LINE#         1006
  C:1069H         LINE#         1007
BL51 BANKED LINKER/LOCATER V5.03            10/15/2019  17:32:09  PAGE 27


  C:1071H         LINE#         1008
  C:1071H         LINE#         1009
  C:1099H         LINE#         1010
  C:10A1H         LINE#         1011
  C:10A9H         LINE#         1012
  C:10BDH         LINE#         1013
  C:10D1H         LINE#         1014
  C:10E5H         LINE#         1015
  C:10F9H         LINE#         1016
  C:110DH         LINE#         1017
  C:1121H         LINE#         1018
  C:1135H         LINE#         1019
  C:1144H         LINE#         1020
  C:1158H         LINE#         1021
  C:1167H         LINE#         1022
  C:117BH         LINE#         1024
  C:118AH         LINE#         1026
  C:11A6H         LINE#         1027
  C:11CEH         LINE#         1029
  C:11D3H         LINE#         1030
  C:11E1H         LINE#         1031
  C:11E7H         LINE#         1032
  C:11E7H         LINE#         1033
  C:11EAH         LINE#         1035
  C:11EAH         LINE#         1036
  C:1206H         LINE#         1037
  C:123CH         LINE#         1038
  C:123CH         LINE#         1039
  C:1241H         LINE#         1040
  C:1269H         LINE#         1041
  C:1271H         LINE#         1042
  C:1279H         LINE#         1044
  C:128DH         LINE#         1045
  C:12A1H         LINE#         1046
  C:12B5H         LINE#         1047
  C:12C9H         LINE#         1048
  C:12DDH         LINE#         1049
  C:12F1H         LINE#         1050
  C:1300H         LINE#         1051
  C:1314H         LINE#         1052
  C:1323H         LINE#         1053
  C:1337H         LINE#         1055
  C:1346H         LINE#         1056
  C:1362H         LINE#         1057
  C:138AH         LINE#         1058
  C:138FH         LINE#         1059
  C:139DH         LINE#         1060
  C:13A0H         LINE#         1061
  C:13A3H         LINE#         1063
  C:13A3H         LINE#         1064
  C:13A6H         LINE#         1065
  C:13AFH         LINE#         1066
  C:13B6H         LINE#         1067
  C:13BAH         LINE#         1068
  C:13BAH         LINE#         1069
  C:13BAH         LINE#         1070
  C:13BAH         LINE#         1071
  C:13BAH         LINE#         1073
  C:13BDH         LINE#         1074
  C:13BDH         LINE#         1076
  C:13C8H         LINE#         1077
  C:13C8H         LINE#         1078
  C:13CDH         LINE#         1079
  C:13CDH         LINE#         1080
  C:13E1H         LINE#         1081
BL51 BANKED LINKER/LOCATER V5.03            10/15/2019  17:32:09  PAGE 28


  C:13E1H         LINE#         1082
  C:13E1H         LINE#         1083
  C:13E1H         LINE#         1084
  C:13E3H         LINE#         1086
  C:13E3H         LINE#         1087
  C:13FFH         LINE#         1088
  C:142FH         LINE#         1089
  C:142FH         LINE#         1090
  C:1436H         LINE#         1091
  C:146CH         LINE#         1092
  C:1472H         LINE#         1094
  C:1475H         LINE#         1096
  C:1475H         LINE#         1097
  C:1478H         LINE#         1098
  C:1481H         LINE#         1099
  C:148BH         LINE#         1100
  C:148DH         LINE#         1101
  C:148DH         LINE#         1102
  C:148DH         LINE#         1103
  C:148DH         LINE#         1104
  C:1490H         LINE#         1106
  C:1490H         LINE#         1107
  C:1498H         LINE#         1108
  C:1498H         LINE#         1109
  C:14ACH         LINE#         1110
  C:14D4H         LINE#         1111
  C:14DCH         LINE#         1112
  C:14E4H         LINE#         1114
  C:14F8H         LINE#         1115
  C:150CH         LINE#         1116
  C:1520H         LINE#         1117
  C:1534H         LINE#         1118
  C:1548H         LINE#         1119
  C:155CH         LINE#         1120
  C:156BH         LINE#         1121
  C:157FH         LINE#         1123
  C:158EH         LINE#         1124
  C:159DH         LINE#         1125
  C:15B1H         LINE#         1126
  C:15CDH         LINE#         1127
  C:15F5H         LINE#         1129
  C:15FAH         LINE#         1130
  C:1608H         LINE#         1131
  C:160EH         LINE#         1132
  C:160EH         LINE#         1133
  C:1611H         LINE#         1135
  C:1611H         LINE#         1136
  C:162DH         LINE#         1137
  C:1663H         LINE#         1138
  C:1663H         LINE#         1139
  C:1669H         LINE#         1140
  C:166EH         LINE#         1141
  C:1696H         LINE#         1142
  C:169EH         LINE#         1143
  C:16A6H         LINE#         1145
  C:16BAH         LINE#         1146
  C:16CEH         LINE#         1147
  C:16E2H         LINE#         1148
  C:16F6H         LINE#         1149
  C:170AH         LINE#         1150
  C:171EH         LINE#         1151
  C:172DH         LINE#         1152
  C:1741H         LINE#         1153
  C:1750H         LINE#         1154
  C:1764H         LINE#         1155
BL51 BANKED LINKER/LOCATER V5.03            10/15/2019  17:32:09  PAGE 29


  C:1773H         LINE#         1157
  C:178FH         LINE#         1158
  C:17B7H         LINE#         1159
  C:17BCH         LINE#         1160
  C:17CAH         LINE#         1161
  C:17CDH         LINE#         1162
  C:17CFH         LINE#         1164
  C:17CFH         LINE#         1165
  C:17D2H         LINE#         1166
  C:17DBH         LINE#         1167
  C:17E2H         LINE#         1168
  C:17E6H         LINE#         1169
  C:17E6H         LINE#         1170
  C:17E6H         LINE#         1171
  C:17E6H         LINE#         1172
  C:17E6H         LINE#         1174
  C:17E9H         LINE#         1175
  C:17E9H         LINE#         1176
  C:17F1H         LINE#         1177
  C:17FAH         LINE#         1178
  C:17FEH         LINE#         1179
  C:1807H         LINE#         1180
  C:180BH         LINE#         1181
  C:1814H         LINE#         1182
  C:1818H         LINE#         1183
  C:181EH         LINE#         1185
  C:181EH         LINE#         1187
  C:181EH         LINE#         1188
  C:181EH         LINE#         1189
  C:1821H         LINE#         1191
  C:1821H         LINE#         1192
  C:1829H         LINE#         1193
  C:1831H         LINE#         1194
  C:1835H         LINE#         1195
  C:183DH         LINE#         1196
  C:1841H         LINE#         1197
  C:1847H         LINE#         1199
  C:1847H         LINE#         1201
  C:1847H         LINE#         1202
  C:1847H         LINE#         1203
  C:184AH         LINE#         1205
  C:184AH         LINE#         1206
  C:1852H         LINE#         1207
  C:185AH         LINE#         1208
  C:185EH         LINE#         1209
  C:1866H         LINE#         1210
  C:186AH         LINE#         1211
  C:1872H         LINE#         1212
  C:1876H         LINE#         1213
  C:187CH         LINE#         1215
  C:187CH         LINE#         1217
  C:187CH         LINE#         1218
  C:187CH         LINE#         1219
  C:187FH         LINE#         1221
  C:187FH         LINE#         1222
  C:1887H         LINE#         1223
  C:188FH         LINE#         1224
  C:1893H         LINE#         1225
  C:189BH         LINE#         1226
  C:189FH         LINE#         1227
  C:18A7H         LINE#         1228
  C:18ABH         LINE#         1229
  C:18B1H         LINE#         1231
  C:18B1H         LINE#         1233
  C:18B1H         LINE#         1234
BL51 BANKED LINKER/LOCATER V5.03            10/15/2019  17:32:09  PAGE 30


  C:18B1H         LINE#         1235
  C:18B3H         LINE#         1237
  C:18B3H         LINE#         1238
  C:18BBH         LINE#         1239
  C:18C3H         LINE#         1240
  C:18C7H         LINE#         1241
  C:18CFH         LINE#         1242
  C:18D3H         LINE#         1243
  C:18DBH         LINE#         1244
  C:18E6H         LINE#         1245
  C:18EEH         LINE#         1246
  C:18FCH         LINE#         1247
  C:1902H         LINE#         1250
  C:1902H         LINE#         1252
  C:1902H         LINE#         1253
  C:1905H         LINE#         1254
  C:1908H         LINE#         1255
  C:1908H         LINE#         1257
  C:1913H         LINE#         1258
  C:1913H         LINE#         1259
  C:1918H         LINE#         1260
  C:1918H         LINE#         1261
  C:192CH         LINE#         1262
  C:192CH         LINE#         1263
  C:192CH         LINE#         1265
  C:192CH         LINE#         1267
  C:192EH         LINE#         1269
  C:192EH         LINE#         1270
  C:194AH         LINE#         1271
  C:197AH         LINE#         1272
  C:197AH         LINE#         1273
  C:1981H         LINE#         1274
  C:19B7H         LINE#         1275
  C:19BDH         LINE#         1277
  C:19C0H         LINE#         1279
  C:19C0H         LINE#         1280
  C:19C3H         LINE#         1281
  C:19CCH         LINE#         1282
  C:19D6H         LINE#         1283
  C:19D8H         LINE#         1284
  C:19D8H         LINE#         1285
  C:19D8H         LINE#         1286
  C:19D8H         LINE#         1287
  C:19DBH         LINE#         1289
  C:19DBH         LINE#         1290
  C:19E3H         LINE#         1291
  C:19E3H         LINE#         1292
  C:19F7H         LINE#         1293
  C:1A1FH         LINE#         1294
  C:1A27H         LINE#         1295
  C:1A2FH         LINE#         1297
  C:1A43H         LINE#         1298
  C:1A57H         LINE#         1299
  C:1A6BH         LINE#         1300
  C:1A7FH         LINE#         1301
  C:1A93H         LINE#         1302
  C:1AA7H         LINE#         1303
  C:1AB6H         LINE#         1304
  C:1ACAH         LINE#         1305
  C:1AD9H         LINE#         1306
  C:1AEDH         LINE#         1308
  C:1AFCH         LINE#         1310
  C:1B18H         LINE#         1311
  C:1B40H         LINE#         1313
  C:1B45H         LINE#         1314
BL51 BANKED LINKER/LOCATER V5.03            10/15/2019  17:32:09  PAGE 31


  C:1B53H         LINE#         1316
  C:1B59H         LINE#         1317
  C:1B59H         LINE#         1318
  C:1B5CH         LINE#         1320
  C:1B5CH         LINE#         1321
  C:1B78H         LINE#         1322
  C:1BB3H         LINE#         1323
  C:1BB3H         LINE#         1324
  C:1BB9H         LINE#         1325
  C:1BBEH         LINE#         1326
  C:1BE6H         LINE#         1327
  C:1BEEH         LINE#         1328
  C:1BF6H         LINE#         1330
  C:1C0AH         LINE#         1331
  C:1C1EH         LINE#         1332
  C:1C32H         LINE#         1333
  C:1C46H         LINE#         1334
  C:1C5AH         LINE#         1335
  C:1C6EH         LINE#         1336
  C:1C7DH         LINE#         1337
  C:1C91H         LINE#         1338
  C:1CA0H         LINE#         1339
  C:1CB4H         LINE#         1341
[...]
  C:8AABH         LINE#         175
  C:8AABH         LINE#         176
  C:8AADH         LINE#         177
  C:8AAFH         LINE#         181
  C:8AB7H         LINE#         184
  C:8AC2H         LINE#         186
  C:8AC5H         LINE#         187
  C:8AC9H         LINE#         188
  C:8AC9H         LINE#         190
  C:8ACCH         LINE#         192
  C:8ACEH         LINE#         194
  C:8ACEH         LINE#         196
  C:8AD3H         LINE#         197
  C:8AD3H         LINE#         199
  C:8AD6H         LINE#         200
  C:8AD8H         LINE#         202
  C:8AD8H         LINE#         203
  C:8ADBH         LINE#         204
  C:8ADEH         LINE#         205
  C:8AE9H         LINE#         206
  C:8AE9H         LINE#         207
  C:8AE9H         LINE#         208
  C:8AF6H         LINE#         209
  C:8AF8H         LINE#         210
  C:8AFAH         LINE#         211
  C:8AFAH         LINE#         212
  -------         ENDPROC       _FLASH_BYTEREAD
  -------         ENDMOD        FLASH_INTERNAL

  -------         MODULE        EXT_ADC
  C:0000H         SYMBOL        _ICE_DUMMY_
  D:0090H         PUBLIC        P1
  D:00A0H         PUBLIC        P2
  D:00B0H         PUBLIC        P3
  D:00C8H         PUBLIC        P4
  D:00E8H         PUBLIC        P6
  D:00F8H         PUBLIC        P7
  D:00E8H         PUBLIC        ADC0CN
  D:0084H         PUBLIC        SFRPAGE
  D:00E8H         PUBLIC        ADC2CN
  D:00A8H         PUBLIC        IE
  D:00D8H         PUBLIC        PCA0CN
  D:00B8H         PUBLIC        IP
  B:00C8H.2       PUBLIC        DATA
  B:00C8H.0       PUBLIC        READ_CONVERT
  D:00C0H         PUBLIC        SMB0CN
  D:0088H         PUBLIC        CPT0CN
  D:0088H         PUBLIC        CPT1CN
  D:00F8H         PUBLIC        SPI0CN
  D:0088H         PUBLIC        TCON
  D:00C8H         PUBLIC        TMR2CN
BL51 BANKED LINKER/LOCATER V5.03            10/15/2019  17:32:09  PAGE 84


  D:00C8H         PUBLIC        TMR3CN
  D:00C8H         PUBLIC        TMR4CN
  C:787CH         PUBLIC        ReadADCData
  D:0088H         PUBLIC        FLSTAT
  D:0098H         PUBLIC        SCON0
  D:0098H         PUBLIC        SCON1
  B:00C8H.3       PUBLIC        ADC_BUSY
  B:00C8H.1       PUBLIC        DATACLK
  D:00D0H         PUBLIC        PSW
  -------         PROC          READADCDATA
  -------         DO            
  I:009CH         SYMBOL        Counter
  I:009DH         SYMBOL        Adcvoltage1
  I:009FH         SYMBOL        Count
  -------         ENDDO         
  C:787CH         LINE#         32
  C:787CH         LINE#         33
  C:787CH         LINE#         34
  C:7880H         LINE#         38
  C:7883H         LINE#         40
  C:7885H         LINE#         41
  C:7886H         LINE#         42
  C:7888H         LINE#         43
  C:788FH         LINE#         44
  C:7891H         LINE#         45
  C:7892H         LINE#         46
  C:7894H         LINE#         47
  C:7895H         LINE#         48
  C:7897H         LINE#         50
  C:7899H         LINE#         51
  C:789CH         LINE#         52
  C:78BDH         LINE#         54
  C:78DEH         LINE#         55
  C:78E0H         LINE#         56
  C:78E1H         LINE#         58
  C:78E4H         LINE#         60
  C:78E8H         LINE#         61
  C:78E8H         LINE#         63
  C:78EAH         LINE#         64
  C:78EDH         LINE#         65
  C:790EH         LINE#         67
  C:792FH         LINE#         68
  C:7931H         LINE#         69
  C:7932H         LINE#         71
  C:7939H         LINE#         72
  C:793BH         LINE#         73
  C:793EH         LINE#         75
  C:7949H         LINE#         76
  C:7950H         LINE#         78
  C:795BH         LINE#         80
  C:7962H         LINE#         81
  -------         ENDPROC       READADCDATA
  -------         ENDMOD        EXT_ADC

  -------         MODULE        CROSSBAR
  C:0000H         SYMBOL        _ICE_DUMMY_
  D:0090H         PUBLIC        P1
  D:00FFH         PUBLIC        WDTCN
  D:00A0H         PUBLIC        P2
  D:00B0H         PUBLIC        P3
  C:9370H         PUBLIC        Timer4neMsecInterruptInit
  D:00C8H         PUBLIC        P4
  D:00E8H         PUBLIC        P6
  D:00E7H         PUBLIC        EIE2
  D:00F8H         PUBLIC        P7
BL51 BANKED LINKER/LOCATER V5.03            10/15/2019  17:32:09  PAGE 85


  D:000DH         PUBLIC        ullTimeInMilliseconds
  D:00E8H         PUBLIC        ADC0CN
  D:0084H         PUBLIC        SFRPAGE
  D:00A4H         PUBLIC        P0MDOUT
  B:00A0H.1       PUBLIC        DAQ_LED
  D:00E8H         PUBLIC        ADC2CN
  D:00A5H         PUBLIC        P1MDOUT
  D:00A8H         PUBLIC        IE
  D:00A6H         PUBLIC        P2MDOUT
  D:009CH         PUBLIC        P4MDOUT
  D:00D8H         PUBLIC        PCA0CN
  D:00B8H         PUBLIC        IP
  D:00E1H         PUBLIC        XBR0
  D:00E2H         PUBLIC        XBR1
  B:0090H.4       PUBLIC        IGNITER_ENABLE
  D:00E3H         PUBLIC        XBR2
  D:00CBH         PUBLIC        RCAP4H
  D:00C0H         PUBLIC        SMB0CN
  D:00CAH         PUBLIC        RCAP4L
  D:0088H         PUBLIC        CPT0CN
  C:680EH         PUBLIC        OneMilliSecISR
  D:0088H         PUBLIC        CPT1CN
  B:00A0H.0       PUBLIC        READY_LED
  D:00F8H         PUBLIC        SPI0CN
  D:0088H         PUBLIC        TCON
  D:00C8H         PUBLIC        TMR2CN
  D:00C8H         PUBLIC        TMR3CN
  D:00C8H         PUBLIC        TMR4CN
  B:00A0H.2       PUBLIC        SOLID_STATE_RELAY
  D:0097H         PUBLIC        CLKSEL
  D:008AH         PUBLIC        OSCICN
  B:0090H.2       PUBLIC        START_SWITCH
  B:0090H.6       PUBLIC        OUTPUT_LATCH_ENABLE
  B:00C8H.7       PUBLIC        TF4
  D:008CH         PUBLIC        OSCXCN
  D:0088H         PUBLIC        FLSTAT
  B:0021H.7       PUBLIC        IgniterFlag
  C:9436H         PUBLIC        ExternalInt0Isr
  C:0086H         PUBLIC        PortIOInit
  B:00C8H.2       PUBLIC        TR3
  B:00C8H.2       PUBLIC        TR4
  B:0022H.0       PUBLIC        OneMilliSecBit
  D:0098H         PUBLIC        SCON0
  D:0098H         PUBLIC        SCON1
  B:00A0H.3       PUBLIC        PULSE_RELAY
  D:00CDH         PUBLIC        TMR4H
  C:9301H         PUBLIC        SYSCLKInit
  D:00CCH         PUBLIC        TMR4L
  C:9427H         PUBLIC        ConfigWatchDogTimer
  C:8FCCH         PUBLIC        CygnalInit
  D:00D0H         PUBLIC        PSW
  B:00A0H.4       PUBLIC        K1RELAY
  B:00A0H.5       PUBLIC        K2RELAY
  B:00A0H.6       PUBLIC        K3RELAY
  -------         PROC          SYSCLKINIT
  -------         DO            
  D:0006H         SYMBOL        i
  -------         ENDDO         
  C:9301H         LINE#         28
  C:9301H         LINE#         29
  C:9301H         LINE#         31
  C:9304H         LINE#         32
  C:9307H         LINE#         33
  C:930AH         LINE#         34
  C:9315H         LINE#         35
BL51 BANKED LINKER/LOCATER V5.03            10/15/2019  17:32:09  PAGE 86


  C:931AH         LINE#         36
  C:931DH         LINE#         37
  C:9320H         LINE#         62
  -------         ENDPROC       SYSCLKINIT
  -------         PROC          PORTIOINIT
  C:0086H         LINE#         65
  C:0086H         LINE#         66
  C:0086H         LINE#         79
  C:0089H         LINE#         80
  C:008CH         LINE#         81
  C:008FH         LINE#         82
  C:0092H         LINE#         83
  C:0095H         LINE#         84
  C:0098H         LINE#         86
  C:009BH         LINE#         87
  C:009EH         LINE#         88
  C:00A1H         LINE#         90
  -------         ENDPROC       PORTIOINIT
  -------         PROC          EXTERNALINT0ISR
  C:9436H         LINE#         92
  C:9436H         LINE#         94
  C:9438H         LINE#         95
  -------         ENDPROC       EXTERNALINT0ISR
  -------         PROC          CONFIGWATCHDOGTIMER
  C:9427H         LINE#         98
  C:9427H         LINE#         99
  C:9427H         LINE#         100
  C:942AH         LINE#         101
  C:942DH         LINE#         102
  C:9430H         LINE#         103
  -------         ENDPROC       CONFIGWATCHDOGTIMER
  -------         PROC          TIMER4NEMSECINTERRUPTINIT
  -------         DO            
  D:0007H         SYMBOL        SFRPAGE_SAVE
  -------         ENDDO         
  C:9370H         LINE#         108
  C:9370H         LINE#         109
  C:9370H         LINE#         110
  C:9372H         LINE#         112
  C:9375H         LINE#         113
  C:9378H         LINE#         114
  C:937BH         LINE#         116
  C:937EH         LINE#         117
  C:9381H         LINE#         119
  C:9384H         LINE#         121
  C:9386H         LINE#         122
  -------         ENDPROC       TIMER4NEMSECINTERRUPTINIT
  -------         PROC          ONEMILLISECISR
  -------         DO            
  D:0007H         SYMBOL        SFRPAGE_SAVE
  D:0008H         SYMBOL        Count
  D:0009H         SYMBOL        PRTime
  -------         ENDDO         
  C:680EH         LINE#         124
  C:682BH         LINE#         131
  C:682DH         LINE#         132
  C:6846H         LINE#         133
  C:6846H         LINE#         134
  C:6848H         LINE#         135
  C:684AH         LINE#         137
  C:684AH         LINE#         138
  C:684CH         LINE#         139
  C:684CH         LINE#         141
  C:6868H         LINE#         142
  C:686AH         LINE#         143
BL51 BANKED LINKER/LOCATER V5.03            10/15/2019  17:32:09  PAGE 87


  C:6886H         LINE#         144
  C:6888H         LINE#         145
  C:6895H         LINE#         146
  C:6895H         LINE#         147
  C:68CEH         LINE#         148
  C:68E3H         LINE#         149
  C:68E5H         LINE#         150
  C:690FH         LINE#         151
  C:690FH         LINE#         152
  C:6911H         LINE#         153
  C:6913H         LINE#         154
  C:6921H         LINE#         155
  C:6921H         LINE#         156
  C:6921H         LINE#         157
  C:693DH         LINE#         158
  C:693FH         LINE#         159
  C:695BH         LINE#         160
  C:695DH         LINE#         161
  C:6979H         LINE#         162
  C:697BH         LINE#         163
  C:6997H         LINE#         164
  C:6999H         LINE#         167
  C:69B2H         LINE#         168
  C:69CCH         LINE#         169
  C:69DCH         LINE#         170
  C:69DCH         LINE#         171
  C:69DEH         LINE#         172
  C:69E1H         LINE#         173
  C:69E3H         LINE#         174
  C:69E5H         LINE#         175
  C:69E7H         LINE#         176
  C:69EAH         LINE#         177
  C:69ECH         LINE#         178
  C:69EEH         LINE#         179
  C:69F1H         LINE#         180
  C:69F9H         LINE#         181
  C:69F9H         LINE#         185
  -------         ENDPROC       ONEMILLISECISR
  -------         PROC          CYGNALINIT
  C:8FCCH         LINE#         186
  C:8FCCH         LINE#         187
  C:8FCCH         LINE#         188
  C:8FCFH         LINE#         189
  C:8FD1H         LINE#         190
  C:8FD3H         LINE#         191
  C:8FD5H         LINE#         192
  C:8FD7H         LINE#         193
  C:8FD9H         LINE#         194
  C:8FDBH         LINE#         195
  C:8FDDH         LINE#         196
  C:8FDFH         LINE#         197
  C:8FE1H         LINE#         198
  C:8FE3H         LINE#         199
  C:8FE5H         LINE#         200
  C:8FE8H         LINE#         201
  C:8FEBH         LINE#         203
  C:8FEEH         LINE#         204
  C:8FF1H         LINE#         205
  C:8FF4H         LINE#         206
  C:8FF7H         LINE#         207
  C:8FFAH         LINE#         208
  -------         ENDPROC       CYGNALINIT
  -------         ENDMOD        CROSSBAR

  -------         MODULE        ?C?FPADD
BL51 BANKED LINKER/LOCATER V5.03            10/15/2019  17:32:09  PAGE 88


  C:4495H         PUBLIC        ?C?FPADD
  C:4491H         PUBLIC        ?C?FPSUB
  -------         ENDMOD        ?C?FPADD

  -------         MODULE        ?C?FPMUL
  C:4586H         PUBLIC        ?C?FPMUL
  -------         ENDMOD        ?C?FPMUL

  -------         MODULE        ?C?FPDIV
  C:468FH         PUBLIC        ?C?FPDIV
  -------         ENDMOD        ?C?FPDIV

  -------         MODULE        ?C?FPCMP
  C:472EH         PUBLIC        ?C?FPCMP
  C:472CH         PUBLIC        ?C?FPCMP3
  -------         ENDMOD        ?C?FPCMP

  -------         MODULE        ?C?FCAST
  C:47A3H         PUBLIC        ?C?FCASTC
  C:479EH         PUBLIC        ?C?FCASTI
  C:4799H         PUBLIC        ?C?FCASTL
  -------         ENDMOD        ?C?FCAST

  -------         MODULE        ?C?CASTF
  C:47D7H         PUBLIC        ?C?CASTF
  -------         ENDMOD        ?C?CASTF

  -------         MODULE        PRINTF
  D:005DH         PUBLIC        ?_PRINTF?BYTE
  D:005DH         PUBLIC        ?_SPRINTF?BYTE
  C:60E1H         PUBLIC        _PRINTF
  C:60DBH         PUBLIC        _SPRINTF
  -------         ENDMOD        PRINTF

  -------         MODULE        ATOF
  C:8C1CH         PUBLIC        _ATOF
  -------         ENDMOD        ATOF

  -------         MODULE        ?C?FPROUND
  C:4858H         PUBLIC        ?C?FPROUND
  -------         ENDMOD        ?C?FPROUND

  -------         MODULE        ?C?FPCONVERT
  C:4887H         PUBLIC        ?C?FPCONVERT
  -------         ENDMOD        ?C?FPCONVERT

  -------         MODULE        ?C?FPNEG
  C:498AH         PUBLIC        ?C?FPNEG
  -------         ENDMOD        ?C?FPNEG

  -------         MODULE        ?C?FTNPWR
  C:49CBH         PUBLIC        ?C?FTNPWR
  -------         ENDMOD        ?C?FTNPWR

  -------         MODULE        ?C?COPY
  C:4ADBH         PUBLIC        ?C?COPY
  -------         ENDMOD        ?C?COPY

  -------         MODULE        ?C?CLDPTR
  C:4B01H         PUBLIC        ?C?CLDPTR
  -------         ENDMOD        ?C?CLDPTR

  -------         MODULE        ?C?CLDOPTR
  C:4B1AH         PUBLIC        ?C?CLDOPTR
  -------         ENDMOD        ?C?CLDOPTR
BL51 BANKED LINKER/LOCATER V5.03            10/15/2019  17:32:09  PAGE 89



  -------         MODULE        ?C?CSTPTR
  C:4B47H         PUBLIC        ?C?CSTPTR
  -------         ENDMOD        ?C?CSTPTR

  -------         MODULE        ?C?CSTOPTR
  C:4B59H         PUBLIC        ?C?CSTOPTR
  -------         ENDMOD        ?C?CSTOPTR

  -------         MODULE        ?C?IMUL
  C:4B7BH         PUBLIC        ?C?IMUL
  -------         ENDMOD        ?C?IMUL

  -------         MODULE        ?C?SIDIV
  C:4B8DH         PUBLIC        ?C?SIDIV
  -------         ENDMOD        ?C?SIDIV

  -------         MODULE        ?C?ISTOPTR
  C:4BC3H         PUBLIC        ?C?ISTOPTR
  -------         ENDMOD        ?C?ISTOPTR

  -------         MODULE        ?C?LMUL
  C:4BF0H         PUBLIC        ?C?LMUL
  -------         ENDMOD        ?C?LMUL

  -------         MODULE        ?C?ULDIV
  C:4C7BH         PUBLIC        ?C?ULDIV
  -------         ENDMOD        ?C?ULDIV

  -------         MODULE        ?C?LNEG
  C:4D0DH         PUBLIC        ?C?LNEG
  -------         ENDMOD        ?C?LNEG

  -------         MODULE        ?C?ULCMP
  C:4D1BH         PUBLIC        ?C?ULCMP
  -------         ENDMOD        ?C?ULCMP

  -------         MODULE        ?C?ULSHR
  C:4D2CH         PUBLIC        ?C?ULSHR
  -------         ENDMOD        ?C?ULSHR

  -------         MODULE        ?C?LSHL
  C:4D3FH         PUBLIC        ?C?LSHL
  -------         ENDMOD        ?C?LSHL

  -------         MODULE        ?C?LLDIDATA
  C:4D52H         PUBLIC        ?C?LLDIDATA
  -------         ENDMOD        ?C?LLDIDATA

  -------         MODULE        ?C?LLDIDATA0
  C:4D5EH         PUBLIC        ?C?LLDIDATA0
  -------         ENDMOD        ?C?LLDIDATA0

  -------         MODULE        ?C?LLDIIDATA
  C:4D74H         PUBLIC        ?C?LLDIIDATA
  C:4D6BH         PUBLIC        ?C?LLDIIDATA1
  C:4D6DH         PUBLIC        ?C?LLDIIDATA8
  -------         ENDMOD        ?C?LLDIIDATA

  -------         MODULE        ?C?LILDIDATA
  C:4D94H         PUBLIC        ?C?LILDIDATA
  C:4D8BH         PUBLIC        ?C?LILDIDATA1
  C:4D8DH         PUBLIC        ?C?LILDIDATA8
  -------         ENDMOD        ?C?LILDIDATA

BL51 BANKED LINKER/LOCATER V5.03            10/15/2019  17:32:09  PAGE 90


  -------         MODULE        ?C?LSTIDATA
  C:4DABH         PUBLIC        ?C?LSTIDATA
  -------         ENDMOD        ?C?LSTIDATA

  -------         MODULE        ?C?LSTXDATA
  C:4DB7H         PUBLIC        ?C?LSTXDATA
  -------         ENDMOD        ?C?LSTXDATA

  -------         MODULE        ?C?LSTKIDATA
  C:4DC3H         PUBLIC        ?C?LSTKIDATA
  -------         ENDMOD        ?C?LSTKIDATA

  -------         MODULE        ?C?LSTKXDATA
  C:4DDCH         PUBLIC        ?C?LSTKXDATA
  -------         ENDMOD        ?C?LSTKXDATA

  -------         MODULE        ?C?PLDIIDATA
  C:4E0DH         PUBLIC        ?C?PLDIIDATA
  -------         ENDMOD        ?C?PLDIIDATA

  -------         MODULE        ?C?CCASE
  C:4E1DH         PUBLIC        ?C?CCASE
  -------         ENDMOD        ?C?CCASE

  -------         MODULE        PUTCHAR
  C:9203H         PUBLIC        _PUTCHAR
  -------         ENDMOD        PUTCHAR

  -------         MODULE        ISSPACE
  C:9387H         PUBLIC        _isspace
  -------         ENDMOD        ISSPACE

  -------         MODULE        STRNCAT
  D:003FH         PUBLIC        ?_strncat?BYTE
  C:852CH         PUBLIC        _strncat
  -------         ENDMOD        STRNCAT

  -------         MODULE        ?C?STRCMP
  C:4FCBH         PUBLIC        ?C?STRCMP
  -------         ENDMOD        ?C?STRCMP

  -------         MODULE        STRNCMP
  D:0041H         PUBLIC        ?_strncmp?BYTE
  C:88D1H         PUBLIC        _strncmp
  -------         ENDMOD        STRNCMP

  -------         MODULE        ?C?STRCPY
  C:50B4H         PUBLIC        ?C?STRCPY
  -------         ENDMOD        ?C?STRCPY

  -------         MODULE        STRLEN
  C:0026H         PUBLIC        _STRLEN
  -------         ENDMOD        STRLEN

  -------         MODULE        STRTOK
  D:003FH         PUBLIC        ?_strtok?BYTE
  C:8638H         PUBLIC        _strtok
  -------         ENDMOD        STRTOK

  -------         MODULE        ATOL
  C:7C0BH         PUBLIC        _atol
  -------         ENDMOD        ATOL

  -------         MODULE        ATOI
  C:82C3H         PUBLIC        _atoi
BL51 BANKED LINKER/LOCATER V5.03            10/15/2019  17:32:09  PAGE 91


  -------         ENDMOD        ATOI

  -------         MODULE        ?C?MEMSET
  C:50D1H         PUBLIC        ?C?MEMSET
  -------         ENDMOD        ?C?MEMSET

  -------         MODULE        ?C?UIDIV
  C:50FDH         PUBLIC        ?C?UIDIV
  -------         ENDMOD        ?C?UIDIV

  -------         MODULE        ISDIGIT
  C:93DDH         PUBLIC        _isdigit
  -------         ENDMOD        ISDIGIT

  -------         MODULE        STRSPN
  D:0045H         PUBLIC        ?_strspn?BYTE
  C:8934H         PUBLIC        _strspn
  -------         ENDMOD        STRSPN

  -------         MODULE        STRPBRK
  D:0045H         PUBLIC        ?_strpbrk?BYTE
  C:89F4H         PUBLIC        _strpbrk
  -------         ENDMOD        STRPBRK

Program Size: data=174.2 xdata=4172 code=37942
LINK/LOCATE RUN COMPLETE.  0 WARNING(S),  0 ERROR(S)
